#
# There is insufficient memory for the Java Runtime Environment to continue.
# Native memory allocation (malloc) failed to allocate 1719888 bytes. Error detail: Chunk::new
# Possible reasons:
#   The system is out of physical RAM or swap space
#   This process is running with CompressedOops enabled, and the Java Heap may be blocking the growth of the native heap
# Possible solutions:
#   Reduce memory load on the system
#   Increase physical memory or swap space
#   Check if swap backing store is full
#   Decrease Java heap size (-Xmx/-Xms)
#   Decrease number of Java threads
#   Decrease Java thread stack sizes (-Xss)
#   Set larger code cache with -XX:ReservedCodeCacheSize=
#   JVM is running with Unscaled Compressed Oops mode in which the Java heap is
#     placed in the first 4GB address space. The Java Heap base address is the
#     maximum limit for the native heap growth. Please use -XX:HeapBaseMinAddress
#     to set the Java Heap base and to place the Java Heap above 4GB virtual address.
# This output file may be truncated or incomplete.
#
#  Out of Memory Error (arena.cpp:168), pid=13136, tid=29808
#
# JRE version: OpenJDK Runtime Environment Temurin-21.0.10+7 (21.0.10+7) (build 21.0.10+7-LTS)
# Java VM: OpenJDK 64-Bit Server VM Temurin-21.0.10+7 (21.0.10+7-LTS, mixed mode, sharing, tiered, compressed oops, compressed class ptrs, parallel gc, windows-amd64)
# No core dump will be written. Minidumps are not enabled by default on client versions of Windows
#

---------------  S U M M A R Y ------------

Command Line: --add-modules=ALL-SYSTEM --add-opens=java.base/java.util=ALL-UNNAMED --add-opens=java.base/java.lang=ALL-UNNAMED --add-opens=java.base/sun.nio.fs=ALL-UNNAMED -Declipse.application=org.eclipse.jdt.ls.core.id1 -Dosgi.bundles.defaultStartLevel=4 -Declipse.product=org.eclipse.jdt.ls.core.product -Djava.import.generatesMetadataFilesAtProjectRoot=false -DDetectVMInstallationsJob.disabled=true -Dfile.encoding=utf8 -XX:+UseParallelGC -XX:GCTimeRatio=4 -XX:AdaptiveSizePolicyWeight=90 -Dsun.zip.disableMemoryMapping=true -Xmx2G -Xms100m -Xlog:disable -javaagent:c:\Users\HP\.antigravity\extensions\redhat.java-1.53.0-win32-x64\lombok\lombok-1.18.39-4050.jar -XX:+HeapDumpOnOutOfMemoryError -XX:HeapDumpPath=c:\Users\HP\AppData\Roaming\Antigravity\User\workspaceStorage\10cac1632d26cc84e9e60fa305b98b85\redhat.java -Daether.dependencyCollector.impl=bf c:\Users\HP\.antigravity\extensions\redhat.java-1.53.0-win32-x64\server\plugins\org.eclipse.equinox.launcher_1.7.100.v20251111-0406.jar -configuration c:\Users\HP\AppData\Roaming\Antigravity\User\globalStorage\redhat.java\1.53.0\config_win -data c:\Users\HP\AppData\Roaming\Antigravity\User\workspaceStorage\10cac1632d26cc84e9e60fa305b98b85\redhat.java\jdt_ws --pipe=\\.\pipe\lsp-c1df3bd5509dbb88315d5bab1f98bd1a-sock

Host: 13th Gen Intel(R) Core(TM) i7-13620H, 16 cores, 31G,  Windows 11 , 64 bit Build 26100 (10.0.26100.8115)
Time: Sun Apr 12 17:47:44 2026 India Standard Time elapsed time: 3558.288356 seconds (0d 0h 59m 18s)

---------------  T H R E A D  ---------------

Current thread (0x0000013e6af4fe00):  JavaThread "C2 CompilerThread3" daemon [_thread_in_native, id=29808, stack(0x0000003e3f200000,0x0000003e3f300000) (1024K)]


Current CompileTask:
C2:3558288 17096   !   4       org.eclipse.jdt.internal.core.JavaProjectElementInfo::newNameLookup (405 bytes)

Stack: [0x0000003e3f200000,0x0000003e3f300000]
Native frames: (J=compiled Java code, j=interpreted, Vv=VM code, C=native code)
V  [jvm.dll+0x6d7a39]
V  [jvm.dll+0x8b4b26]
V  [jvm.dll+0x8b70de]
V  [jvm.dll+0x8b77c3]
V  [jvm.dll+0x284346]
V  [jvm.dll+0xc66ed]
V  [jvm.dll+0xc6c31]
V  [jvm.dll+0x3bec3b]
V  [jvm.dll+0x1e3f69]
V  [jvm.dll+0x24c6b3]
V  [jvm.dll+0x24bb40]
V  [jvm.dll+0x1cb34e]
V  [jvm.dll+0x25b85d]
V  [jvm.dll+0x259dea]
V  [jvm.dll+0x3f857e]
V  [jvm.dll+0x85f59d]
V  [jvm.dll+0x6d626d]
C  [ucrtbase.dll+0x37b0]
C  [KERNEL32.DLL+0x2e8d7]
C  [ntdll.dll+0x8c3fc]


---------------  P R O C E S S  ---------------

Threads class SMR info:
_java_thread_list=0x0000013e62df6cb0, length=54, elements={
0x0000013e48b5c980, 0x0000013e48fa3fa0, 0x0000013e48fa49d0, 0x0000013e48faefb0,
0x0000013e48fb1c30, 0x0000013e48fb01f0, 0x0000013e48fb15a0, 0x0000013e48fbe760,
0x0000013e62b91260, 0x0000013e48fb0880, 0x0000013e48fb22c0, 0x0000013e48fafb60,
0x0000013e48fb2950, 0x0000013e48fb2fe0, 0x0000013e692b7a00, 0x0000013e692b4580,
0x0000013e692b5930, 0x0000013e692b7370, 0x0000013e692b52a0, 0x0000013e692b9440,
0x0000013e692b6ce0, 0x0000013e692bae80, 0x0000013e692ba7f0, 0x0000013e692bb510,
0x0000013e692bbba0, 0x0000013e6b025730, 0x0000013e6b023660, 0x0000013e6b023cf0,
0x0000013e6b022940, 0x0000013e6b024380, 0x0000013e6b025dc0, 0x0000013e6b026450,
0x0000013e6b022fd0, 0x0000013e6b026ae0, 0x0000013e6b027170, 0x0000013e6b0250a0,
0x0000013e6b027800, 0x0000013e6b027e90, 0x0000013e6b024a10, 0x0000013e6b028520,
0x0000013e6adae4e0, 0x0000013e766da270, 0x0000013e6b9b1f40, 0x0000013e6b9b25d0,
0x0000013e6af4dbf0, 0x0000013e6b9b3980, 0x0000013e6b9b0b90, 0x0000013e6b9b60e0,
0x0000013e6b9b7490, 0x0000013e6b9b6e00, 0x0000013e6b9b7b20, 0x0000013e6af4a570,
0x0000013e6af4fe00, 0x0000013e6af4e2c0
}

Java Threads: ( => current thread )
  0x0000013e48b5c980 JavaThread "main"                              [_thread_blocked, id=14128, stack(0x0000003e3c800000,0x0000003e3c900000) (1024K)]
  0x0000013e48fa3fa0 JavaThread "Reference Handler"          daemon [_thread_blocked, id=15972, stack(0x0000003e3cc00000,0x0000003e3cd00000) (1024K)]
  0x0000013e48fa49d0 JavaThread "Finalizer"                  daemon [_thread_blocked, id=10168, stack(0x0000003e3cd00000,0x0000003e3ce00000) (1024K)]
  0x0000013e48faefb0 JavaThread "Signal Dispatcher"          daemon [_thread_blocked, id=21432, stack(0x0000003e3ce00000,0x0000003e3cf00000) (1024K)]
  0x0000013e48fb1c30 JavaThread "Attach Listener"            daemon [_thread_blocked, id=24380, stack(0x0000003e3cf00000,0x0000003e3d000000) (1024K)]
  0x0000013e48fb01f0 JavaThread "Service Thread"             daemon [_thread_blocked, id=23996, stack(0x0000003e3d000000,0x0000003e3d100000) (1024K)]
  0x0000013e48fb15a0 JavaThread "Monitor Deflation Thread"   daemon [_thread_blocked, id=22492, stack(0x0000003e3d100000,0x0000003e3d200000) (1024K)]
  0x0000013e48fbe760 JavaThread "C2 CompilerThread0"         daemon [_thread_blocked, id=22796, stack(0x0000003e3d200000,0x0000003e3d300000) (1024K)]
  0x0000013e62b91260 JavaThread "C1 CompilerThread0"         daemon [_thread_blocked, id=17332, stack(0x0000003e3d300000,0x0000003e3d400000) (1024K)]
  0x0000013e48fb0880 JavaThread "Common-Cleaner"             daemon [_thread_blocked, id=7776, stack(0x0000003e3d500000,0x0000003e3d600000) (1024K)]
  0x0000013e48fb22c0 JavaThread "Notification Thread"        daemon [_thread_blocked, id=17456, stack(0x0000003e3d900000,0x0000003e3da00000) (1024K)]
  0x0000013e48fafb60 JavaThread "Active Thread: Equinox Container: ba300680-80b5-4f79-8b49-9d997762ac42"        [_thread_blocked, id=4336, stack(0x0000003e3e300000,0x0000003e3e400000) (1024K)]
  0x0000013e48fb2950 JavaThread "Refresh Thread: Equinox Container: ba300680-80b5-4f79-8b49-9d997762ac42" daemon [_thread_blocked, id=7328, stack(0x0000003e3e500000,0x0000003e3e600000) (1024K)]
  0x0000013e48fb2fe0 JavaThread "Framework Event Dispatcher: Equinox Container: ba300680-80b5-4f79-8b49-9d997762ac42" daemon [_thread_blocked, id=20988, stack(0x0000003e3e600000,0x0000003e3e700000) (1024K)]
  0x0000013e692b7a00 JavaThread "Start Level: Equinox Container: ba300680-80b5-4f79-8b49-9d997762ac42" daemon [_thread_blocked, id=23264, stack(0x0000003e3e700000,0x0000003e3e800000) (1024K)]
  0x0000013e692b4580 JavaThread "Bundle File Closer"         daemon [_thread_blocked, id=10888, stack(0x0000003e3eb00000,0x0000003e3ec00000) (1024K)]
  0x0000013e692b5930 JavaThread "SCR Component Actor"        daemon [_thread_blocked, id=24276, stack(0x0000003e3ec00000,0x0000003e3ed00000) (1024K)]
  0x0000013e692b7370 JavaThread "Worker-JM"                         [_thread_blocked, id=21772, stack(0x0000003e3ed00000,0x0000003e3ee00000) (1024K)]
  0x0000013e692b52a0 JavaThread "JNA Cleaner"                daemon [_thread_blocked, id=12916, stack(0x0000003e3f000000,0x0000003e3f100000) (1024K)]
  0x0000013e692b9440 JavaThread "Java indexing"              daemon [_thread_blocked, id=23044, stack(0x0000003e3f400000,0x0000003e3f500000) (1024K)]
  0x0000013e692b6ce0 JavaThread "Thread-1"                   daemon [_thread_in_native, id=3280, stack(0x0000003e3f900000,0x0000003e3fa00000) (1024K)]
  0x0000013e692bae80 JavaThread "Thread-2"                   daemon [_thread_in_native, id=2488, stack(0x0000003e3fa00000,0x0000003e3fb00000) (1024K)]
  0x0000013e692ba7f0 JavaThread "Thread-3"                   daemon [_thread_in_native, id=14968, stack(0x0000003e3fb00000,0x0000003e3fc00000) (1024K)]
  0x0000013e692bb510 JavaThread "Thread-4"                   daemon [_thread_in_native, id=10748, stack(0x0000003e3fc00000,0x0000003e3fd00000) (1024K)]
  0x0000013e692bbba0 JavaThread "Thread-5"                   daemon [_thread_in_native, id=20300, stack(0x0000003e3fd00000,0x0000003e3fe00000) (1024K)]
  0x0000013e6b025730 JavaThread "Thread-6"                   daemon [_thread_in_native, id=22920, stack(0x0000003e3fe00000,0x0000003e3ff00000) (1024K)]
  0x0000013e6b023660 JavaThread "Thread-7"                   daemon [_thread_in_native, id=18884, stack(0x0000003e3ff00000,0x0000003e40000000) (1024K)]
  0x0000013e6b023cf0 JavaThread "Thread-8"                   daemon [_thread_in_native, id=21568, stack(0x0000003e40000000,0x0000003e40100000) (1024K)]
  0x0000013e6b022940 JavaThread "Thread-9"                   daemon [_thread_in_native, id=12596, stack(0x0000003e40100000,0x0000003e40200000) (1024K)]
  0x0000013e6b024380 JavaThread "Thread-10"                  daemon [_thread_in_native, id=13984, stack(0x0000003e40200000,0x0000003e40300000) (1024K)]
  0x0000013e6b025dc0 JavaThread "Thread-11"                  daemon [_thread_in_native, id=6240, stack(0x0000003e40300000,0x0000003e40400000) (1024K)]
  0x0000013e6b026450 JavaThread "Thread-12"                  daemon [_thread_in_native, id=884, stack(0x0000003e40400000,0x0000003e40500000) (1024K)]
  0x0000013e6b022fd0 JavaThread "Thread-13"                  daemon [_thread_in_native, id=6776, stack(0x0000003e40500000,0x0000003e40600000) (1024K)]
  0x0000013e6b026ae0 JavaThread "Thread-14"                  daemon [_thread_in_native, id=24272, stack(0x0000003e40600000,0x0000003e40700000) (1024K)]
  0x0000013e6b027170 JavaThread "Thread-15"                  daemon [_thread_in_native, id=3632, stack(0x0000003e40700000,0x0000003e40800000) (1024K)]
  0x0000013e6b0250a0 JavaThread "Thread-16"                  daemon [_thread_in_native, id=5852, stack(0x0000003e40800000,0x0000003e40900000) (1024K)]
  0x0000013e6b027800 JavaThread "Thread-17"                  daemon [_thread_in_native, id=15348, stack(0x0000003e40900000,0x0000003e40a00000) (1024K)]
  0x0000013e6b027e90 JavaThread "pool-2-thread-1"                   [_thread_blocked, id=12208, stack(0x0000003e40a00000,0x0000003e40b00000) (1024K)]
  0x0000013e6b024a10 JavaThread "WorkspaceEventsHandler"            [_thread_blocked, id=3612, stack(0x0000003e40e00000,0x0000003e40f00000) (1024K)]
  0x0000013e6b028520 JavaThread "pool-1-thread-1"                   [_thread_blocked, id=20952, stack(0x0000003e40f00000,0x0000003e41000000) (1024K)]
  0x0000013e6adae4e0 JavaThread "pool-3-thread-1"                   [_thread_blocked, id=10128, stack(0x0000003e3d400000,0x0000003e3d500000) (1024K)]
  0x0000013e766da270 JavaThread "Worker-10"                         [_thread_blocked, id=23984, stack(0x0000003e41400000,0x0000003e41500000) (1024K)]
  0x0000013e6b9b1f40 JavaThread "Worker-18"                         [_thread_blocked, id=26816, stack(0x0000003e3c500000,0x0000003e3c600000) (1024K)]
  0x0000013e6b9b25d0 JavaThread "Worker-19"                         [_thread_blocked, id=4924, stack(0x0000003e3c600000,0x0000003e3c700000) (1024K)]
  0x0000013e6af4dbf0 JavaThread "C2 CompilerThread1"         daemon [_thread_blocked, id=27024, stack(0x0000003e3c700000,0x0000003e3c800000) (1024K)]
  0x0000013e6b9b3980 JavaThread "Worker-20: Java indexing... "        [_thread_blocked, id=4480, stack(0x0000003e3d800000,0x0000003e3d900000) (1024K)]
  0x0000013e6b9b0b90 JavaThread "Worker-21: Building"               [_thread_blocked, id=29532, stack(0x0000003e3da00000,0x0000003e3db00000) (1024K)]
  0x0000013e6b9b60e0 JavaThread "Worker-22: Register Watchers"        [_thread_blocked, id=11464, stack(0x0000003e3d700000,0x0000003e3d800000) (1024K)]
  0x0000013e6b9b7490 JavaThread "ForkJoinPool.commonPool-worker-20" daemon [_thread_blocked, id=27036, stack(0x0000003e3d600000,0x0000003e3d700000) (1024K)]
  0x0000013e6b9b6e00 JavaThread "ForkJoinPool.commonPool-worker-21" daemon [_thread_blocked, id=16444, stack(0x0000003e3e100000,0x0000003e3e200000) (1024K)]
  0x0000013e6b9b7b20 JavaThread "ForkJoinPool.commonPool-worker-22" daemon [_thread_blocked, id=27816, stack(0x0000003e3e200000,0x0000003e3e300000) (1024K)]
  0x0000013e6af4a570 JavaThread "C2 CompilerThread2"         daemon [_thread_blocked, id=29988, stack(0x0000003e3f100000,0x0000003e3f200000) (1024K)]
=>0x0000013e6af4fe00 JavaThread "C2 CompilerThread3"         daemon [_thread_in_native, id=29808, stack(0x0000003e3f200000,0x0000003e3f300000) (1024K)]
  0x0000013e6af4e2c0 JavaThread "C2 CompilerThread4"         daemon [_thread_blocked, id=22848, stack(0x0000003e3f300000,0x0000003e3f400000) (1024K)]
Total: 54

Other Threads:
  0x0000013e48fa3790 VMThread "VM Thread"                           [id=10956, stack(0x0000003e3cb00000,0x0000003e3cc00000) (1024K)]
  0x0000013e6159ba00 WatcherThread "VM Periodic Task Thread"        [id=15712, stack(0x0000003e3ca00000,0x0000003e3cb00000) (1024K)]
  0x0000013e48f1d190 WorkerThread "GC Thread#0"                     [id=21068, stack(0x0000003e3c900000,0x0000003e3ca00000) (1024K)]
  0x0000013e649ba160 WorkerThread "GC Thread#1"                     [id=9752, stack(0x0000003e3db00000,0x0000003e3dc00000) (1024K)]
  0x0000013e69163300 WorkerThread "GC Thread#2"                     [id=22812, stack(0x0000003e3dc00000,0x0000003e3dd00000) (1024K)]
  0x0000013e64a5c690 WorkerThread "GC Thread#3"                     [id=4740, stack(0x0000003e3dd00000,0x0000003e3de00000) (1024K)]
  0x0000013e64a5ca40 WorkerThread "GC Thread#4"                     [id=888, stack(0x0000003e3de00000,0x0000003e3df00000) (1024K)]
  0x0000013e64795ed0 WorkerThread "GC Thread#5"                     [id=10932, stack(0x0000003e3df00000,0x0000003e3e000000) (1024K)]
  0x0000013e64796ea0 WorkerThread "GC Thread#6"                     [id=17212, stack(0x0000003e3e000000,0x0000003e3e100000) (1024K)]
  0x0000013e649ac5f0 WorkerThread "GC Thread#7"                     [id=11460, stack(0x0000003e3e400000,0x0000003e3e500000) (1024K)]
  0x0000013e64846010 WorkerThread "GC Thread#8"                     [id=22840, stack(0x0000003e3e800000,0x0000003e3e900000) (1024K)]
  0x0000013e6928cc40 WorkerThread "GC Thread#9"                     [id=14716, stack(0x0000003e3e900000,0x0000003e3ea00000) (1024K)]
  0x0000013e694fdd00 WorkerThread "GC Thread#10"                    [id=10916, stack(0x0000003e3ea00000,0x0000003e3eb00000) (1024K)]
  0x0000013e6963e9e0 WorkerThread "GC Thread#11"                    [id=6180, stack(0x0000003e3ee00000,0x0000003e3ef00000) (1024K)]
  0x0000013e6963e630 WorkerThread "GC Thread#12"                    [id=5184, stack(0x0000003e3ef00000,0x0000003e3f000000) (1024K)]
Total: 15

Threads with active compile tasks:
C2 CompilerThread3  3558313 17096   !   4       org.eclipse.jdt.internal.core.JavaProjectElementInfo::newNameLookup (405 bytes)
Total: 1

VM state: at safepoint (normal execution)

VM Mutex/Monitor currently owned by a thread:  ([mutex/lock_event])
[0x00007ff9c083e560] Threads_lock - owner thread: 0x0000013e48fa3790
[0x00007ff9c083e660] Heap_lock - owner thread: 0x0000013e6b9b0b90

Heap address: 0x0000000080000000, size: 2048 MB, Compressed Oops mode: 32-bit

CDS archive(s) mapped at: [0x0000013e00000000-0x0000013e00ba0000-0x0000013e00ba0000), size 12189696, SharedBaseAddress: 0x0000013e00000000, ArchiveRelocationMode: 1.
Compressed class space mapped at: 0x0000013e01000000-0x0000013e41000000, reserved size: 1073741824
Narrow klass base: 0x0000013e00000000, Narrow klass shift: 0, Narrow klass range: 0x100000000

GC Precious Log:
 CardTable entry size: 512
 CPUs: 16 total, 16 available
 Memory: 32461M
 Large Page Support: Disabled
 NUMA Support: Disabled
 Compressed Oops: Enabled (32-bit)
 Alignments: Space 512K, Generation 512K, Heap 2M
 Heap Min Capacity: 100M
 Heap Initial Capacity: 100M
 Heap Max Capacity: 2G
 Pre-touch: Disabled
 Parallel Workers: 13

Heap:
 PSYoungGen      total 6656K, used 1009K [0x00000000d5580000, 0x00000000d5d00000, 0x0000000100000000)
  eden space 5632K, 0% used [0x00000000d5580000,0x00000000d5580000,0x00000000d5b00000)
  from space 1024K, 98% used [0x00000000d5c00000,0x00000000d5cfc700,0x00000000d5d00000)
  to   space 1024K, 0% used [0x00000000d5b00000,0x00000000d5b00000,0x00000000d5c00000)
 ParOldGen       total 234496K, used 234233K [0x0000000080000000, 0x000000008e500000, 0x00000000d5580000)
  object space 234496K, 99% used [0x0000000080000000,0x000000008e4be790,0x000000008e500000)
 Metaspace       used 70095K, committed 71872K, reserved 1114112K
  class space    used 6962K, committed 7744K, reserved 1048576K

Card table byte_map: [0x0000013e5c9d0000,0x0000013e5cde0000] _byte_map_base: 0x0000013e5c5d0000

Marking Bits: (ParMarkBitMap*) 0x00007ff9c0843450
 Begin Bits: [0x0000013e5d090000, 0x0000013e5f090000)
 End Bits:   [0x0000013e5f090000, 0x0000013e61090000)

Polling page: 0x0000013e4d7c0000

Metaspace:

Usage:
  Non-class:     61.65 MB used.
      Class:      6.80 MB used.
       Both:     68.45 MB used.

Virtual space:
  Non-class space:       64.00 MB reserved,      62.62 MB ( 98%) committed,  1 nodes.
      Class space:        1.00 GB reserved,       7.56 MB ( <1%) committed,  1 nodes.
             Both:        1.06 GB reserved,      70.19 MB (  6%) committed. 

Chunk freelists:
   Non-Class:  1.22 MB
       Class:  8.64 MB
        Both:  9.86 MB

MaxMetaspaceSize: unlimited
CompressedClassSpaceSize: 1.00 GB
Initial GC threshold: 21.00 MB
Current GC threshold: 116.81 MB
CDS: on
 - commit_granule_bytes: 65536.
 - commit_granule_words: 8192.
 - virtual_space_node_default_size: 8388608.
 - enlarge_chunks_in_place: 1.
 - use_allocation_guard: 0.


Internal statistics:

num_allocs_failed_limit: 9.
num_arena_births: 1366.
num_arena_deaths: 368.
num_vsnodes_births: 2.
num_vsnodes_deaths: 0.
num_space_committed: 1123.
num_space_uncommitted: 0.
num_chunks_returned_to_freelist: 414.
num_chunks_taken_from_freelist: 5015.
num_chunk_merges: 114.
num_chunk_splits: 2871.
num_chunks_enlarged: 1422.
num_inconsistent_stats: 0.

CodeHeap 'non-profiled nmethods': size=119168Kb used=14367Kb max_used=17100Kb free=104800Kb
 bounds [0x0000013e55380000, 0x0000013e56440000, 0x0000013e5c7e0000]
CodeHeap 'profiled nmethods': size=119104Kb used=28459Kb max_used=36947Kb free=90644Kb
 bounds [0x0000013e4d7e0000, 0x0000013e4fc00000, 0x0000013e54c30000]
CodeHeap 'non-nmethods': size=7488Kb used=1447Kb max_used=3229Kb free=6040Kb
 bounds [0x0000013e54c30000, 0x0000013e54f70000, 0x0000013e55380000]
CodeCache: size=245760Kb, used=44273Kb, max_used=57276Kb, free=201484Kb
 total_blobs=13190, nmethods=12427, adapters=665, full_count=0
Compilation: enabled, stopped_count=0, restarted_count=0

Compilation events (20 events):
Event: 3557.881 Thread 0x0000013e6af4a570 17092       4       org.eclipse.core.internal.jobs.JobManager::wakeUp (53 bytes)
Event: 3557.894 Thread 0x0000013e6af4a570 nmethod 17092 0x0000013e562cb610 code [0x0000013e562cb840, 0x0000013e562cc108]
Event: 3557.948 Thread 0x0000013e62b91260 17093       3       java.util.ImmutableCollections$Map1::entrySet (19 bytes)
Event: 3557.948 Thread 0x0000013e62b91260 nmethod 17093 0x0000013e4daba190 code [0x0000013e4daba3c0, 0x0000013e4dabac10]
Event: 3557.955 Thread 0x0000013e6af4fe00 17094       4       org.eclipse.jdt.core.Signature::appendTypeSignature (513 bytes)
Event: 3557.958 Thread 0x0000013e6af4fe00 nmethod 17094 0x0000013e55944d10 code [0x0000013e55944fa0, 0x0000013e559455b8]
Event: 3558.003 Thread 0x0000013e6af4fe00 17095   !   4       java.nio.file.Files::walkFileTree (297 bytes)
Event: 3558.041 Thread 0x0000013e6af4fe00 nmethod 17095 0x0000013e55b4c010 code [0x0000013e55b4c500, 0x0000013e55b4efd8]
Event: 3558.109 Thread 0x0000013e6af4fe00 17096   !   4       org.eclipse.jdt.internal.core.JavaProjectElementInfo::newNameLookup (405 bytes)
Event: 3558.118 Thread 0x0000013e62b91260 17097       3       java.util.ArrayList::equalsArrayList (108 bytes)
Event: 3558.118 Thread 0x0000013e62b91260 nmethod 17097 0x0000013e4d81cd10 code [0x0000013e4d81cf40, 0x0000013e4d81d708]
Event: 3558.131 Thread 0x0000013e62b91260 17098       3       org.eclipse.jdt.internal.core.search.indexing.BinaryIndexer::indexTypeReference (18 bytes)
Event: 3558.131 Thread 0x0000013e62b91260 nmethod 17098 0x0000013e4daed490 code [0x0000013e4daed640, 0x0000013e4daed828]
Event: 3558.142 Thread 0x0000013e6af4e2c0 nmethod 17051 0x0000013e55c82490 code [0x0000013e55c835a0, 0x0000013e55c8fcb8]
Event: 3558.146 Thread 0x0000013e6af4dbf0 17099   !   4       org.eclipse.core.internal.jobs.JobManager::select (160 bytes)
Event: 3558.146 Thread 0x0000013e62b91260 17100  s    3       org.eclipse.jdt.internal.core.search.processing.JobManager::isEnabled (11 bytes)
Event: 3558.146 Thread 0x0000013e62b91260 nmethod 17100 0x0000013e4da2a790 code [0x0000013e4da2a940, 0x0000013e4da2abb0]
Event: 3558.215 Thread 0x0000013e6af4dbf0 nmethod 17099 0x0000013e55a1cb90 code [0x0000013e55a1cf80, 0x0000013e55a20290]
Event: 3558.236 Thread 0x0000013e6af4dbf0 17101       4       java.util.zip.ZipFile$ZipEntryIterator::hasNext (17 bytes)
Event: 3558.237 Thread 0x0000013e6af4dbf0 nmethod 17101 0x0000013e55b5b890 code [0x0000013e55b5ba20, 0x0000013e55b5bac0]

GC Heap History (20 events):
Event: 3558.195 GC heap after
{Heap after GC invocations=1936 (full 5):
 PSYoungGen      total 6656K, used 594K [0x00000000d5580000, 0x00000000d5d00000, 0x0000000100000000)
  eden space 5632K, 0% used [0x00000000d5580000,0x00000000d5580000,0x00000000d5b00000)
  from space 1024K, 58% used [0x00000000d5c00000,0x00000000d5c94a38,0x00000000d5d00000)
  to   space 1024K, 0% used [0x00000000d5b00000,0x00000000d5b00000,0x00000000d5c00000)
 ParOldGen       total 228352K, used 228027K [0x0000000080000000, 0x000000008df00000, 0x00000000d5580000)
  object space 228352K, 99% used [0x0000000080000000,0x000000008deaedd0,0x000000008df00000)
 Metaspace       used 70095K, committed 71872K, reserved 1114112K
  class space    used 6962K, committed 7744K, reserved 1048576K
}
Event: 3558.198 GC heap before
{Heap before GC invocations=1937 (full 5):
 PSYoungGen      total 6656K, used 6226K [0x00000000d5580000, 0x00000000d5d00000, 0x0000000100000000)
  eden space 5632K, 100% used [0x00000000d5580000,0x00000000d5b00000,0x00000000d5b00000)
  from space 1024K, 58% used [0x00000000d5c00000,0x00000000d5c94a38,0x00000000d5d00000)
  to   space 1024K, 0% used [0x00000000d5b00000,0x00000000d5b00000,0x00000000d5c00000)
 ParOldGen       total 228352K, used 228027K [0x0000000080000000, 0x000000008df00000, 0x00000000d5580000)
  object space 228352K, 99% used [0x0000000080000000,0x000000008deaedd0,0x000000008df00000)
 Metaspace       used 70095K, committed 71872K, reserved 1114112K
  class space    used 6962K, committed 7744K, reserved 1048576K
}
Event: 3558.199 GC heap after
{Heap after GC invocations=1937 (full 5):
 PSYoungGen      total 6656K, used 719K [0x00000000d5580000, 0x00000000d5d00000, 0x0000000100000000)
  eden space 5632K, 0% used [0x00000000d5580000,0x00000000d5580000,0x00000000d5b00000)
  from space 1024K, 70% used [0x00000000d5b00000,0x00000000d5bb3d80,0x00000000d5c00000)
  to   space 1024K, 0% used [0x00000000d5c00000,0x00000000d5c00000,0x00000000d5d00000)
 ParOldGen       total 228864K, used 228501K [0x0000000080000000, 0x000000008df80000, 0x00000000d5580000)
  object space 228864K, 99% used [0x0000000080000000,0x000000008df257b0,0x000000008df80000)
 Metaspace       used 70095K, committed 71872K, reserved 1114112K
  class space    used 6962K, committed 7744K, reserved 1048576K
}
Event: 3558.202 GC heap before
{Heap before GC invocations=1938 (full 5):
 PSYoungGen      total 6656K, used 6351K [0x00000000d5580000, 0x00000000d5d00000, 0x0000000100000000)
  eden space 5632K, 100% used [0x00000000d5580000,0x00000000d5b00000,0x00000000d5b00000)
  from space 1024K, 70% used [0x00000000d5b00000,0x00000000d5bb3d80,0x00000000d5c00000)
  to   space 1024K, 0% used [0x00000000d5c00000,0x00000000d5c00000,0x00000000d5d00000)
 ParOldGen       total 228864K, used 228501K [0x0000000080000000, 0x000000008df80000, 0x00000000d5580000)
  object space 228864K, 99% used [0x0000000080000000,0x000000008df257b0,0x000000008df80000)
 Metaspace       used 70095K, committed 71872K, reserved 1114112K
  class space    used 6962K, committed 7744K, reserved 1048576K
}
Event: 3558.203 GC heap after
{Heap after GC invocations=1938 (full 5):
 PSYoungGen      total 6656K, used 721K [0x00000000d5580000, 0x00000000d5d00000, 0x0000000100000000)
  eden space 5632K, 0% used [0x00000000d5580000,0x00000000d5580000,0x00000000d5b00000)
  from space 1024K, 70% used [0x00000000d5c00000,0x00000000d5cb4608,0x00000000d5d00000)
  to   space 1024K, 0% used [0x00000000d5b00000,0x00000000d5b00000,0x00000000d5c00000)
 ParOldGen       total 229376K, used 228976K [0x0000000080000000, 0x000000008e000000, 0x00000000d5580000)
  object space 229376K, 99% used [0x0000000080000000,0x000000008df9c108,0x000000008e000000)
 Metaspace       used 70095K, committed 71872K, reserved 1114112K
  class space    used 6962K, committed 7744K, reserved 1048576K
}
Event: 3558.208 GC heap before
{Heap before GC invocations=1939 (full 5):
 PSYoungGen      total 6656K, used 6353K [0x00000000d5580000, 0x00000000d5d00000, 0x0000000100000000)
  eden space 5632K, 100% used [0x00000000d5580000,0x00000000d5b00000,0x00000000d5b00000)
  from space 1024K, 70% used [0x00000000d5c00000,0x00000000d5cb4608,0x00000000d5d00000)
  to   space 1024K, 0% used [0x00000000d5b00000,0x00000000d5b00000,0x00000000d5c00000)
 ParOldGen       total 229376K, used 228976K [0x0000000080000000, 0x000000008e000000, 0x00000000d5580000)
  object space 229376K, 99% used [0x0000000080000000,0x000000008df9c108,0x000000008e000000)
 Metaspace       used 70095K, committed 71872K, reserved 1114112K
  class space    used 6962K, committed 7744K, reserved 1048576K
}
Event: 3558.209 GC heap after
{Heap after GC invocations=1939 (full 5):
 PSYoungGen      total 6656K, used 960K [0x00000000d5580000, 0x00000000d5d00000, 0x0000000100000000)
  eden space 5632K, 0% used [0x00000000d5580000,0x00000000d5580000,0x00000000d5b00000)
  from space 1024K, 93% used [0x00000000d5b00000,0x00000000d5bf0000,0x00000000d5c00000)
  to   space 1024K, 0% used [0x00000000d5c00000,0x00000000d5c00000,0x00000000d5d00000)
 ParOldGen       total 229888K, used 229486K [0x0000000080000000, 0x000000008e080000, 0x00000000d5580000)
  object space 229888K, 99% used [0x0000000080000000,0x000000008e01b918,0x000000008e080000)
 Metaspace       used 70095K, committed 71872K, reserved 1114112K
  class space    used 6962K, committed 7744K, reserved 1048576K
}
Event: 3558.213 GC heap before
{Heap before GC invocations=1940 (full 5):
 PSYoungGen      total 6656K, used 6592K [0x00000000d5580000, 0x00000000d5d00000, 0x0000000100000000)
  eden space 5632K, 100% used [0x00000000d5580000,0x00000000d5b00000,0x00000000d5b00000)
  from space 1024K, 93% used [0x00000000d5b00000,0x00000000d5bf0000,0x00000000d5c00000)
  to   space 1024K, 0% used [0x00000000d5c00000,0x00000000d5c00000,0x00000000d5d00000)
 ParOldGen       total 229888K, used 229486K [0x0000000080000000, 0x000000008e080000, 0x00000000d5580000)
  object space 229888K, 99% used [0x0000000080000000,0x000000008e01b918,0x000000008e080000)
 Metaspace       used 70095K, committed 71872K, reserved 1114112K
  class space    used 6962K, committed 7744K, reserved 1048576K
}
Event: 3558.214 GC heap after
{Heap after GC invocations=1940 (full 5):
 PSYoungGen      total 6656K, used 657K [0x00000000d5580000, 0x00000000d5d00000, 0x0000000100000000)
  eden space 5632K, 0% used [0x00000000d5580000,0x00000000d5580000,0x00000000d5b00000)
  from space 1024K, 64% used [0x00000000d5c00000,0x00000000d5ca44f0,0x00000000d5d00000)
  to   space 1024K, 0% used [0x00000000d5b00000,0x00000000d5b00000,0x00000000d5c00000)
 ParOldGen       total 230400K, used 230299K [0x0000000080000000, 0x000000008e100000, 0x00000000d5580000)
  object space 230400K, 99% used [0x0000000080000000,0x000000008e0e6f20,0x000000008e100000)
 Metaspace       used 70095K, committed 71872K, reserved 1114112K
  class space    used 6962K, committed 7744K, reserved 1048576K
}
Event: 3558.218 GC heap before
{Heap before GC invocations=1941 (full 5):
 PSYoungGen      total 6656K, used 6289K [0x00000000d5580000, 0x00000000d5d00000, 0x0000000100000000)
  eden space 5632K, 100% used [0x00000000d5580000,0x00000000d5b00000,0x00000000d5b00000)
  from space 1024K, 64% used [0x00000000d5c00000,0x00000000d5ca44f0,0x00000000d5d00000)
  to   space 1024K, 0% used [0x00000000d5b00000,0x00000000d5b00000,0x00000000d5c00000)
 ParOldGen       total 230400K, used 230299K [0x0000000080000000, 0x000000008e100000, 0x00000000d5580000)
  object space 230400K, 99% used [0x0000000080000000,0x000000008e0e6f20,0x000000008e100000)
 Metaspace       used 70095K, committed 71872K, reserved 1114112K
  class space    used 6962K, committed 7744K, reserved 1048576K
}
Event: 3558.219 GC heap after
{Heap after GC invocations=1941 (full 5):
 PSYoungGen      total 6656K, used 664K [0x00000000d5580000, 0x00000000d5d00000, 0x0000000100000000)
  eden space 5632K, 0% used [0x00000000d5580000,0x00000000d5580000,0x00000000d5b00000)
  from space 1024K, 64% used [0x00000000d5b00000,0x00000000d5ba62a8,0x00000000d5c00000)
  to   space 1024K, 0% used [0x00000000d5c00000,0x00000000d5c00000,0x00000000d5d00000)
 ParOldGen       total 230912K, used 230849K [0x0000000080000000, 0x000000008e180000, 0x00000000d5580000)
  object space 230912K, 99% used [0x0000000080000000,0x000000008e170778,0x000000008e180000)
 Metaspace       used 70095K, committed 71872K, reserved 1114112K
  class space    used 6962K, committed 7744K, reserved 1048576K
}
Event: 3558.224 GC heap before
{Heap before GC invocations=1942 (full 5):
 PSYoungGen      total 6656K, used 6296K [0x00000000d5580000, 0x00000000d5d00000, 0x0000000100000000)
  eden space 5632K, 100% used [0x00000000d5580000,0x00000000d5b00000,0x00000000d5b00000)
  from space 1024K, 64% used [0x00000000d5b00000,0x00000000d5ba62a8,0x00000000d5c00000)
  to   space 1024K, 0% used [0x00000000d5c00000,0x00000000d5c00000,0x00000000d5d00000)
 ParOldGen       total 230912K, used 230849K [0x0000000080000000, 0x000000008e180000, 0x00000000d5580000)
  object space 230912K, 99% used [0x0000000080000000,0x000000008e170778,0x000000008e180000)
 Metaspace       used 70095K, committed 71872K, reserved 1114112K
  class space    used 6962K, committed 7744K, reserved 1048576K
}
Event: 3558.225 GC heap after
{Heap after GC invocations=1942 (full 5):
 PSYoungGen      total 6656K, used 800K [0x00000000d5580000, 0x00000000d5d00000, 0x0000000100000000)
  eden space 5632K, 0% used [0x00000000d5580000,0x00000000d5580000,0x00000000d5b00000)
  from space 1024K, 78% used [0x00000000d5c00000,0x00000000d5cc8000,0x00000000d5d00000)
  to   space 1024K, 0% used [0x00000000d5b00000,0x00000000d5b00000,0x00000000d5c00000)
 ParOldGen       total 231424K, used 231368K [0x0000000080000000, 0x000000008e200000, 0x00000000d5580000)
  object space 231424K, 99% used [0x0000000080000000,0x000000008e1f2248,0x000000008e200000)
 Metaspace       used 70095K, committed 71872K, reserved 1114112K
  class space    used 6962K, committed 7744K, reserved 1048576K
}
Event: 3558.229 GC heap before
{Heap before GC invocations=1943 (full 5):
 PSYoungGen      total 6656K, used 6432K [0x00000000d5580000, 0x00000000d5d00000, 0x0000000100000000)
  eden space 5632K, 100% used [0x00000000d5580000,0x00000000d5b00000,0x00000000d5b00000)
  from space 1024K, 78% used [0x00000000d5c00000,0x00000000d5cc8000,0x00000000d5d00000)
  to   space 1024K, 0% used [0x00000000d5b00000,0x00000000d5b00000,0x00000000d5c00000)
 ParOldGen       total 231424K, used 231368K [0x0000000080000000, 0x000000008e200000, 0x00000000d5580000)
  object space 231424K, 99% used [0x0000000080000000,0x000000008e1f2248,0x000000008e200000)
 Metaspace       used 70095K, committed 71872K, reserved 1114112K
  class space    used 6962K, committed 7744K, reserved 1048576K
}
Event: 3558.231 GC heap after
{Heap after GC invocations=1943 (full 5):
 PSYoungGen      total 6656K, used 803K [0x00000000d5580000, 0x00000000d5d00000, 0x0000000100000000)
  eden space 5632K, 0% used [0x00000000d5580000,0x00000000d5580000,0x00000000d5b00000)
  from space 1024K, 78% used [0x00000000d5b00000,0x00000000d5bc8df8,0x00000000d5c00000)
  to   space 1024K, 0% used [0x00000000d5c00000,0x00000000d5c00000,0x00000000d5d00000)
 ParOldGen       total 232448K, used 232050K [0x0000000080000000, 0x000000008e300000, 0x00000000d5580000)
  object space 232448K, 99% used [0x0000000080000000,0x000000008e29cba8,0x000000008e300000)
 Metaspace       used 70095K, committed 71872K, reserved 1114112K
  class space    used 6962K, committed 7744K, reserved 1048576K
}
Event: 3558.235 GC heap before
{Heap before GC invocations=1944 (full 5):
 PSYoungGen      total 6656K, used 6435K [0x00000000d5580000, 0x00000000d5d00000, 0x0000000100000000)
  eden space 5632K, 100% used [0x00000000d5580000,0x00000000d5b00000,0x00000000d5b00000)
  from space 1024K, 78% used [0x00000000d5b00000,0x00000000d5bc8df8,0x00000000d5c00000)
  to   space 1024K, 0% used [0x00000000d5c00000,0x00000000d5c00000,0x00000000d5d00000)
 ParOldGen       total 232448K, used 232050K [0x0000000080000000, 0x000000008e300000, 0x00000000d5580000)
  object space 232448K, 99% used [0x0000000080000000,0x000000008e29cba8,0x000000008e300000)
 Metaspace       used 70095K, committed 71872K, reserved 1114112K
  class space    used 6962K, committed 7744K, reserved 1048576K
}
Event: 3558.236 GC heap after
{Heap after GC invocations=1944 (full 5):
 PSYoungGen      total 6656K, used 689K [0x00000000d5580000, 0x00000000d5d00000, 0x0000000100000000)
  eden space 5632K, 0% used [0x00000000d5580000,0x00000000d5580000,0x00000000d5b00000)
  from space 1024K, 67% used [0x00000000d5c00000,0x00000000d5cac578,0x00000000d5d00000)
  to   space 1024K, 0% used [0x00000000d5b00000,0x00000000d5b00000,0x00000000d5c00000)
 ParOldGen       total 232960K, used 232515K [0x0000000080000000, 0x000000008e380000, 0x00000000d5580000)
  object space 232960K, 99% used [0x0000000080000000,0x000000008e310f18,0x000000008e380000)
 Metaspace       used 70095K, committed 71872K, reserved 1114112K
  class space    used 6962K, committed 7744K, reserved 1048576K
}
Event: 3558.241 GC heap before
{Heap before GC invocations=1945 (full 5):
 PSYoungGen      total 6656K, used 6321K [0x00000000d5580000, 0x00000000d5d00000, 0x0000000100000000)
  eden space 5632K, 100% used [0x00000000d5580000,0x00000000d5b00000,0x00000000d5b00000)
  from space 1024K, 67% used [0x00000000d5c00000,0x00000000d5cac578,0x00000000d5d00000)
  to   space 1024K, 0% used [0x00000000d5b00000,0x00000000d5b00000,0x00000000d5c00000)
 ParOldGen       total 232960K, used 232515K [0x0000000080000000, 0x000000008e380000, 0x00000000d5580000)
  object space 232960K, 99% used [0x0000000080000000,0x000000008e310f18,0x000000008e380000)
 Metaspace       used 70095K, committed 71872K, reserved 1114112K
  class space    used 6962K, committed 7744K, reserved 1048576K
}
Event: 3558.242 GC heap after
{Heap after GC invocations=1945 (full 5):
 PSYoungGen      total 6656K, used 904K [0x00000000d5580000, 0x00000000d5d00000, 0x0000000100000000)
  eden space 5632K, 0% used [0x00000000d5580000,0x00000000d5580000,0x00000000d5b00000)
  from space 1024K, 88% used [0x00000000d5b00000,0x00000000d5be20a0,0x00000000d5c00000)
  to   space 1024K, 0% used [0x00000000d5c00000,0x00000000d5c00000,0x00000000d5d00000)
 ParOldGen       total 233472K, used 233055K [0x0000000080000000, 0x000000008e400000, 0x00000000d5580000)
  object space 233472K, 99% used [0x0000000080000000,0x000000008e397ef0,0x000000008e400000)
 Metaspace       used 70095K, committed 71872K, reserved 1114112K
  class space    used 6962K, committed 7744K, reserved 1048576K
}
Event: 3558.285 GC heap before
{Heap before GC invocations=1946 (full 5):
 PSYoungGen      total 6656K, used 6536K [0x00000000d5580000, 0x00000000d5d00000, 0x0000000100000000)
  eden space 5632K, 100% used [0x00000000d5580000,0x00000000d5b00000,0x00000000d5b00000)
  from space 1024K, 88% used [0x00000000d5b00000,0x00000000d5be20a0,0x00000000d5c00000)
  to   space 1024K, 0% used [0x00000000d5c00000,0x00000000d5c00000,0x00000000d5d00000)
 ParOldGen       total 233984K, used 233472K [0x0000000080000000, 0x000000008e480000, 0x00000000d5580000)
  object space 233984K, 99% used [0x0000000080000000,0x000000008e400208,0x000000008e480000)
 Metaspace       used 70095K, committed 71872K, reserved 1114112K
  class space    used 6962K, committed 7744K, reserved 1048576K
}

Dll operation events (10 events):
Event: 0.008 Loaded shared library c:\Users\HP\.antigravity\extensions\redhat.java-1.53.0-win32-x64\jre\21.0.10-win32-x86_64\bin\java.dll
Event: 0.042 Loaded shared library c:\Users\HP\.antigravity\extensions\redhat.java-1.53.0-win32-x64\jre\21.0.10-win32-x86_64\bin\zip.dll
Event: 0.055 Loaded shared library C:\Users\HP\.antigravity\extensions\redhat.java-1.53.0-win32-x64\jre\21.0.10-win32-x86_64\bin\instrument.dll
Event: 0.058 Loaded shared library C:\Users\HP\.antigravity\extensions\redhat.java-1.53.0-win32-x64\jre\21.0.10-win32-x86_64\bin\net.dll
Event: 0.059 Loaded shared library C:\Users\HP\.antigravity\extensions\redhat.java-1.53.0-win32-x64\jre\21.0.10-win32-x86_64\bin\nio.dll
Event: 0.061 Loaded shared library C:\Users\HP\.antigravity\extensions\redhat.java-1.53.0-win32-x64\jre\21.0.10-win32-x86_64\bin\zip.dll
Event: 0.072 Loaded shared library C:\Users\HP\.antigravity\extensions\redhat.java-1.53.0-win32-x64\jre\21.0.10-win32-x86_64\bin\jimage.dll
Event: 0.128 Loaded shared library c:\Users\HP\.antigravity\extensions\redhat.java-1.53.0-win32-x64\jre\21.0.10-win32-x86_64\bin\verify.dll
Event: 0.792 Loaded shared library C:\Users\HP\AppData\Roaming\Antigravity\User\globalStorage\redhat.java\1.53.0\config_win\org.eclipse.equinox.launcher\org.eclipse.equinox.launcher.win32.win32.x86_64_1.3.0.v20260203-2149\eclipse_11919.dll
Event: 1.446 Loaded shared library C:\Users\HP\AppData\Local\Temp\jna-2312\jna2738347649798422023.dll

Deoptimization events (20 events):
Event: 3557.817 Thread 0x0000013e766da270 DEOPT PACKING pc=0x0000013e55902c28 sp=0x0000003e414fe9a0
Event: 3557.817 Thread 0x0000013e766da270 DEOPT UNPACKING pc=0x0000013e54c83aa2 sp=0x0000003e414fe948 mode 2
Event: 3557.819 Thread 0x0000013e766da270 Uncommon trap: trap_request=0xffffffde fr.pc=0x0000013e55902c28 relative=0x00000000000004c8
Event: 3557.819 Thread 0x0000013e766da270 Uncommon trap: reason=class_check action=maybe_recompile pc=0x0000013e55902c28 method=java.util.AbstractMap.hashCode()I @ 3 c2
Event: 3557.819 Thread 0x0000013e766da270 DEOPT PACKING pc=0x0000013e55902c28 sp=0x0000003e414fe9c0
Event: 3557.819 Thread 0x0000013e766da270 DEOPT UNPACKING pc=0x0000013e54c83aa2 sp=0x0000003e414fe968 mode 2
Event: 3557.834 Thread 0x0000013e6b9b0b90 Uncommon trap: trap_request=0xffffff76 fr.pc=0x0000013e5601072c relative=0x000000000000716c
Event: 3557.834 Thread 0x0000013e6b9b0b90 Uncommon trap: reason=predicate action=maybe_recompile pc=0x0000013e5601072c method=org.eclipse.jdt.internal.core.JavaProjectElementInfo.getProjectCache(Lorg/eclipse/jdt/internal/core/JavaProject;Z)Lorg/eclipse/jdt/internal/core/JavaProjectElementInfo$Pro
Event: 3557.834 Thread 0x0000013e6b9b0b90 DEOPT PACKING pc=0x0000013e5601072c sp=0x0000003e3dafea60
Event: 3557.834 Thread 0x0000013e6b9b0b90 DEOPT UNPACKING pc=0x0000013e54c83aa2 sp=0x0000003e3dafe958 mode 2
Event: 3557.892 Thread 0x0000013e6b9b0b90 DEOPT PACKING pc=0x0000013e4ec6f028 sp=0x0000003e3dafe6d0
Event: 3557.892 Thread 0x0000013e6b9b0b90 DEOPT UNPACKING pc=0x0000013e54c84242 sp=0x0000003e3dafdc90 mode 0
Event: 3557.987 Thread 0x0000013e6b9b0b90 DEOPT PACKING pc=0x0000013e4ec6f028 sp=0x0000003e3dafe6d0
Event: 3557.987 Thread 0x0000013e6b9b0b90 DEOPT UNPACKING pc=0x0000013e54c84242 sp=0x0000003e3dafdc90 mode 0
Event: 3558.003 Thread 0x0000013e692b9440 DEOPT PACKING pc=0x0000013e4e227fe9 sp=0x0000003e3f4ff110
Event: 3558.003 Thread 0x0000013e692b9440 DEOPT UNPACKING pc=0x0000013e54c84242 sp=0x0000003e3f4fe640 mode 0
Event: 3558.069 Thread 0x0000013e6b9b0b90 DEOPT PACKING pc=0x0000013e4ec6f028 sp=0x0000003e3dafe6d0
Event: 3558.069 Thread 0x0000013e6b9b0b90 DEOPT UNPACKING pc=0x0000013e54c84242 sp=0x0000003e3dafdc90 mode 0
Event: 3558.162 Thread 0x0000013e6b9b0b90 DEOPT PACKING pc=0x0000013e4ec6f028 sp=0x0000003e3dafe620
Event: 3558.162 Thread 0x0000013e6b9b0b90 DEOPT UNPACKING pc=0x0000013e54c84242 sp=0x0000003e3dafdbe0 mode 0

Classes loaded (20 events):
Event: 1674.917 Loading class java/util/ArrayDeque$DeqSpliterator
Event: 1674.917 Loading class java/util/ArrayDeque$DeqSpliterator done
Event: 1826.416 Loading class java/util/stream/ReferencePipeline$4
Event: 1826.417 Loading class java/util/stream/ReferencePipeline$4 done
Event: 1826.417 Loading class java/util/stream/Nodes$IntFixedNodeBuilder
Event: 1826.417 Loading class java/util/stream/Node$Builder$OfInt
Event: 1826.417 Loading class java/util/stream/Node$Builder$OfInt done
Event: 1826.417 Loading class java/util/stream/Nodes$IntArrayNode
Event: 1826.417 Loading class java/util/stream/Nodes$IntArrayNode done
Event: 1826.417 Loading class java/util/stream/Nodes$IntFixedNodeBuilder done
Event: 1826.417 Loading class java/util/stream/ReferencePipeline$4$1
Event: 1826.417 Loading class java/util/stream/ReferencePipeline$4$1 done
Event: 3548.123 Loading class java/lang/invoke/MethodHandleImpl$CountingWrapper$1
Event: 3548.123 Loading class java/lang/invoke/MethodHandleImpl$CountingWrapper$1 done
Event: 3556.692 Loading class javax/xml/transform/TransformerConfigurationException
Event: 3556.692 Loading class javax/xml/transform/TransformerConfigurationException done
Event: 3556.719 Loading class java/lang/Throwable$WrappedPrintWriter
Event: 3556.719 Loading class java/lang/Throwable$PrintStreamOrWriter
Event: 3556.719 Loading class java/lang/Throwable$PrintStreamOrWriter done
Event: 3556.719 Loading class java/lang/Throwable$WrappedPrintWriter done

Classes unloaded (20 events):
Event: 3556.199 Thread 0x0000013e48fa3790 Unloading class 0x0000013e01014800 'java/lang/invoke/LambdaForm$MH+0x0000013e01014800'
Event: 3556.199 Thread 0x0000013e48fa3790 Unloading class 0x0000013e0100d800 'java/lang/invoke/LambdaForm$MH+0x0000013e0100d800'
Event: 3556.199 Thread 0x0000013e48fa3790 Unloading class 0x0000013e0100d400 'java/lang/invoke/LambdaForm$MH+0x0000013e0100d400'
Event: 3556.199 Thread 0x0000013e48fa3790 Unloading class 0x0000013e0100d000 'java/lang/invoke/LambdaForm$MH+0x0000013e0100d000'
Event: 3556.199 Thread 0x0000013e48fa3790 Unloading class 0x0000013e0100cc00 'java/lang/invoke/LambdaForm$MH+0x0000013e0100cc00'
Event: 3556.199 Thread 0x0000013e48fa3790 Unloading class 0x0000013e0100c800 'java/lang/invoke/LambdaForm$BMH+0x0000013e0100c800'
Event: 3556.199 Thread 0x0000013e48fa3790 Unloading class 0x0000013e0100c000 'java/lang/invoke/LambdaForm$DMH+0x0000013e0100c000'
Event: 3556.199 Thread 0x0000013e48fa3790 Unloading class 0x0000013e01008c00 'java/lang/invoke/LambdaForm$MH+0x0000013e01008c00'
Event: 3556.199 Thread 0x0000013e48fa3790 Unloading class 0x0000013e01008800 'java/lang/invoke/LambdaForm$MH+0x0000013e01008800'
Event: 3556.199 Thread 0x0000013e48fa3790 Unloading class 0x0000013e01008400 'java/lang/invoke/LambdaForm$MH+0x0000013e01008400'
Event: 3556.199 Thread 0x0000013e48fa3790 Unloading class 0x0000013e01007000 'java/lang/invoke/LambdaForm$MH+0x0000013e01007000'
Event: 3556.199 Thread 0x0000013e48fa3790 Unloading class 0x0000013e01006800 'java/lang/invoke/LambdaForm$MH+0x0000013e01006800'
Event: 3556.199 Thread 0x0000013e48fa3790 Unloading class 0x0000013e01006400 'java/lang/invoke/LambdaForm$MH+0x0000013e01006400'
Event: 3556.199 Thread 0x0000013e48fa3790 Unloading class 0x0000013e01006000 'java/lang/invoke/LambdaForm$MH+0x0000013e01006000'
Event: 3556.199 Thread 0x0000013e48fa3790 Unloading class 0x0000013e01005c00 'java/lang/invoke/LambdaForm$BMH+0x0000013e01005c00'
Event: 3556.199 Thread 0x0000013e48fa3790 Unloading class 0x0000013e01004800 'java/lang/invoke/LambdaForm$DMH+0x0000013e01004800'
Event: 3556.199 Thread 0x0000013e48fa3790 Unloading class 0x0000013e01002400 'java/lang/invoke/LambdaForm$MH+0x0000013e01002400'
Event: 3556.199 Thread 0x0000013e48fa3790 Unloading class 0x0000013e01002000 'java/lang/invoke/LambdaForm$MH+0x0000013e01002000'
Event: 3556.199 Thread 0x0000013e48fa3790 Unloading class 0x0000013e01001800 'java/lang/invoke/LambdaForm$MH+0x0000013e01001800'
Event: 3556.199 Thread 0x0000013e48fa3790 Unloading class 0x0000013e01000400 'java/lang/invoke/LambdaForm$MH+0x0000013e01000400'

Classes redefined (0 events):
No events

Internal exceptions (20 events):
Event: 3556.964 Thread 0x0000013e6b9b1f40 Exception <a 'sun/nio/fs/WindowsException'{0x00000000d581f568}> (0x00000000d581f568) 
thrown [s\src\hotspot\share\prims\jni.cpp, line 520]
Event: 3556.964 Thread 0x0000013e6b9b1f40 Exception <a 'sun/nio/fs/WindowsException'{0x00000000d582dd78}> (0x00000000d582dd78) 
thrown [s\src\hotspot\share\prims\jni.cpp, line 520]
Event: 3556.964 Thread 0x0000013e6b9b1f40 Exception <a 'sun/nio/fs/WindowsException'{0x00000000d582e718}> (0x00000000d582e718) 
thrown [s\src\hotspot\share\prims\jni.cpp, line 520]
Event: 3556.970 Thread 0x0000013e6b9b1f40 Exception <a 'sun/nio/fs/WindowsException'{0x00000000d587e500}> (0x00000000d587e500) 
thrown [s\src\hotspot\share\prims\jni.cpp, line 520]
Event: 3556.970 Thread 0x0000013e6b9b1f40 Exception <a 'sun/nio/fs/WindowsException'{0x00000000d587eea0}> (0x00000000d587eea0) 
thrown [s\src\hotspot\share\prims\jni.cpp, line 520]
Event: 3556.987 Thread 0x0000013e6b9b1f40 Exception <a 'sun/nio/fs/WindowsException'{0x00000000d55f2510}> (0x00000000d55f2510) 
thrown [s\src\hotspot\share\prims\jni.cpp, line 520]
Event: 3556.987 Thread 0x0000013e6b9b1f40 Exception <a 'sun/nio/fs/WindowsException'{0x00000000d55f2c00}> (0x00000000d55f2c00) 
thrown [s\src\hotspot\share\prims\jni.cpp, line 520]
Event: 3557.026 Thread 0x0000013e692b9440 Implicit null exception at 0x0000013e55bb25f2 to 0x0000013e55bb66a8
Event: 3557.722 Thread 0x0000013e766da270 Exception <a 'sun/nio/fs/WindowsException'{0x00000000d560a5d0}> (0x00000000d560a5d0) 
thrown [s\src\hotspot\share\prims\jni.cpp, line 520]
Event: 3557.722 Thread 0x0000013e766da270 Exception <a 'sun/nio/fs/WindowsException'{0x00000000d56196f8}> (0x00000000d56196f8) 
thrown [s\src\hotspot\share\prims\jni.cpp, line 520]
Event: 3557.722 Thread 0x0000013e766da270 Exception <a 'sun/nio/fs/WindowsException'{0x00000000d5631048}> (0x00000000d5631048) 
thrown [s\src\hotspot\share\prims\jni.cpp, line 520]
Event: 3557.723 Thread 0x0000013e766da270 Exception <a 'sun/nio/fs/WindowsException'{0x00000000d5648428}> (0x00000000d5648428) 
thrown [s\src\hotspot\share\prims\jni.cpp, line 520]
Event: 3557.734 Thread 0x0000013e766da270 Exception <a 'sun/nio/fs/WindowsException'{0x00000000d581b8a0}> (0x00000000d581b8a0) 
thrown [s\src\hotspot\share\prims\jni.cpp, line 520]
Event: 3557.734 Thread 0x0000013e766da270 Exception <a 'sun/nio/fs/WindowsException'{0x00000000d581bf78}> (0x00000000d581bf78) 
thrown [s\src\hotspot\share\prims\jni.cpp, line 520]
Event: 3557.735 Thread 0x0000013e766da270 Exception <a 'sun/nio/fs/WindowsException'{0x00000000d5835b30}> (0x00000000d5835b30) 
thrown [s\src\hotspot\share\prims\jni.cpp, line 520]
Event: 3557.735 Thread 0x0000013e766da270 Exception <a 'sun/nio/fs/WindowsException'{0x00000000d5836208}> (0x00000000d5836208) 
thrown [s\src\hotspot\share\prims\jni.cpp, line 520]
Event: 3557.823 Thread 0x0000013e6b9b0b90 Exception <a 'sun/nio/fs/WindowsException'{0x00000000d56c2ee0}> (0x00000000d56c2ee0) 
thrown [s\src\hotspot\share\prims\jni.cpp, line 520]
Event: 3557.823 Thread 0x0000013e6b9b0b90 Exception <a 'sun/nio/fs/WindowsException'{0x00000000d56c35b8}> (0x00000000d56c35b8) 
thrown [s\src\hotspot\share\prims\jni.cpp, line 520]
Event: 3557.829 Thread 0x0000013e6b9b0b90 Exception <a 'sun/nio/fs/WindowsException'{0x00000000d55ec0d8}> (0x00000000d55ec0d8) 
thrown [s\src\hotspot\share\prims\jni.cpp, line 520]
Event: 3557.829 Thread 0x0000013e6b9b0b90 Exception <a 'sun/nio/fs/WindowsException'{0x00000000d55eca60}> (0x00000000d55eca60) 
thrown [s\src\hotspot\share\prims\jni.cpp, line 520]

ZGC Phase Switch (0 events):
No events

VM Operations (20 events):
Event: 3558.199 Executing safepoint VM operation: ParallelGCFailedAllocation (Allocation Failure) done
Event: 3558.202 Executing safepoint VM operation: ParallelGCFailedAllocation (Allocation Failure)
Event: 3558.203 Executing safepoint VM operation: ParallelGCFailedAllocation (Allocation Failure) done
Event: 3558.208 Executing safepoint VM operation: ParallelGCFailedAllocation (Allocation Failure)
Event: 3558.209 Executing safepoint VM operation: ParallelGCFailedAllocation (Allocation Failure) done
Event: 3558.213 Executing safepoint VM operation: ParallelGCFailedAllocation (Allocation Failure)
Event: 3558.215 Executing safepoint VM operation: ParallelGCFailedAllocation (Allocation Failure) done
Event: 3558.218 Executing safepoint VM operation: ParallelGCFailedAllocation (Allocation Failure)
Event: 3558.219 Executing safepoint VM operation: ParallelGCFailedAllocation (Allocation Failure) done
Event: 3558.224 Executing safepoint VM operation: ParallelGCFailedAllocation (Allocation Failure)
Event: 3558.225 Executing safepoint VM operation: ParallelGCFailedAllocation (Allocation Failure) done
Event: 3558.229 Executing safepoint VM operation: ParallelGCFailedAllocation (Allocation Failure)
Event: 3558.231 Executing safepoint VM operation: ParallelGCFailedAllocation (Allocation Failure) done
Event: 3558.235 Executing safepoint VM operation: ParallelGCFailedAllocation (Allocation Failure)
Event: 3558.236 Executing safepoint VM operation: ParallelGCFailedAllocation (Allocation Failure) done
Event: 3558.241 Executing safepoint VM operation: ParallelGCFailedAllocation (Allocation Failure)
Event: 3558.242 Executing safepoint VM operation: ParallelGCFailedAllocation (Allocation Failure) done
Event: 3558.250 Executing safepoint VM operation: ParallelGCFailedAllocation (Allocation Failure)
Event: 3558.250 Executing safepoint VM operation: ParallelGCFailedAllocation (Allocation Failure) done
Event: 3558.285 Executing safepoint VM operation: ParallelGCSystemGC (GCLocker Initiated GC)

Memory protections (0 events):
No events

Nmethod flushes (20 events):
Event: 3556.224 Thread 0x0000013e48fa3790 flushing  nmethod 0x0000013e4f622e90
Event: 3556.224 Thread 0x0000013e48fa3790 flushing  nmethod 0x0000013e4f628490
Event: 3556.224 Thread 0x0000013e48fa3790 flushing  nmethod 0x0000013e4f66bb10
Event: 3556.224 Thread 0x0000013e48fa3790 flushing  nmethod 0x0000013e4f6c5d90
Event: 3556.224 Thread 0x0000013e48fa3790 flushing  nmethod 0x0000013e4f71e190
Event: 3556.224 Thread 0x0000013e48fa3790 flushing  nmethod 0x0000013e4f71ef10
Event: 3556.224 Thread 0x0000013e48fa3790 flushing  nmethod 0x0000013e4f723490
Event: 3556.224 Thread 0x0000013e48fa3790 flushing  nmethod 0x0000013e4f7ce210
Event: 3556.224 Thread 0x0000013e48fa3790 flushing  nmethod 0x0000013e4f7f3f90
Event: 3556.224 Thread 0x0000013e48fa3790 flushing  nmethod 0x0000013e4f80c810
Event: 3556.224 Thread 0x0000013e48fa3790 flushing  nmethod 0x0000013e4f813d90
Event: 3556.224 Thread 0x0000013e48fa3790 flushing  nmethod 0x0000013e4f828610
Event: 3556.224 Thread 0x0000013e48fa3790 flushing  nmethod 0x0000013e4f832a10
Event: 3556.224 Thread 0x0000013e48fa3790 flushing  nmethod 0x0000013e4f844690
Event: 3556.224 Thread 0x0000013e48fa3790 flushing  nmethod 0x0000013e4f87c390
Event: 3556.224 Thread 0x0000013e48fa3790 flushing  nmethod 0x0000013e4f8a0490
Event: 3556.224 Thread 0x0000013e48fa3790 flushing  nmethod 0x0000013e4fa5a410
Event: 3556.224 Thread 0x0000013e48fa3790 flushing  nmethod 0x0000013e4fab5790
Event: 3556.224 Thread 0x0000013e48fa3790 flushing  nmethod 0x0000013e4fac1510
Event: 3556.224 Thread 0x0000013e48fa3790 flushing  nmethod 0x0000013e4fad7910

Events (20 events):
Event: 2857.145 Thread 0x0000013e6b9b3980 Thread exited: 0x0000013e6b9b3980
Event: 2874.029 Thread 0x0000013e6b9b25d0 Thread exited: 0x0000013e6b9b25d0
Event: 2891.455 Thread 0x0000013e6b9b0b90 Thread exited: 0x0000013e6b9b0b90
Event: 3546.545 Thread 0x0000013e766da270 Thread added: 0x0000013e6b9b25d0
Event: 3547.075 Thread 0x0000013e48fbe760 Thread added: 0x0000013e6af4dbf0
Event: 3547.075 Thread 0x0000013e48fbe760 Thread added: 0x0000013e6af4a570
Event: 3547.075 Thread 0x0000013e48fbe760 Thread added: 0x0000013e6af4f730
Event: 3548.130 Thread 0x0000013e766da270 Thread added: 0x0000013e6b9b3980
Event: 3556.582 Thread 0x0000013e766da270 Thread added: 0x0000013e6b9b0b90
Event: 3556.584 Thread 0x0000013e6af4f730 Thread exited: 0x0000013e6af4f730
Event: 3556.585 Thread 0x0000013e766da270 Thread added: 0x0000013e6b9b60e0
Event: 3556.587 Thread 0x0000013e6af4a570 Thread exited: 0x0000013e6af4a570
Event: 3556.691 Thread 0x0000013e6b028520 Thread added: 0x0000013e6b9b7490
Event: 3556.692 Thread 0x0000013e6b9b7490 Thread added: 0x0000013e6b9b6e00
Event: 3556.692 Thread 0x0000013e6b9b6e00 Thread added: 0x0000013e6b9b7b20
Event: 3556.988 Thread 0x0000013e6af4dbf0 Thread added: 0x0000013e6af4a570
Event: 3557.031 Thread 0x0000013e62b91260 Thread added: 0x0000013e6af4fe00
Event: 3557.039 Thread 0x0000013e6af4dbf0 Thread added: 0x0000013e6af4e2c0
Event: 3557.048 Thread 0x0000013e6af4a570 Thread added: 0x0000013e6af51270
Event: 3557.331 Thread 0x0000013e6af51270 Thread exited: 0x0000013e6af51270


Dynamic libraries:
0x00007ff71a450000 - 0x00007ff71a45e000 	c:\Users\HP\.antigravity\extensions\redhat.java-1.53.0-win32-x64\jre\21.0.10-win32-x86_64\bin\java.exe
0x00007ffa5cd60000 - 0x00007ffa5cfc7000 	C:\WINDOWS\SYSTEM32\ntdll.dll
0x00007ffa5bba0000 - 0x00007ffa5bc69000 	C:\WINDOWS\System32\KERNEL32.DLL
0x00007ffa59c50000 - 0x00007ffa5a044000 	C:\WINDOWS\System32\KERNELBASE.dll
0x00007ffa59630000 - 0x00007ffa5977b000 	C:\WINDOWS\System32\ucrtbase.dll
0x00007ffa51b80000 - 0x00007ffa51b9e000 	c:\Users\HP\.antigravity\extensions\redhat.java-1.53.0-win32-x64\jre\21.0.10-win32-x86_64\bin\VCRUNTIME140.dll
0x00007ffa51b60000 - 0x00007ffa51b78000 	c:\Users\HP\.antigravity\extensions\redhat.java-1.53.0-win32-x64\jre\21.0.10-win32-x86_64\bin\jli.dll
0x00007ffa5c920000 - 0x00007ffa5cae5000 	C:\WINDOWS\System32\USER32.dll
0x00007ffa37370000 - 0x00007ffa37603000 	C:\WINDOWS\WinSxS\amd64_microsoft.windows.common-controls_6595b64144ccf1df_6.0.26100.8115_none_3e075c82e3354f9c\COMCTL32.dll
0x00007ffa598f0000 - 0x00007ffa59917000 	C:\WINDOWS\System32\win32u.dll
0x00007ffa5bc70000 - 0x00007ffa5bd19000 	C:\WINDOWS\System32\msvcrt.dll
0x00007ffa5ccf0000 - 0x00007ffa5cd1b000 	C:\WINDOWS\System32\GDI32.dll
0x00007ffa59a60000 - 0x00007ffa59b8a000 	C:\WINDOWS\System32\gdi32full.dll
0x00007ffa5a050000 - 0x00007ffa5a0f3000 	C:\WINDOWS\System32\msvcp_win.dll
0x00007ffa5b950000 - 0x00007ffa5b982000 	C:\WINDOWS\System32\IMM32.DLL
0x00007ffa51b40000 - 0x00007ffa51b4c000 	c:\Users\HP\.antigravity\extensions\redhat.java-1.53.0-win32-x64\jre\21.0.10-win32-x86_64\bin\vcruntime140_1.dll
0x00007ffa20ae0000 - 0x00007ffa20b6d000 	c:\Users\HP\.antigravity\extensions\redhat.java-1.53.0-win32-x64\jre\21.0.10-win32-x86_64\bin\msvcp140.dll
0x00007ff9bfb80000 - 0x00007ff9c0921000 	c:\Users\HP\.antigravity\extensions\redhat.java-1.53.0-win32-x64\jre\21.0.10-win32-x86_64\bin\server\jvm.dll
0x00007ffa5ae00000 - 0x00007ffa5aeb6000 	C:\WINDOWS\System32\ADVAPI32.dll
0x00007ffa5acd0000 - 0x00007ffa5ad77000 	C:\WINDOWS\System32\sechost.dll
0x00007ffa5aaf0000 - 0x00007ffa5ac08000 	C:\WINDOWS\System32\RPCRT4.dll
0x00007ffa5cc60000 - 0x00007ffa5cce0000 	C:\WINDOWS\System32\WS2_32.dll
0x00007ffa59490000 - 0x00007ffa594ee000 	C:\WINDOWS\SYSTEM32\POWRPROF.dll
0x00007ffa56670000 - 0x00007ffa566a6000 	C:\WINDOWS\SYSTEM32\WINMM.dll
0x00007ffa4f1f0000 - 0x00007ffa4f1fb000 	C:\WINDOWS\SYSTEM32\VERSION.dll
0x00007ffa59470000 - 0x00007ffa59484000 	C:\WINDOWS\SYSTEM32\UMPDC.dll
0x00007ffa58380000 - 0x00007ffa5839b000 	C:\WINDOWS\SYSTEM32\kernel.appcore.dll
0x00007ffa51b30000 - 0x00007ffa51b3a000 	c:\Users\HP\.antigravity\extensions\redhat.java-1.53.0-win32-x64\jre\21.0.10-win32-x86_64\bin\jimage.dll
0x00007ffa57560000 - 0x00007ffa577a2000 	C:\WINDOWS\SYSTEM32\DBGHELP.DLL
0x00007ffa5b350000 - 0x00007ffa5b6d2000 	C:\WINDOWS\System32\combase.dll
0x00007ffa5b700000 - 0x00007ffa5b7d7000 	C:\WINDOWS\System32\OLEAUT32.dll
0x00007ffa2f500000 - 0x00007ffa2f53b000 	C:\WINDOWS\SYSTEM32\dbgcore.DLL
0x00007ffa59920000 - 0x00007ffa599c5000 	C:\WINDOWS\System32\bcryptPrimitives.dll
0x00007ffa51af0000 - 0x00007ffa51aff000 	c:\Users\HP\.antigravity\extensions\redhat.java-1.53.0-win32-x64\jre\21.0.10-win32-x86_64\bin\instrument.dll
0x00007ffa51ad0000 - 0x00007ffa51af0000 	c:\Users\HP\.antigravity\extensions\redhat.java-1.53.0-win32-x64\jre\21.0.10-win32-x86_64\bin\java.dll
0x00007ffa5bd20000 - 0x00007ffa5c486000 	C:\WINDOWS\System32\SHELL32.dll
0x00007ffa59780000 - 0x00007ffa598ea000 	C:\WINDOWS\System32\wintypes.dll
0x00007ffa5a280000 - 0x00007ffa5aae5000 	C:\WINDOWS\System32\windows.storage.dll
0x00007ffa5c820000 - 0x00007ffa5c917000 	C:\WINDOWS\System32\SHCORE.dll
0x00007ffa5bb30000 - 0x00007ffa5bb96000 	C:\WINDOWS\System32\shlwapi.dll
0x00007ffa59550000 - 0x00007ffa59579000 	C:\WINDOWS\SYSTEM32\profapi.dll
0x00007ffa512d0000 - 0x00007ffa512e8000 	c:\Users\HP\.antigravity\extensions\redhat.java-1.53.0-win32-x64\jre\21.0.10-win32-x86_64\bin\zip.dll
0x00007ffa51ac0000 - 0x00007ffa51ad0000 	C:\Users\HP\.antigravity\extensions\redhat.java-1.53.0-win32-x64\jre\21.0.10-win32-x86_64\bin\net.dll
0x00007ffa50260000 - 0x00007ffa5038d000 	C:\WINDOWS\SYSTEM32\WINHTTP.dll
0x00007ffa588e0000 - 0x00007ffa5894c000 	C:\WINDOWS\system32\mswsock.dll
0x00007ffa3b970000 - 0x00007ffa3b986000 	C:\Users\HP\.antigravity\extensions\redhat.java-1.53.0-win32-x64\jre\21.0.10-win32-x86_64\bin\nio.dll
0x00007ffa4f320000 - 0x00007ffa4f330000 	c:\Users\HP\.antigravity\extensions\redhat.java-1.53.0-win32-x64\jre\21.0.10-win32-x86_64\bin\verify.dll
0x00007ffa22f10000 - 0x00007ffa22f55000 	C:\Users\HP\AppData\Roaming\Antigravity\User\globalStorage\redhat.java\1.53.0\config_win\org.eclipse.equinox.launcher\org.eclipse.equinox.launcher.win32.win32.x86_64_1.3.0.v20260203-2149\eclipse_11919.dll
0x00007ffa5c670000 - 0x00007ffa5c807000 	C:\WINDOWS\System32\ole32.dll
0x00007ffa58b70000 - 0x00007ffa58b8b000 	C:\WINDOWS\SYSTEM32\CRYPTSP.dll
0x00007ffa582e0000 - 0x00007ffa58319000 	C:\WINDOWS\system32\rsaenh.dll
0x00007ffa58990000 - 0x00007ffa589c3000 	C:\WINDOWS\SYSTEM32\USERENV.dll
0x00007ffa59520000 - 0x00007ffa5954a000 	C:\WINDOWS\SYSTEM32\bcrypt.dll
0x00007ffa58b90000 - 0x00007ffa58b9c000 	C:\WINDOWS\SYSTEM32\CRYPTBASE.dll
0x00007ffa57d60000 - 0x00007ffa57d92000 	C:\WINDOWS\SYSTEM32\IPHLPAPI.DLL
0x00007ffa5b7e0000 - 0x00007ffa5b7ea000 	C:\WINDOWS\System32\NSI.dll
0x00007ffa20a90000 - 0x00007ffa20ad9000 	C:\Users\HP\AppData\Local\Temp\jna-2312\jna2738347649798422023.dll
0x00007ffa5ba20000 - 0x00007ffa5ba28000 	C:\WINDOWS\System32\PSAPI.DLL
0x00007ffa507d0000 - 0x00007ffa507ed000 	C:\WINDOWS\SYSTEM32\dhcpcsvc6.DLL
0x00007ffa506b0000 - 0x00007ffa506d5000 	C:\WINDOWS\SYSTEM32\dhcpcsvc.DLL

JVMTI agents:
c:\Users\HP\.antigravity\extensions\redhat.java-1.53.0-win32-x64\lombok\lombok-1.18.39-4050.jar path:c:\Users\HP\.antigravity\extensions\redhat.java-1.53.0-win32-x64\jre\21.0.10-win32-x86_64\bin\instrument.dll, loaded, initialized, instrumentlib options:none

dbghelp: loaded successfully - version: 4.0.5 - missing functions: none
symbol engine: initialized successfully - sym options: 0x614 - pdb path: .;c:\Users\HP\.antigravity\extensions\redhat.java-1.53.0-win32-x64\jre\21.0.10-win32-x86_64\bin;C:\WINDOWS\SYSTEM32;C:\WINDOWS\WinSxS\amd64_microsoft.windows.common-controls_6595b64144ccf1df_6.0.26100.8115_none_3e075c82e3354f9c;c:\Users\HP\.antigravity\extensions\redhat.java-1.53.0-win32-x64\jre\21.0.10-win32-x86_64\bin\server;C:\Users\HP\AppData\Roaming\Antigravity\User\globalStorage\redhat.java\1.53.0\config_win\org.eclipse.equinox.launcher\org.eclipse.equinox.launcher.win32.win32.x86_64_1.3.0.v20260203-2149;C:\Users\HP\AppData\Local\Temp\jna-2312

VM Arguments:
jvm_args: --add-modules=ALL-SYSTEM --add-opens=java.base/java.util=ALL-UNNAMED --add-opens=java.base/java.lang=ALL-UNNAMED --add-opens=java.base/sun.nio.fs=ALL-UNNAMED -Declipse.application=org.eclipse.jdt.ls.core.id1 -Dosgi.bundles.defaultStartLevel=4 -Declipse.product=org.eclipse.jdt.ls.core.product -Djava.import.generatesMetadataFilesAtProjectRoot=false -DDetectVMInstallationsJob.disabled=true -Dfile.encoding=utf8 -XX:+UseParallelGC -XX:GCTimeRatio=4 -XX:AdaptiveSizePolicyWeight=90 -Dsun.zip.disableMemoryMapping=true -Xmx2G -Xms100m -Xlog:disable -javaagent:c:\Users\HP\.antigravity\extensions\redhat.java-1.53.0-win32-x64\lombok\lombok-1.18.39-4050.jar -XX:+HeapDumpOnOutOfMemoryError -XX:HeapDumpPath=c:\Users\HP\AppData\Roaming\Antigravity\User\workspaceStorage\10cac1632d26cc84e9e60fa305b98b85\redhat.java -Daether.dependencyCollector.impl=bf 
java_command: c:\Users\HP\.antigravity\extensions\redhat.java-1.53.0-win32-x64\server\plugins\org.eclipse.equinox.launcher_1.7.100.v20251111-0406.jar -configuration c:\Users\HP\AppData\Roaming\Antigravity\User\globalStorage\redhat.java\1.53.0\config_win -data c:\Users\HP\AppData\Roaming\Antigravity\User\workspaceStorage\10cac1632d26cc84e9e60fa305b98b85\redhat.java\jdt_ws --pipe=\\.\pipe\lsp-c1df3bd5509dbb88315d5bab1f98bd1a-sock
java_class_path (initial): c:\Users\HP\.antigravity\extensions\redhat.java-1.53.0-win32-x64\server\plugins\org.eclipse.equinox.launcher_1.7.100.v20251111-0406.jar
Launcher Type: SUN_STANDARD

[Global flags]
    uintx AdaptiveSizePolicyWeight                 = 90                                        {product} {command line}
     intx CICompilerCount                          = 12                                        {product} {ergonomic}
    uintx GCTimeRatio                              = 4                                         {product} {command line}
     bool HeapDumpOnOutOfMemoryError               = true                                   {manageable} {command line}
    ccstr HeapDumpPath                             = c:\Users\HP\AppData\Roaming\Antigravity\User\workspaceStorage\10cac1632d26cc84e9e60fa305b98b85\redhat.java         {manageable} {command line}
   size_t InitialHeapSize                          = 104857600                                 {product} {command line}
   size_t MaxHeapSize                              = 2147483648                                {product} {command line}
   size_t MaxNewSize                               = 715653120                                 {product} {ergonomic}
   size_t MinHeapDeltaBytes                        = 524288                                    {product} {ergonomic}
   size_t MinHeapSize                              = 104857600                                 {product} {command line}
   size_t NewSize                                  = 34603008                                  {product} {ergonomic}
    uintx NonNMethodCodeHeapSize                   = 7602480                                {pd product} {ergonomic}
    uintx NonProfiledCodeHeapSize                  = 122027880                              {pd product} {ergonomic}
   size_t OldSize                                  = 70254592                                  {product} {ergonomic}
    uintx ProfiledCodeHeapSize                     = 122027880                              {pd product} {ergonomic}
    uintx ReservedCodeCacheSize                    = 251658240                              {pd product} {ergonomic}
     bool SegmentedCodeCache                       = true                                      {product} {ergonomic}
   size_t SoftMaxHeapSize                          = 2147483648                             {manageable} {ergonomic}
     bool UseCompressedOops                        = true                           {product lp64_product} {ergonomic}
     bool UseLargePagesIndividualAllocation        = false                                  {pd product} {ergonomic}
     bool UseParallelGC                            = true                                      {product} {command line}

Logging:
Log output configuration:
 #0: stdout all=off uptime,level,tags foldmultilines=false
 #1: stderr all=off uptime,level,tags foldmultilines=false

Release file:
JAVA_VERSION="21.0.10" 
MODULES="java.base java.compiler java.datatransfer java.xml java.prefs java.desktop java.instrument java.logging java.management java.security.sasl java.naming java.rmi java.management.rmi java.net.http java.scripting java.security.jgss java.transaction.xa java.sql java.sql.rowset java.xml.crypto java.se java.smartcardio jdk.accessibility jdk.internal.jvmstat jdk.attach jdk.charsets jdk.internal.opt jdk.zipfs jdk.compiler jdk.crypto.ec jdk.crypto.cryptoki jdk.crypto.mscapi jdk.dynalink jdk.internal.ed jdk.editpad jdk.hotspot.agent jdk.httpserver jdk.internal.le jdk.internal.vm.ci jdk.internal.vm.compiler jdk.internal.vm.compiler.management jdk.jartool jdk.javadoc jdk.jcmd jdk.management jdk.management.agent jdk.jconsole jdk.jdeps jdk.jdwp.agent jdk.jdi jdk.jfr jdk.jshell jdk.jsobject jdk.jstatd jdk.localedata jdk.management.jfr jdk.naming.dns jdk.naming.rmi jdk.net jdk.nio.mapmode jdk.random jdk.sctp jdk.security.auth jdk.security.jgss jdk.unsupported jdk.unsupported.desktop jdk.xml.dom" 

Environment Variables:
JAVA_HOME=C:\Program Files\Java\jdk-23
PATH=C:\Python314\Scripts\;C:\Python314\;C:\Program Files\Microsoft\jdk-17.0.17.10-hotspot\bin;C:\Program Files\Common Files\Oracle\Java\javapath;C:\Program Files (x86)\Common Files\Oracle\Java\java8path;C:\Program Files (x86)\Common Files\Oracle\Java\javapath;C:\windows\system32;C:\windows;C:\windows\System32\Wbem;C:\windows\System32\WindowsPowerShell\v1.0\;C:\windows\System32\OpenSSH\;C:\Program Files (x86)\NVIDIA Corporation\PhysX\Common;C:\Users\Administrator\AppData\Local\Microsoft\WindowsApps;C:\Program Files\HP\OMEN-Broadcast\Common;C:\WINDOWS\system32;C:\WINDOWS;C:\WINDOWS\System32\Wbem;C:\WINDOWS\System32\WindowsPowerShell\v1.0\;C:\WINDOWS\System32\OpenSSH\;C:\MinGW\bin;C:\Program Files\NVIDIA Corporation\NVIDIA app\NvDLISR;C:\ProgramData\chocolatey\bin;C:\Program Files\dotnet\;C:\Program Files\Docker\Docker\resources\bin;C:\Program Files\Git\cmd;C:\Program Files\Git\mingw64\bin;C:\Program Files\Git\usr\bin;C:\Program Files\GitHub CLI\;C:\Program Files\nodejs\;C:\Users\HP\anaconda3;C:\Users\HP\anaconda3\Library\mingw-w64\bin;C:\Users\HP\anaconda3\Library\usr\bin;C:\Users\HP\anaconda3\Library\bin;C:\Users\HP\anaconda3\Scripts;C:\Users\HP\AppData\Local\Microsoft\WindowsApps;C:\Users\HP\.bun\bin;C:\Users\HP\AppData\Local\Programs\mongosh\;C:\Users\HP\AppData\Local\Programs\Microsoft VS Code\bin;C:\Users\HP\AppData\Local\Microsoft\WinGet\Packages\LiveKit.LiveKitCLI_Microsoft.Winget.Source_8wekyb3d8bbwe;C:\Program Files\MySQL\MySQL Server 8.0\bin;C:\Users\HP\AppData\Roaming\npm;C:\Users\HP\AppData\Local\Programs\Antigravity\bin;C:\Users\HP\maven\apache-maven-3.9.6\bin;C:\Maven\apache-maven-3.9.6\bin;C:\Program Files\Java\jdk-23\bin;C:\Program Files (x86)\Nmap
USERNAME=HP
OS=Windows_NT
PROCESSOR_IDENTIFIER=Intel64 Family 6 Model 186 Stepping 2, GenuineIntel
TMP=C:\Users\HP\AppData\Local\Temp
TEMP=C:\Users\HP\AppData\Local\Temp




Periodic native trim disabled

---------------  S Y S T E M  ---------------

OS:
 Windows 11 , 64 bit Build 26100 (10.0.26100.8115)
OS uptime: 0 days 1:28 hours
Hyper-V role detected

CPU: total 16 (initial active 16) (8 cores per cpu, 2 threads per core) family 6 model 186 stepping 2 microcode 0x4128, cx8, cmov, fxsr, ht, mmx, 3dnowpref, sse, sse2, sse3, ssse3, sse4.1, sse4.2, popcnt, lzcnt, tsc, tscinvbit, avx, avx2, aes, erms, clmul, bmi1, bmi2, adx, sha, fma, vzeroupper, clflush, clflushopt, clwb, hv, serialize, rdtscp, rdpid, fsrm, f16c, cet_ibt, cet_ss
Processor Information for the first 16 processors :
  Max Mhz: 2400, Current Mhz: 2400, Mhz Limit: 2400

Memory: 4k page, system-wide physical 32461M (2812M free)
TotalPageFile size 34509M (AvailPageFile size 4M)
current process WorkingSet (physical memory assigned to process): 695M, peak: 1826M
current process commit charge ("private bytes"): 616M, peak: 1766M

vm_info: OpenJDK 64-Bit Server VM (21.0.10+7-LTS) for windows-amd64 JRE (21.0.10+7-LTS), built on 2026-01-20T00:00:00Z by "admin" with MS VC++ 17.12 (VS2022)

END.
