#
# There is insufficient memory for the Java Runtime Environment to continue.
# Native memory allocation (malloc) failed to allocate 1134896 bytes. Error detail: Chunk::new
# Possible reasons:
#   The system is out of physical RAM or swap space
#   This process is running with CompressedOops enabled, and the Java Heap may be blocking the growth of the native heap
# Possible solutions:
#   Reduce memory load on the system
#   Increase physical memory or swap space
#   Check if swap backing store is full
#   Decrease Java heap size (-Xmx/-Xms)
#   Decrease number of Java threads
#   Decrease Java thread stack sizes (-Xss)
#   Set larger code cache with -XX:ReservedCodeCacheSize=
#   JVM is running with Unscaled Compressed Oops mode in which the Java heap is
#     placed in the first 4GB address space. The Java Heap base address is the
#     maximum limit for the native heap growth. Please use -XX:HeapBaseMinAddress
#     to set the Java Heap base and to place the Java Heap above 4GB virtual address.
# This output file may be truncated or incomplete.
#
#  Out of Memory Error (arena.cpp:168), pid=25332, tid=24096
#
# JRE version: OpenJDK Runtime Environment Temurin-21.0.10+7 (21.0.10+7) (build 21.0.10+7-LTS)
# Java VM: OpenJDK 64-Bit Server VM Temurin-21.0.10+7 (21.0.10+7-LTS, mixed mode, sharing, tiered, compressed oops, compressed class ptrs, parallel gc, windows-amd64)
# No core dump will be written. Minidumps are not enabled by default on client versions of Windows
#

---------------  S U M M A R Y ------------

Command Line: --add-modules=ALL-SYSTEM --add-opens=java.base/java.util=ALL-UNNAMED --add-opens=java.base/java.lang=ALL-UNNAMED --add-opens=java.base/sun.nio.fs=ALL-UNNAMED -Declipse.application=org.eclipse.jdt.ls.core.id1 -Dosgi.bundles.defaultStartLevel=4 -Declipse.product=org.eclipse.jdt.ls.core.product -Djava.import.generatesMetadataFilesAtProjectRoot=false -DDetectVMInstallationsJob.disabled=true -Dfile.encoding=utf8 -XX:+UseParallelGC -XX:GCTimeRatio=4 -XX:AdaptiveSizePolicyWeight=90 -Dsun.zip.disableMemoryMapping=true -Xmx2G -Xms100m -Xlog:disable -javaagent:c:\Users\HP\.antigravity\extensions\redhat.java-1.53.0-win32-x64\lombok\lombok-1.18.39-4050.jar -XX:+HeapDumpOnOutOfMemoryError -XX:HeapDumpPath=c:\Users\HP\AppData\Roaming\Antigravity\User\workspaceStorage\10cac1632d26cc84e9e60fa305b98b85\redhat.java -Daether.dependencyCollector.impl=bf c:\Users\HP\.antigravity\extensions\redhat.java-1.53.0-win32-x64\server\plugins\org.eclipse.equinox.launcher_1.7.100.v20251111-0406.jar -configuration c:\Users\HP\AppData\Roaming\Antigravity\User\globalStorage\redhat.java\1.53.0\config_win -data c:\Users\HP\AppData\Roaming\Antigravity\User\workspaceStorage\10cac1632d26cc84e9e60fa305b98b85\redhat.java\jdt_ws --pipe=\\.\pipe\lsp-ab2da2cf3f7d21041ed9ee0fd9cb7da8-sock

Host: 13th Gen Intel(R) Core(TM) i7-13620H, 16 cores, 31G,  Windows 11 , 64 bit Build 26100 (10.0.26100.8115)
Time: Sun Apr 12 17:48:02 2026 India Standard Time elapsed time: 16.705848 seconds (0d 0h 0m 16s)

---------------  T H R E A D  ---------------

Current thread (0x000001a04dbb7030):  JavaThread "C2 CompilerThread0" daemon [_thread_in_native, id=24096, stack(0x000000751b600000,0x000000751b700000) (1024K)]


Current CompileTask:
C2:16705 4198       4       org.lombokweb.asm.ClassReader::readMethod (1070 bytes)

Stack: [0x000000751b600000,0x000000751b700000]
Native frames: (J=compiled Java code, j=interpreted, Vv=VM code, C=native code)
V  [jvm.dll+0x6d7a39]
V  [jvm.dll+0x8b4b26]
V  [jvm.dll+0x8b70de]
V  [jvm.dll+0x8b77c3]
V  [jvm.dll+0x284346]
V  [jvm.dll+0xc66ed]
V  [jvm.dll+0xc6c31]
V  [jvm.dll+0x3bec01]
V  [jvm.dll+0x38b162]
V  [jvm.dll+0x38a5aa]
V  [jvm.dll+0x24c560]
V  [jvm.dll+0x24bb40]
V  [jvm.dll+0x1cb34e]
V  [jvm.dll+0x25b85d]
V  [jvm.dll+0x259dea]
V  [jvm.dll+0x3f857e]
V  [jvm.dll+0x85f59d]
V  [jvm.dll+0x6d626d]
C  [ucrtbase.dll+0x37b0]
C  [KERNEL32.DLL+0x2e8d7]
C  [ntdll.dll+0x8c3fc]


---------------  P R O C E S S  ---------------

Threads class SMR info:
_java_thread_list=0x000001a06ce3b6f0, length=28, elements={
0x000001a04b779e10, 0x000001a04dba7390, 0x000001a04daacee0, 0x000001a04dba9630,
0x000001a04dbac300, 0x000001a04dbb0590, 0x000001a04dbae190, 0x000001a04dbb7030,
0x000001a065891010, 0x000001a065ae4810, 0x000001a06714a400, 0x000001a06c36c310,
0x000001a06c09b770, 0x000001a06c054000, 0x000001a06c055250, 0x000001a06c8bdc30,
0x000001a067192500, 0x000001a06c34e110, 0x000001a0659ba950, 0x000001a065941e40,
0x000001a06c34f4c0, 0x000001a06c3501e0, 0x000001a06c34ee30, 0x000001a06c350870,
0x000001a065983ec0, 0x000001a06c350f00, 0x000001a06c34da80, 0x000001a06ce385f0
}

Java Threads: ( => current thread )
  0x000001a04b779e10 JavaThread "main"                              [_thread_blocked, id=25040, stack(0x000000751ac00000,0x000000751ad00000) (1024K)]
  0x000001a04dba7390 JavaThread "Reference Handler"          daemon [_thread_blocked, id=24752, stack(0x000000751b000000,0x000000751b100000) (1024K)]
  0x000001a04daacee0 JavaThread "Finalizer"                  daemon [_thread_blocked, id=7828, stack(0x000000751b100000,0x000000751b200000) (1024K)]
  0x000001a04dba9630 JavaThread "Signal Dispatcher"          daemon [_thread_blocked, id=29928, stack(0x000000751b200000,0x000000751b300000) (1024K)]
  0x000001a04dbac300 JavaThread "Attach Listener"            daemon [_thread_blocked, id=9928, stack(0x000000751b300000,0x000000751b400000) (1024K)]
  0x000001a04dbb0590 JavaThread "Service Thread"             daemon [_thread_blocked, id=17856, stack(0x000000751b400000,0x000000751b500000) (1024K)]
  0x000001a04dbae190 JavaThread "Monitor Deflation Thread"   daemon [_thread_blocked, id=30540, stack(0x000000751b500000,0x000000751b600000) (1024K)]
=>0x000001a04dbb7030 JavaThread "C2 CompilerThread0"         daemon [_thread_in_native, id=24096, stack(0x000000751b600000,0x000000751b700000) (1024K)]
  0x000001a065891010 JavaThread "C1 CompilerThread0"         daemon [_thread_in_native, id=13048, stack(0x000000751b700000,0x000000751b800000) (1024K)]
  0x000001a065ae4810 JavaThread "Common-Cleaner"             daemon [_thread_blocked, id=16092, stack(0x000000751bb00000,0x000000751bc00000) (1024K)]
  0x000001a06714a400 JavaThread "Notification Thread"        daemon [_thread_blocked, id=24648, stack(0x000000751bd00000,0x000000751be00000) (1024K)]
  0x000001a06c36c310 JavaThread "Active Thread: Equinox Container: c624ee43-ae8f-4a0b-ae68-4928a7a61fc2"        [_thread_blocked, id=18796, stack(0x000000751c700000,0x000000751c800000) (1024K)]
  0x000001a06c09b770 JavaThread "Refresh Thread: Equinox Container: c624ee43-ae8f-4a0b-ae68-4928a7a61fc2" daemon [_thread_blocked, id=23300, stack(0x000000751c600000,0x000000751c700000) (1024K)]
  0x000001a06c054000 JavaThread "Framework Event Dispatcher: Equinox Container: c624ee43-ae8f-4a0b-ae68-4928a7a61fc2" daemon [_thread_blocked, id=23908, stack(0x000000751c900000,0x000000751ca00000) (1024K)]
  0x000001a06c055250 JavaThread "Start Level: Equinox Container: c624ee43-ae8f-4a0b-ae68-4928a7a61fc2" daemon [_thread_in_native, id=28580, stack(0x000000751ca00000,0x000000751cb00000) (1024K)]
  0x000001a06c8bdc30 JavaThread "Bundle File Closer"         daemon [_thread_blocked, id=23240, stack(0x000000751cd00000,0x000000751ce00000) (1024K)]
  0x000001a067192500 JavaThread "SCR Component Actor"        daemon [_thread_blocked, id=10016, stack(0x000000751bc00000,0x000000751bd00000) (1024K)]
  0x000001a06c34e110 JavaThread "Worker-JM"                         [_thread_blocked, id=4288, stack(0x000000751b900000,0x000000751ba00000) (1024K)]
  0x000001a0659ba950 JavaThread "C2 CompilerThread1"         daemon [_thread_in_native, id=8328, stack(0x000000751d000000,0x000000751d100000) (1024K)]
  0x000001a065941e40 JavaThread "C2 CompilerThread2"         daemon [_thread_in_native, id=29096, stack(0x000000751d100000,0x000000751d200000) (1024K)]
  0x000001a06c34f4c0 JavaThread "JNA Cleaner"                daemon [_thread_blocked, id=19416, stack(0x000000751d200000,0x000000751d300000) (1024K)]
  0x000001a06c3501e0 JavaThread "Worker-0: Updating Maven Dependencies"        [_thread_blocked, id=29872, stack(0x000000751d300000,0x000000751d400000) (1024K)]
  0x000001a06c34ee30 JavaThread "Worker-1: Refreshing workspace"        [_thread_blocked, id=27288, stack(0x000000751d400000,0x000000751d500000) (1024K)]
  0x000001a06c350870 JavaThread "Worker-2: Repository registry initialization"        [_thread_in_vm, id=27836, stack(0x000000751d500000,0x000000751d600000) (1024K)]
  0x000001a065983ec0 JavaThread "C1 CompilerThread1"         daemon [_thread_blocked, id=8872, stack(0x000000751b800000,0x000000751b900000) (1024K)]
  0x000001a06c350f00 JavaThread "Worker-3: Updating workspace"        [_thread_blocked, id=10572, stack(0x000000751ba00000,0x000000751bb00000) (1024K)]
  0x000001a06c34da80 JavaThread "Worker-4"                          [_thread_blocked, id=11844, stack(0x000000751be00000,0x000000751bf00000) (1024K)]
  0x000001a06ce385f0 JavaThread "C1 CompilerThread2"         daemon [_thread_blocked, id=25796, stack(0x000000751d600000,0x000000751d700000) (1024K)]
Total: 28

Other Threads:
  0x000001a04da914e0 VMThread "VM Thread"                           [id=14180, stack(0x000000751af00000,0x000000751b000000) (1024K)]
  0x000001a04d98c8e0 WatcherThread "VM Periodic Task Thread"        [id=23348, stack(0x000000751ae00000,0x000000751af00000) (1024K)]
  0x000001a04db1e980 WorkerThread "GC Thread#0"                     [id=27640, stack(0x000000751ad00000,0x000000751ae00000) (1024K)]
  0x000001a06c195990 WorkerThread "GC Thread#1"                     [id=3616, stack(0x000000751bf00000,0x000000751c000000) (1024K)]
  0x000001a06c0ab640 WorkerThread "GC Thread#2"                     [id=30180, stack(0x000000751c000000,0x000000751c100000) (1024K)]
  0x000001a067652e00 WorkerThread "GC Thread#3"                     [id=10144, stack(0x000000751c100000,0x000000751c200000) (1024K)]
  0x000001a0676531b0 WorkerThread "GC Thread#4"                     [id=13064, stack(0x000000751c200000,0x000000751c300000) (1024K)]
  0x000001a067903aa0 WorkerThread "GC Thread#5"                     [id=27444, stack(0x000000751c300000,0x000000751c400000) (1024K)]
  0x000001a067902f90 WorkerThread "GC Thread#6"                     [id=28464, stack(0x000000751c400000,0x000000751c500000) (1024K)]
  0x000001a067902be0 WorkerThread "GC Thread#7"                     [id=4888, stack(0x000000751c800000,0x000000751c900000) (1024K)]
  0x000001a067903340 WorkerThread "GC Thread#8"                     [id=28852, stack(0x000000751c500000,0x000000751c600000) (1024K)]
  0x000001a0679036f0 WorkerThread "GC Thread#9"                     [id=2936, stack(0x000000751cb00000,0x000000751cc00000) (1024K)]
  0x000001a06c50ac90 WorkerThread "GC Thread#10"                    [id=27760, stack(0x000000751cc00000,0x000000751cd00000) (1024K)]
  0x000001a06c50b040 WorkerThread "GC Thread#11"                    [id=21436, stack(0x000000751ce00000,0x000000751cf00000) (1024K)]
  0x000001a06c50b3f0 WorkerThread "GC Thread#12"                    [id=1868, stack(0x000000751cf00000,0x000000751d000000) (1024K)]
Total: 15

Threads with active compile tasks:
C2 CompilerThread0  21728 4198       4       org.lombokweb.asm.ClassReader::readMethod (1070 bytes)
C2 CompilerThread1  21728 4303       4       java.util.Collections$SetFromMap::remove (19 bytes)
C2 CompilerThread2  21729 4214       4       lombok.patcher.PatchScript$MethodPatcher::visitMethod (158 bytes)
Total: 3

VM state: not at safepoint (normal execution)

VM Mutex/Monitor currently owned by a thread: None

Heap address: 0x0000000080000000, size: 2048 MB, Compressed Oops mode: 32-bit

CDS archive(s) mapped at: [0x000001a000000000-0x000001a000ba0000-0x000001a000ba0000), size 12189696, SharedBaseAddress: 0x000001a000000000, ArchiveRelocationMode: 1.
Compressed class space mapped at: 0x000001a001000000-0x000001a041000000, reserved size: 1073741824
Narrow klass base: 0x000001a000000000, Narrow klass shift: 0, Narrow klass range: 0x100000000

GC Precious Log:
 CardTable entry size: 512
 CPUs: 16 total, 16 available
 Memory: 32461M
 Large Page Support: Disabled
 NUMA Support: Disabled
 Compressed Oops: Enabled (32-bit)
 Alignments: Space 512K, Generation 512K, Heap 2M
 Heap Min Capacity: 100M
 Heap Initial Capacity: 100M
 Heap Max Capacity: 2G
 Pre-touch: Disabled
 Parallel Workers: 13

Heap:
 PSYoungGen      total 26624K, used 16632K [0x00000000d5580000, 0x00000000d7300000, 0x0000000100000000)
  eden space 23552K, 65% used [0x00000000d5580000,0x00000000d6490758,0x00000000d6c80000)
  from space 3072K, 39% used [0x00000000d6e00000,0x00000000d6f2da20,0x00000000d7100000)
  to   space 1536K, 0% used [0x00000000d7180000,0x00000000d7180000,0x00000000d7300000)
 ParOldGen       total 68608K, used 13246K [0x0000000080000000, 0x0000000084300000, 0x00000000d5580000)
  object space 68608K, 19% used [0x0000000080000000,0x0000000080cefb90,0x0000000084300000)
 Metaspace       used 27350K, committed 28224K, reserved 1114112K
  class space    used 2699K, committed 3072K, reserved 1048576K

Card table byte_map: [0x000001a04d4a0000,0x000001a04d8b0000] _byte_map_base: 0x000001a04d0a0000

Marking Bits: (ParMarkBitMap*) 0x00007ff9c0843450
 Begin Bits: [0x000001a05ffb0000, 0x000001a061fb0000)
 End Bits:   [0x000001a061fb0000, 0x000001a063fb0000)

Polling page: 0x000001a04b930000

Metaspace:

Usage:
  Non-class:     24.07 MB used.
      Class:      2.64 MB used.
       Both:     26.71 MB used.

Virtual space:
  Non-class space:       64.00 MB reserved,      24.56 MB ( 38%) committed,  1 nodes.
      Class space:        1.00 GB reserved,       3.00 MB ( <1%) committed,  1 nodes.
             Both:        1.06 GB reserved,      27.56 MB (  3%) committed. 

Chunk freelists:
   Non-Class:  6.80 MB
       Class:  12.89 MB
        Both:  19.69 MB

MaxMetaspaceSize: unlimited
CompressedClassSpaceSize: 1.00 GB
Initial GC threshold: 21.00 MB
Current GC threshold: 35.00 MB
CDS: on
 - commit_granule_bytes: 65536.
 - commit_granule_words: 8192.
 - virtual_space_node_default_size: 8388608.
 - enlarge_chunks_in_place: 1.
 - use_allocation_guard: 0.


Internal statistics:

num_allocs_failed_limit: 3.
num_arena_births: 682.
num_arena_deaths: 14.
num_vsnodes_births: 2.
num_vsnodes_deaths: 0.
num_space_committed: 441.
num_space_uncommitted: 0.
num_chunks_returned_to_freelist: 17.
num_chunks_taken_from_freelist: 1789.
num_chunk_merges: 8.
num_chunk_splits: 1160.
num_chunks_enlarged: 740.
num_inconsistent_stats: 0.

CodeHeap 'non-profiled nmethods': size=119168Kb used=1945Kb max_used=1945Kb free=117222Kb
 bounds [0x000001a0588a0000, 0x000001a058b10000, 0x000001a05fd00000]
CodeHeap 'profiled nmethods': size=119104Kb used=9166Kb max_used=9166Kb free=109937Kb
 bounds [0x000001a050d00000, 0x000001a051600000, 0x000001a058150000]
CodeHeap 'non-nmethods': size=7488Kb used=2461Kb max_used=3017Kb free=5026Kb
 bounds [0x000001a058150000, 0x000001a058450000, 0x000001a0588a0000]
CodeCache: size=245760Kb, used=13572Kb, max_used=14128Kb, free=232185Kb
 total_blobs=4923, nmethods=4299, adapters=528, full_count=0
Compilation: enabled, stopped_count=0, restarted_count=0

Compilation events (20 events):
Event: 13.661 Thread 0x000001a065983ec0 4263   !   3       org.eclipse.osgi.internal.loader.BundleLoader::findClass0 (490 bytes)
Event: 14.056 Thread 0x000001a065891010 4264       3       java.util.concurrent.locks.AbstractQueuedSynchronizer$Node::<init> (5 bytes)
Event: 14.663 Thread 0x000001a065891010 nmethod 4264 0x000001a0515c9a90 code [0x000001a0515c9c40, 0x000001a0515c9da8]
Event: 14.665 Thread 0x000001a065891010 4266   !   3       java.util.concurrent.locks.AbstractQueuedSynchronizer::acquire (424 bytes)
Event: 14.671 Thread 0x000001a065983ec0 nmethod 4263 0x000001a0515c9e90 code [0x000001a0515ca720, 0x000001a0515ceea8]
Event: 14.671 Thread 0x000001a065891010 nmethod 4266 0x000001a0515d0710 code [0x000001a0515d0aa0, 0x000001a0515d2288]
Event: 14.677 Thread 0x000001a065891010 4265       3       org.osgi.util.tracker.ServiceTracker::getService (33 bytes)
Event: 15.215 Thread 0x000001a065983ec0 4267       3       java.util.concurrent.locks.AbstractQueuedSynchronizer::acquire (20 bytes)
Event: 15.677 Thread 0x000001a065891010 nmethod 4265 0x000001a0515d2a90 code [0x000001a0515d2c80, 0x000001a0515d3318]
Event: 15.677 Thread 0x000001a065983ec0 nmethod 4267 0x000001a0515d3590 code [0x000001a0515d3760, 0x000001a0515d39d0]
Event: 15.682 Thread 0x000001a0659ba950 nmethod 4211 0x000001a058a7f310 code [0x000001a058a7f6e0, 0x000001a058a818b8]
Event: 15.684 Thread 0x000001a0659ba950 4217       4       org.lombokweb.asm.MethodWriter::canCopyMethodAttributes (163 bytes)
Event: 15.697 Thread 0x000001a0659ba950 nmethod 4217 0x000001a058a82f10 code [0x000001a058a830c0, 0x000001a058a83418]
Event: 15.698 Thread 0x000001a0659ba950 4215       4       java.util.zip.ZipUtils::CENNAM (9 bytes)
Event: 15.698 Thread 0x000001a0659ba950 nmethod 4215 0x000001a058a83710 code [0x000001a058a838a0, 0x000001a058a83980]
Event: 15.698 Thread 0x000001a0659ba950 4218       4       org.lombokweb.asm.ClassWriter::visitMethod (57 bytes)
Event: 15.700 Thread 0x000001a0659ba950 nmethod 4218 0x000001a058a83a90 code [0x000001a058a83c20, 0x000001a058a83e40]
Event: 15.701 Thread 0x000001a0659ba950 4220       4       org.lombokweb.asm.MethodWriter::computeMethodInfoSize (571 bytes)
Event: 15.726 Thread 0x000001a065891010 4268  s!   3       java.io.FileDescriptor::closeAll (163 bytes)
Event: 15.726 Thread 0x000001a065983ec0 4269       3       org.eclipse.core.internal.preferences.ImmutableMap$ArrayMap::internalPut (85 bytes)

GC Heap History (20 events):
Event: 0.546 GC heap before
{Heap before GC invocations=1 (full 0):
 PSYoungGen      total 29696K, used 25600K [0x00000000d5580000, 0x00000000d7680000, 0x0000000100000000)
  eden space 25600K, 100% used [0x00000000d5580000,0x00000000d6e80000,0x00000000d6e80000)
  from space 4096K, 0% used [0x00000000d7280000,0x00000000d7280000,0x00000000d7680000)
  to   space 4096K, 0% used [0x00000000d6e80000,0x00000000d6e80000,0x00000000d7280000)
 ParOldGen       total 68608K, used 0K [0x0000000080000000, 0x0000000084300000, 0x00000000d5580000)
  object space 68608K, 0% used [0x0000000080000000,0x0000000080000000,0x0000000084300000)
 Metaspace       used 4157K, committed 4416K, reserved 1114112K
  class space    used 453K, committed 576K, reserved 1048576K
}
Event: 0.550 GC heap after
{Heap after GC invocations=1 (full 0):
 PSYoungGen      total 29696K, used 3708K [0x00000000d5580000, 0x00000000d7680000, 0x0000000100000000)
  eden space 25600K, 0% used [0x00000000d5580000,0x00000000d5580000,0x00000000d6e80000)
  from space 4096K, 90% used [0x00000000d6e80000,0x00000000d721f000,0x00000000d7280000)
  to   space 4096K, 0% used [0x00000000d7280000,0x00000000d7280000,0x00000000d7680000)
 ParOldGen       total 68608K, used 16K [0x0000000080000000, 0x0000000084300000, 0x00000000d5580000)
  object space 68608K, 0% used [0x0000000080000000,0x0000000080004000,0x0000000084300000)
 Metaspace       used 4157K, committed 4416K, reserved 1114112K
  class space    used 453K, committed 576K, reserved 1048576K
}
Event: 0.994 GC heap before
{Heap before GC invocations=2 (full 0):
 PSYoungGen      total 29696K, used 29308K [0x00000000d5580000, 0x00000000d7680000, 0x0000000100000000)
  eden space 25600K, 100% used [0x00000000d5580000,0x00000000d6e80000,0x00000000d6e80000)
  from space 4096K, 90% used [0x00000000d6e80000,0x00000000d721f000,0x00000000d7280000)
  to   space 4096K, 0% used [0x00000000d7280000,0x00000000d7280000,0x00000000d7680000)
 ParOldGen       total 68608K, used 16K [0x0000000080000000, 0x0000000084300000, 0x00000000d5580000)
  object space 68608K, 0% used [0x0000000080000000,0x0000000080004000,0x0000000084300000)
 Metaspace       used 7813K, committed 8128K, reserved 1114112K
  class space    used 807K, committed 960K, reserved 1048576K
}
Event: 0.999 GC heap after
{Heap after GC invocations=2 (full 0):
 PSYoungGen      total 29696K, used 4073K [0x00000000d5580000, 0x00000000d7680000, 0x0000000100000000)
  eden space 25600K, 0% used [0x00000000d5580000,0x00000000d5580000,0x00000000d6e80000)
  from space 4096K, 99% used [0x00000000d7280000,0x00000000d767a4f8,0x00000000d7680000)
  to   space 4096K, 0% used [0x00000000d6e80000,0x00000000d6e80000,0x00000000d7280000)
 ParOldGen       total 68608K, used 2009K [0x0000000080000000, 0x0000000084300000, 0x00000000d5580000)
  object space 68608K, 2% used [0x0000000080000000,0x00000000801f66a8,0x0000000084300000)
 Metaspace       used 7813K, committed 8128K, reserved 1114112K
  class space    used 807K, committed 960K, reserved 1048576K
}
Event: 1.396 GC heap before
{Heap before GC invocations=3 (full 0):
 PSYoungGen      total 29696K, used 29673K [0x00000000d5580000, 0x00000000d7680000, 0x0000000100000000)
  eden space 25600K, 100% used [0x00000000d5580000,0x00000000d6e80000,0x00000000d6e80000)
  from space 4096K, 99% used [0x00000000d7280000,0x00000000d767a4f8,0x00000000d7680000)
  to   space 4096K, 0% used [0x00000000d6e80000,0x00000000d6e80000,0x00000000d7280000)
 ParOldGen       total 68608K, used 2009K [0x0000000080000000, 0x0000000084300000, 0x00000000d5580000)
  object space 68608K, 2% used [0x0000000080000000,0x00000000801f66a8,0x0000000084300000)
 Metaspace       used 9488K, committed 9856K, reserved 1114112K
  class space    used 1007K, committed 1152K, reserved 1048576K
}
Event: 1.399 GC heap after
{Heap after GC invocations=3 (full 0):
 PSYoungGen      total 29696K, used 4069K [0x00000000d5580000, 0x00000000d7680000, 0x0000000100000000)
  eden space 25600K, 0% used [0x00000000d5580000,0x00000000d5580000,0x00000000d6e80000)
  from space 4096K, 99% used [0x00000000d6e80000,0x00000000d72794d8,0x00000000d7280000)
  to   space 4096K, 0% used [0x00000000d7280000,0x00000000d7280000,0x00000000d7680000)
 ParOldGen       total 68608K, used 4324K [0x0000000080000000, 0x0000000084300000, 0x00000000d5580000)
  object space 68608K, 6% used [0x0000000080000000,0x0000000080439078,0x0000000084300000)
 Metaspace       used 9488K, committed 9856K, reserved 1114112K
  class space    used 1007K, committed 1152K, reserved 1048576K
}
Event: 1.901 GC heap before
{Heap before GC invocations=4 (full 0):
 PSYoungGen      total 29696K, used 29669K [0x00000000d5580000, 0x00000000d7680000, 0x0000000100000000)
  eden space 25600K, 100% used [0x00000000d5580000,0x00000000d6e80000,0x00000000d6e80000)
  from space 4096K, 99% used [0x00000000d6e80000,0x00000000d72794d8,0x00000000d7280000)
  to   space 4096K, 0% used [0x00000000d7280000,0x00000000d7280000,0x00000000d7680000)
 ParOldGen       total 68608K, used 4324K [0x0000000080000000, 0x0000000084300000, 0x00000000d5580000)
  object space 68608K, 6% used [0x0000000080000000,0x0000000080439078,0x0000000084300000)
 Metaspace       used 11443K, committed 11776K, reserved 1114112K
  class space    used 1197K, committed 1344K, reserved 1048576K
}
Event: 1.906 GC heap after
{Heap after GC invocations=4 (full 0):
 PSYoungGen      total 29696K, used 4079K [0x00000000d5580000, 0x00000000d7680000, 0x0000000100000000)
  eden space 25600K, 0% used [0x00000000d5580000,0x00000000d5580000,0x00000000d6e80000)
  from space 4096K, 99% used [0x00000000d7280000,0x00000000d767bc00,0x00000000d7680000)
  to   space 4096K, 0% used [0x00000000d6e80000,0x00000000d6e80000,0x00000000d7280000)
 ParOldGen       total 68608K, used 6694K [0x0000000080000000, 0x0000000084300000, 0x00000000d5580000)
  object space 68608K, 9% used [0x0000000080000000,0x0000000080689a48,0x0000000084300000)
 Metaspace       used 11443K, committed 11776K, reserved 1114112K
  class space    used 1197K, committed 1344K, reserved 1048576K
}
Event: 8.513 GC heap before
{Heap before GC invocations=5 (full 0):
 PSYoungGen      total 29696K, used 29679K [0x00000000d5580000, 0x00000000d7680000, 0x0000000100000000)
  eden space 25600K, 100% used [0x00000000d5580000,0x00000000d6e80000,0x00000000d6e80000)
  from space 4096K, 99% used [0x00000000d7280000,0x00000000d767bc00,0x00000000d7680000)
  to   space 4096K, 0% used [0x00000000d6e80000,0x00000000d6e80000,0x00000000d7280000)
 ParOldGen       total 68608K, used 6694K [0x0000000080000000, 0x0000000084300000, 0x00000000d5580000)
  object space 68608K, 9% used [0x0000000080000000,0x0000000080689a48,0x0000000084300000)
 Metaspace       used 15239K, committed 15808K, reserved 1114112K
  class space    used 1576K, committed 1856K, reserved 1048576K
}
Event: 8.516 GC heap after
{Heap after GC invocations=5 (full 0):
 PSYoungGen      total 29184K, used 4092K [0x00000000d5580000, 0x00000000d7900000, 0x0000000100000000)
  eden space 25088K, 0% used [0x00000000d5580000,0x00000000d5580000,0x00000000d6e00000)
  from space 4096K, 99% used [0x00000000d6e80000,0x00000000d727f160,0x00000000d7280000)
  to   space 5632K, 0% used [0x00000000d7380000,0x00000000d7380000,0x00000000d7900000)
 ParOldGen       total 68608K, used 7705K [0x0000000080000000, 0x0000000084300000, 0x00000000d5580000)
  object space 68608K, 11% used [0x0000000080000000,0x0000000080786470,0x0000000084300000)
 Metaspace       used 15239K, committed 15808K, reserved 1114112K
  class space    used 1576K, committed 1856K, reserved 1048576K
}
Event: 8.940 GC heap before
{Heap before GC invocations=6 (full 0):
 PSYoungGen      total 29184K, used 29180K [0x00000000d5580000, 0x00000000d7900000, 0x0000000100000000)
  eden space 25088K, 100% used [0x00000000d5580000,0x00000000d6e00000,0x00000000d6e00000)
  from space 4096K, 99% used [0x00000000d6e80000,0x00000000d727f160,0x00000000d7280000)
  to   space 5632K, 0% used [0x00000000d7380000,0x00000000d7380000,0x00000000d7900000)
 ParOldGen       total 68608K, used 7705K [0x0000000080000000, 0x0000000084300000, 0x00000000d5580000)
  object space 68608K, 11% used [0x0000000080000000,0x0000000080786470,0x0000000084300000)
 Metaspace       used 18552K, committed 19264K, reserved 1114112K
  class space    used 1930K, committed 2240K, reserved 1048576K
}
Event: 8.943 GC heap after
{Heap after GC invocations=6 (full 0):
 PSYoungGen      total 30208K, used 5577K [0x00000000d5580000, 0x00000000d7980000, 0x0000000100000000)
  eden space 24576K, 0% used [0x00000000d5580000,0x00000000d5580000,0x00000000d6d80000)
  from space 5632K, 99% used [0x00000000d7380000,0x00000000d78f2538,0x00000000d7900000)
  to   space 6144K, 0% used [0x00000000d6d80000,0x00000000d6d80000,0x00000000d7380000)
 ParOldGen       total 68608K, used 7713K [0x0000000080000000, 0x0000000084300000, 0x00000000d5580000)
  object space 68608K, 11% used [0x0000000080000000,0x0000000080788470,0x0000000084300000)
 Metaspace       used 18552K, committed 19264K, reserved 1114112K
  class space    used 1930K, committed 2240K, reserved 1048576K
}
Event: 10.229 GC heap before
{Heap before GC invocations=7 (full 0):
 PSYoungGen      total 30208K, used 28855K [0x00000000d5580000, 0x00000000d7980000, 0x0000000100000000)
  eden space 24576K, 94% used [0x00000000d5580000,0x00000000d6c3b8b8,0x00000000d6d80000)
  from space 5632K, 99% used [0x00000000d7380000,0x00000000d78f2538,0x00000000d7900000)
  to   space 6144K, 0% used [0x00000000d6d80000,0x00000000d6d80000,0x00000000d7380000)
 ParOldGen       total 68608K, used 7713K [0x0000000080000000, 0x0000000084300000, 0x00000000d5580000)
  object space 68608K, 11% used [0x0000000080000000,0x0000000080788470,0x0000000084300000)
 Metaspace       used 20790K, committed 21504K, reserved 1114112K
  class space    used 2191K, committed 2496K, reserved 1048576K
}
Event: 10.232 GC heap after
{Heap after GC invocations=7 (full 0):
 PSYoungGen      total 29184K, used 4581K [0x00000000d5580000, 0x00000000d7780000, 0x0000000100000000)
  eden space 24576K, 0% used [0x00000000d5580000,0x00000000d5580000,0x00000000d6d80000)
  from space 4608K, 99% used [0x00000000d6d80000,0x00000000d71f9700,0x00000000d7200000)
  to   space 5120K, 0% used [0x00000000d7280000,0x00000000d7280000,0x00000000d7780000)
 ParOldGen       total 68608K, used 9321K [0x0000000080000000, 0x0000000084300000, 0x00000000d5580000)
  object space 68608K, 13% used [0x0000000080000000,0x000000008091a730,0x0000000084300000)
 Metaspace       used 20790K, committed 21504K, reserved 1114112K
  class space    used 2191K, committed 2496K, reserved 1048576K
}
Event: 10.232 GC heap before
{Heap before GC invocations=8 (full 1):
 PSYoungGen      total 29184K, used 4581K [0x00000000d5580000, 0x00000000d7780000, 0x0000000100000000)
  eden space 24576K, 0% used [0x00000000d5580000,0x00000000d5580000,0x00000000d6d80000)
  from space 4608K, 99% used [0x00000000d6d80000,0x00000000d71f9700,0x00000000d7200000)
  to   space 5120K, 0% used [0x00000000d7280000,0x00000000d7280000,0x00000000d7780000)
 ParOldGen       total 68608K, used 9321K [0x0000000080000000, 0x0000000084300000, 0x00000000d5580000)
  object space 68608K, 13% used [0x0000000080000000,0x000000008091a730,0x0000000084300000)
 Metaspace       used 20790K, committed 21504K, reserved 1114112K
  class space    used 2191K, committed 2496K, reserved 1048576K
}
Event: 10.258 GC heap after
{Heap after GC invocations=8 (full 1):
 PSYoungGen      total 29184K, used 0K [0x00000000d5580000, 0x00000000d7780000, 0x0000000100000000)
  eden space 24576K, 0% used [0x00000000d5580000,0x00000000d5580000,0x00000000d6d80000)
  from space 4608K, 0% used [0x00000000d6d80000,0x00000000d6d80000,0x00000000d7200000)
  to   space 5120K, 0% used [0x00000000d7280000,0x00000000d7280000,0x00000000d7780000)
 ParOldGen       total 68608K, used 13230K [0x0000000080000000, 0x0000000084300000, 0x00000000d5580000)
  object space 68608K, 19% used [0x0000000080000000,0x0000000080cebb90,0x0000000084300000)
 Metaspace       used 20777K, committed 21504K, reserved 1114112K
  class space    used 2188K, committed 2496K, reserved 1048576K
}
Event: 10.442 GC heap before
{Heap before GC invocations=9 (full 1):
 PSYoungGen      total 29184K, used 24328K [0x00000000d5580000, 0x00000000d7780000, 0x0000000100000000)
  eden space 24576K, 98% used [0x00000000d5580000,0x00000000d6d42350,0x00000000d6d80000)
  from space 4608K, 0% used [0x00000000d6d80000,0x00000000d6d80000,0x00000000d7200000)
  to   space 5120K, 0% used [0x00000000d7280000,0x00000000d7280000,0x00000000d7780000)
 ParOldGen       total 68608K, used 13230K [0x0000000080000000, 0x0000000084300000, 0x00000000d5580000)
  object space 68608K, 19% used [0x0000000080000000,0x0000000080cebb90,0x0000000084300000)
 Metaspace       used 22853K, committed 23616K, reserved 1114112K
  class space    used 2368K, committed 2688K, reserved 1048576K
}
Event: 10.444 GC heap after
{Heap after GC invocations=9 (full 1):
 PSYoungGen      total 25600K, used 1433K [0x00000000d5580000, 0x00000000d7400000, 0x0000000100000000)
  eden space 24064K, 0% used [0x00000000d5580000,0x00000000d5580000,0x00000000d6d00000)
  from space 1536K, 93% used [0x00000000d7280000,0x00000000d73e6688,0x00000000d7400000)
  to   space 3072K, 0% used [0x00000000d6e00000,0x00000000d6e00000,0x00000000d7100000)
 ParOldGen       total 68608K, used 13238K [0x0000000080000000, 0x0000000084300000, 0x00000000d5580000)
  object space 68608K, 19% used [0x0000000080000000,0x0000000080cedb90,0x0000000084300000)
 Metaspace       used 22853K, committed 23616K, reserved 1114112K
  class space    used 2368K, committed 2688K, reserved 1048576K
}
Event: 13.645 GC heap before
{Heap before GC invocations=10 (full 1):
 PSYoungGen      total 25600K, used 25497K [0x00000000d5580000, 0x00000000d7400000, 0x0000000100000000)
  eden space 24064K, 100% used [0x00000000d5580000,0x00000000d6d00000,0x00000000d6d00000)
  from space 1536K, 93% used [0x00000000d7280000,0x00000000d73e6688,0x00000000d7400000)
  to   space 3072K, 0% used [0x00000000d6e00000,0x00000000d6e00000,0x00000000d7100000)
 ParOldGen       total 68608K, used 13238K [0x0000000080000000, 0x0000000084300000, 0x00000000d5580000)
  object space 68608K, 19% used [0x0000000080000000,0x0000000080cedb90,0x0000000084300000)
 Metaspace       used 26594K, committed 27456K, reserved 1114112K
  class space    used 2651K, committed 3008K, reserved 1048576K
}
Event: 13.646 GC heap after
{Heap after GC invocations=10 (full 1):
 PSYoungGen      total 26624K, used 1206K [0x00000000d5580000, 0x00000000d7300000, 0x0000000100000000)
  eden space 23552K, 0% used [0x00000000d5580000,0x00000000d5580000,0x00000000d6c80000)
  from space 3072K, 39% used [0x00000000d6e00000,0x00000000d6f2da20,0x00000000d7100000)
  to   space 1536K, 0% used [0x00000000d7180000,0x00000000d7180000,0x00000000d7300000)
 ParOldGen       total 68608K, used 13246K [0x0000000080000000, 0x0000000084300000, 0x00000000d5580000)
  object space 68608K, 19% used [0x0000000080000000,0x0000000080cefb90,0x0000000084300000)
 Metaspace       used 26594K, committed 27456K, reserved 1114112K
  class space    used 2651K, committed 3008K, reserved 1048576K
}

Dll operation events (10 events):
Event: 0.021 Loaded shared library c:\Users\HP\.antigravity\extensions\redhat.java-1.53.0-win32-x64\jre\21.0.10-win32-x86_64\bin\java.dll
Event: 0.090 Loaded shared library c:\Users\HP\.antigravity\extensions\redhat.java-1.53.0-win32-x64\jre\21.0.10-win32-x86_64\bin\zip.dll
Event: 0.109 Loaded shared library C:\Users\HP\.antigravity\extensions\redhat.java-1.53.0-win32-x64\jre\21.0.10-win32-x86_64\bin\instrument.dll
Event: 0.114 Loaded shared library C:\Users\HP\.antigravity\extensions\redhat.java-1.53.0-win32-x64\jre\21.0.10-win32-x86_64\bin\net.dll
Event: 0.116 Loaded shared library C:\Users\HP\.antigravity\extensions\redhat.java-1.53.0-win32-x64\jre\21.0.10-win32-x86_64\bin\nio.dll
Event: 0.119 Loaded shared library C:\Users\HP\.antigravity\extensions\redhat.java-1.53.0-win32-x64\jre\21.0.10-win32-x86_64\bin\zip.dll
Event: 0.135 Loaded shared library C:\Users\HP\.antigravity\extensions\redhat.java-1.53.0-win32-x64\jre\21.0.10-win32-x86_64\bin\jimage.dll
Event: 0.205 Loaded shared library c:\Users\HP\.antigravity\extensions\redhat.java-1.53.0-win32-x64\jre\21.0.10-win32-x86_64\bin\verify.dll
Event: 1.117 Loaded shared library C:\Users\HP\AppData\Roaming\Antigravity\User\globalStorage\redhat.java\1.53.0\config_win\org.eclipse.equinox.launcher\org.eclipse.equinox.launcher.win32.win32.x86_64_1.3.0.v20260203-2149\eclipse_11919.dll
Event: 8.694 Loaded shared library C:\Users\HP\AppData\Local\Temp\jna-2312\jna16725179691601344528.dll

Deoptimization events (20 events):
Event: 10.566 Thread 0x000001a06c055250 DEOPT PACKING pc=0x000001a058a79bec sp=0x000000751caf28d0
Event: 10.566 Thread 0x000001a06c055250 DEOPT UNPACKING pc=0x000001a0581a3aa2 sp=0x000000751caf28a0 mode 2
Event: 10.566 Thread 0x000001a06c055250 Uncommon trap: trap_request=0xffffff45 fr.pc=0x000001a058a79524 relative=0x0000000000000364
Event: 10.566 Thread 0x000001a06c055250 Uncommon trap: reason=unstable_if action=reinterpret pc=0x000001a058a79524 method=org.lombokweb.asm.Label.resolve([BLorg/lombokweb/asm/ByteVector;I)Z @ 81 c2
Event: 10.566 Thread 0x000001a06c055250 DEOPT PACKING pc=0x000001a058a79524 sp=0x000000751caf2960
Event: 10.566 Thread 0x000001a06c055250 DEOPT UNPACKING pc=0x000001a0581a3aa2 sp=0x000000751caf2868 mode 2
Event: 10.566 Thread 0x000001a06c055250 Uncommon trap: trap_request=0xffffff45 fr.pc=0x000001a058a78dbc relative=0x000000000000021c
Event: 10.566 Thread 0x000001a06c055250 Uncommon trap: reason=unstable_if action=reinterpret pc=0x000001a058a78dbc method=org.lombokweb.asm.Label.resolve([BLorg/lombokweb/asm/ByteVector;I)Z @ 81 c2
Event: 10.566 Thread 0x000001a06c055250 DEOPT PACKING pc=0x000001a058a78dbc sp=0x000000751caf28d0
Event: 10.566 Thread 0x000001a06c055250 DEOPT UNPACKING pc=0x000001a0581a3aa2 sp=0x000000751caf2860 mode 2
Event: 13.625 Thread 0x000001a06c350870 Uncommon trap: trap_request=0xffffff45 fr.pc=0x000001a058a39a1c relative=0x000000000000007c
Event: 13.626 Thread 0x000001a06c350870 Uncommon trap: reason=unstable_if action=reinterpret pc=0x000001a058a39a1c method=java.lang.invoke.LambdaForm$BasicType.basicType(C)Ljava/lang/invoke/LambdaForm$BasicType; @ 1 c2
Event: 13.626 Thread 0x000001a06c350870 DEOPT PACKING pc=0x000001a058a39a1c sp=0x000000751d5fd680
Event: 13.627 Thread 0x000001a06c350870 DEOPT UNPACKING pc=0x000001a0581a3aa2 sp=0x000000751d5fd618 mode 2
Event: 13.659 Thread 0x000001a06c3501e0 Uncommon trap: trap_request=0xffffff45 fr.pc=0x000001a058904128 relative=0x0000000000000108
Event: 13.659 Thread 0x000001a06c3501e0 Uncommon trap: reason=unstable_if action=reinterpret pc=0x000001a058904128 method=jdk.internal.org.objectweb.asm.ByteVector.putShort(I)Ljdk/internal/org/objectweb/asm/ByteVector; @ 13 c2
Event: 13.659 Thread 0x000001a06c3501e0 DEOPT PACKING pc=0x000001a058904128 sp=0x000000751d3fd120
Event: 13.659 Thread 0x000001a06c3501e0 DEOPT UNPACKING pc=0x000001a0581a3aa2 sp=0x000000751d3fd0b8 mode 2
Event: 13.660 Thread 0x000001a06c055250 DEOPT PACKING pc=0x000001a051213ddc sp=0x000000751caf4e60
Event: 13.660 Thread 0x000001a06c055250 DEOPT UNPACKING pc=0x000001a0581a4242 sp=0x000000751caf43f8 mode 0

Classes loaded (20 events):
Event: 10.363 Loading class java/lang/ThreadLocal$SuppliedThreadLocal
Event: 10.363 Loading class java/lang/ThreadLocal$SuppliedThreadLocal done
Event: 10.377 Loading class java/io/FileWriter
Event: 10.378 Loading class java/io/FileWriter done
Event: 10.378 Loading class java/lang/NegativeArraySizeException
Event: 10.378 Loading class java/lang/NegativeArraySizeException done
Event: 11.605 Loading class java/lang/runtime/ObjectMethods
Event: 11.606 Loading class java/lang/runtime/ObjectMethods done
Event: 12.611 Loading class java/lang/invoke/MethodHandleImpl$Makers
Event: 12.611 Loading class java/lang/invoke/MethodHandleImpl$Makers done
Event: 12.611 Loading class java/lang/invoke/MethodHandleImpl$Makers$1
Event: 12.612 Loading class java/lang/invoke/MethodHandleImpl$Makers$1 done
Event: 12.612 Loading class java/lang/invoke/MethodHandleImpl$Makers$2
Event: 12.612 Loading class java/lang/invoke/MethodHandleImpl$Makers$2 done
Event: 12.612 Loading class java/lang/invoke/MethodHandleImpl$Makers$3
Event: 12.612 Loading class java/lang/invoke/MethodHandleImpl$Makers$3 done
Event: 13.632 Loading class java/lang/runtime/ObjectMethods$1
Event: 13.633 Loading class java/lang/runtime/ObjectMethods$1 done
Event: 13.654 Loading class java/lang/invoke/MethodHandleImpl$CountingWrapper
Event: 13.654 Loading class java/lang/invoke/MethodHandleImpl$CountingWrapper done

Classes unloaded (7 events):
Event: 10.235 Thread 0x000001a04da914e0 Unloading class 0x000001a0011a3000 'java/lang/invoke/LambdaForm$MH+0x000001a0011a3000'
Event: 10.235 Thread 0x000001a04da914e0 Unloading class 0x000001a0011a2c00 'java/lang/invoke/LambdaForm$MH+0x000001a0011a2c00'
Event: 10.235 Thread 0x000001a04da914e0 Unloading class 0x000001a0011a2800 'java/lang/invoke/LambdaForm$MH+0x000001a0011a2800'
Event: 10.235 Thread 0x000001a04da914e0 Unloading class 0x000001a0011a2400 'java/lang/invoke/LambdaForm$MH+0x000001a0011a2400'
Event: 10.235 Thread 0x000001a04da914e0 Unloading class 0x000001a0011a2000 'java/lang/invoke/LambdaForm$BMH+0x000001a0011a2000'
Event: 10.235 Thread 0x000001a04da914e0 Unloading class 0x000001a0011a1c00 'java/lang/invoke/LambdaForm$DMH+0x000001a0011a1c00'
Event: 10.235 Thread 0x000001a04da914e0 Unloading class 0x000001a0011a0800 'java/lang/invoke/LambdaForm$DMH+0x000001a0011a0800'

Classes redefined (0 events):
No events

Internal exceptions (20 events):
Event: 10.426 Thread 0x000001a06c055250 Exception <a 'java/io/FileNotFoundException'{0x00000000d6b8ae38}> (0x00000000d6b8ae38) 
thrown [s\src\hotspot\share\prims\jni.cpp, line 520]
Event: 10.426 Thread 0x000001a06c055250 Exception <a 'java/io/FileNotFoundException'{0x00000000d6b8bc88}> (0x00000000d6b8bc88) 
thrown [s\src\hotspot\share\prims\jni.cpp, line 520]
Event: 10.426 Thread 0x000001a06c055250 Exception <a 'java/io/FileNotFoundException'{0x00000000d6b8cbe0}> (0x00000000d6b8cbe0) 
thrown [s\src\hotspot\share\prims\jni.cpp, line 520]
Event: 10.566 Thread 0x000001a06c055250 Implicit null exception at 0x000001a058a79af5 to 0x000001a058a79bd0
Event: 11.610 Thread 0x000001a06c350870 Exception <a 'java/lang/NoSuchMethodError'{0x00000000d6b25ad0}: 'java.lang.Object java.lang.invoke.DirectMethodHandle$Holder.invokeStaticInit(java.lang.Object, java.lang.Object, java.lang.Object, java.lang.Object, java.lang.Object, java.lang.Object, java.lang.Object)'> (0x00000000d6b25ad0) 
thrown [s\src\hotspot\share\interpreter\linkResolver.cpp, line 773]
Event: 11.611 Thread 0x000001a06c350870 Exception <a 'java/lang/NoSuchMethodError'{0x00000000d6b2a590}: 'java.lang.Object java.lang.invoke.Invokers$Holder.invoke_MT(java.lang.Object, java.lang.Object, java.lang.Object, java.lang.Object, java.lang.Object, java.lang.Object, java.lang.Object, java.lang.Object, java.lang.Object)'> (0x00000000d6b2a590) 
thrown [s\src\hotspot\share\interpreter\linkResolver.cpp, line 773]
Event: 13.619 Thread 0x000001a06c3501e0 Exception <a 'java/lang/NoSuchMethodError'{0x00000000d6bcba18}: 'java.lang.Object java.lang.invoke.DirectMethodHandle$Holder.newInvokeSpecial(java.lang.Object, java.lang.Object, java.lang.Object, java.lang.Object, java.lang.Object)'> (0x00000000d6bcba18) 
thrown [s\src\hotspot\share\interpreter\linkResolver.cpp, line 773]
Event: 13.634 Thread 0x000001a06c350870 Exception <a 'java/lang/NoSuchMethodError'{0x00000000d6c6e848}: 'int java.lang.invoke.DirectMethodHandle$Holder.invokeVirtual(java.lang.Object, java.lang.Object, java.lang.Object)'> (0x00000000d6c6e848) 
thrown [s\src\hotspot\share\interpreter\linkResolver.cpp, line 773]
Event: 13.636 Thread 0x000001a06c350870 Exception <a 'java/lang/NoSuchMethodError'{0x00000000d6c7e548}: 'int java.lang.invoke.DirectMethodHandle$Holder.invokeStaticInit(java.lang.Object, int, int)'> (0x00000000d6c7e548) 
thrown [s\src\hotspot\share\interpreter\linkResolver.cpp, line 773]
Event: 13.639 Thread 0x000001a06c350870 Exception <a 'java/lang/NoSuchMethodError'{0x00000000d6c85aa0}: 'int java.lang.invoke.DirectMethodHandle$Holder.invokeStaticInit(java.lang.Object, long, long)'> (0x00000000d6c85aa0) 
thrown [s\src\hotspot\share\interpreter\linkResolver.cpp, line 773]
Event: 13.641 Thread 0x000001a06c350870 Exception <a 'java/lang/NoSuchMethodError'{0x00000000d6c9f530}: 'int java.lang.invoke.DirectMethodHandle$Holder.invokeStaticInit(java.lang.Object, float, float)'> (0x00000000d6c9f530) 
thrown [s\src\hotspot\share\interpreter\linkResolver.cpp, line 773]
Event: 13.642 Thread 0x000001a06c350870 Exception <a 'java/lang/NoSuchMethodError'{0x00000000d6ca5e70}: 'int java.lang.invoke.DirectMethodHandle$Holder.invokeStaticInit(java.lang.Object, double, double)'> (0x00000000d6ca5e70) 
thrown [s\src\hotspot\share\interpreter\linkResolver.cpp, line 773]
Event: 13.642 Thread 0x000001a06c350870 Exception <a 'java/lang/NoSuchMethodError'{0x00000000d6cada80}: 'int java.lang.invoke.DirectMethodHandle$Holder.invokeStatic(java.lang.Object, long)'> (0x00000000d6cada80) 
thrown [s\src\hotspot\share\interpreter\linkResolver.cpp, line 773]
Event: 13.648 Thread 0x000001a06c350870 Exception <a 'java/lang/NoSuchMethodError'{0x00000000d55f6ed8}: 'int java.lang.invoke.DirectMethodHandle$Holder.invokeSpecial(java.lang.Object, java.lang.Object, int, int)'> (0x00000000d55f6ed8) 
thrown [s\src\hotspot\share\interpreter\linkResolver.cpp, line 773]
Event: 13.648 Thread 0x000001a06c350870 Exception <a 'java/lang/NoSuchMethodError'{0x00000000d5611df8}: 'int java.lang.invoke.Invokers$Holder.linkToTargetMethod(java.lang.Object, java.lang.Object)'> (0x00000000d5611df8) 
thrown [s\src\hotspot\share\interpreter\linkResolver.cpp, line 773]
Event: 13.648 Thread 0x000001a06c3501e0 Exception <a 'java/lang/NoSuchMethodError'{0x00000000d560adf0}: 'int java.lang.invoke.Invokers$Holder.linkToTargetMethod(java.lang.Object, java.lang.Object)'> (0x00000000d560adf0) 
thrown [s\src\hotspot\share\interpreter\linkResolver.cpp, line 773]
Event: 13.649 Thread 0x000001a06c3501e0 Exception <a 'java/lang/NoSuchMethodError'{0x00000000d5625ae0}: 'int java.lang.invoke.DirectMethodHandle$Holder.invokeSpecial(java.lang.Object, java.lang.Object, java.lang.Object, java.lang.Object)'> (0x00000000d5625ae0) 
thrown [s\src\hotspot\share\interpreter\linkResolver.cpp, line 773]
Event: 13.651 Thread 0x000001a06c3501e0 Exception <a 'java/lang/NoSuchMethodError'{0x00000000d567d880}: 'java.lang.Object java.lang.invoke.DirectMethodHandle$Holder.invokeStatic(java.lang.Object, int, java.lang.Object, java.lang.Object)'> (0x00000000d567d880) 
thrown [s\src\hotspot\share\interpreter\linkResolver.cpp, line 773]
Event: 13.653 Thread 0x000001a06c3501e0 Exception <a 'java/lang/NoSuchMethodError'{0x00000000d5688218}: 'java.lang.Object java.lang.invoke.DelegatingMethodHandle$Holder.delegate(java.lang.Object, int, java.lang.Object, java.lang.Object)'> (0x00000000d5688218) 
thrown [s\src\hotspot\share\interpreter\linkResolver.cpp, line 773]
Event: 13.659 Thread 0x000001a06c3501e0 Exception <a 'java/lang/NoSuchMethodError'{0x00000000d56ba360}: 'int java.lang.invoke.Invokers$Holder.linkToTargetMethod(java.lang.Object, java.lang.Object, java.lang.Object)'> (0x00000000d56ba360) 
thrown [s\src\hotspot\share\interpreter\linkResolver.cpp, line 773]

ZGC Phase Switch (0 events):
No events

VM Operations (20 events):
Event: 8.893 Executing non-safepoint VM operation: HandshakeAllThreads (Deoptimize)
Event: 8.893 Executing non-safepoint VM operation: HandshakeAllThreads (Deoptimize) done
Event: 8.940 Executing safepoint VM operation: ParallelGCFailedAllocation (Allocation Failure)
Event: 8.943 Executing safepoint VM operation: ParallelGCFailedAllocation (Allocation Failure) done
Event: 10.229 Executing safepoint VM operation: CollectForMetadataAllocation (Metadata GC Threshold)
Event: 10.258 Executing safepoint VM operation: CollectForMetadataAllocation (Metadata GC Threshold) done
Event: 10.285 Executing non-safepoint VM operation: HandshakeAllThreads (Deoptimize)
Event: 10.285 Executing non-safepoint VM operation: HandshakeAllThreads (Deoptimize) done
Event: 10.442 Executing safepoint VM operation: ParallelGCFailedAllocation (Allocation Failure)
Event: 10.444 Executing safepoint VM operation: ParallelGCFailedAllocation (Allocation Failure) done
Event: 11.444 Executing safepoint VM operation: Cleanup
Event: 11.600 Executing safepoint VM operation: Cleanup done
Event: 13.601 Executing safepoint VM operation: Cleanup
Event: 13.601 Executing safepoint VM operation: Cleanup done
Event: 13.645 Executing safepoint VM operation: ParallelGCFailedAllocation (Allocation Failure)
Event: 13.646 Executing safepoint VM operation: ParallelGCFailedAllocation (Allocation Failure) done
Event: 13.660 Executing non-safepoint VM operation: HandshakeAllThreads (Deoptimize)
Event: 13.660 Executing non-safepoint VM operation: HandshakeAllThreads (Deoptimize) done
Event: 15.661 Executing safepoint VM operation: Cleanup
Event: 15.675 Executing safepoint VM operation: Cleanup done

Memory protections (0 events):
No events

Nmethod flushes (0 events):
No events

Events (20 events):
Event: 4.171 Thread 0x000001a06c500980 Thread exited: 0x000001a06c500980
Event: 4.172 Thread 0x000001a06c5002d0 Thread exited: 0x000001a06c5002d0
Event: 5.257 Thread 0x000001a065891010 Thread added: 0x000001a06c94d680
Event: 6.263 Thread 0x000001a06c94d680 Thread exited: 0x000001a06c94d680
Event: 6.263 Thread 0x000001a065984780 Thread exited: 0x000001a065984780
Event: 7.350 Thread 0x000001a06c055250 Thread added: 0x000001a06c34e110
Event: 8.420 Thread 0x000001a065983ec0 Thread added: 0x000001a06c6742f0
Event: 8.420 Thread 0x000001a065983ec0 Thread added: 0x000001a06c6749a0
Event: 8.555 Thread 0x000001a065983ec0 Thread added: 0x000001a0659ba950
Event: 8.571 Thread 0x000001a06c6742f0 Thread added: 0x000001a065941e40
Event: 8.714 Thread 0x000001a06c055250 Thread added: 0x000001a06c34f4c0
Event: 8.752 Thread 0x000001a06c055250 Thread added: 0x000001a06c3501e0
Event: 8.777 Thread 0x000001a06c055250 Thread added: 0x000001a06c34ee30
Event: 9.038 Thread 0x000001a06c34ee30 Thread added: 0x000001a06c350870
Event: 10.097 Thread 0x000001a06c6742f0 Thread exited: 0x000001a06c6742f0
Event: 10.097 Thread 0x000001a06c6749a0 Thread exited: 0x000001a06c6749a0
Event: 10.099 Thread 0x000001a065983ec0 Thread exited: 0x000001a065983ec0
Event: 10.176 Thread 0x000001a065891010 Thread added: 0x000001a065983ec0
Event: 11.227 Thread 0x000001a06c350870 Thread added: 0x000001a06c350f00
Event: 11.827 Thread 0x000001a06c350f00 Thread added: 0x000001a06c34da80


Dynamic libraries:
0x00007ff71a450000 - 0x00007ff71a45e000 	c:\Users\HP\.antigravity\extensions\redhat.java-1.53.0-win32-x64\jre\21.0.10-win32-x86_64\bin\java.exe
0x00007ffa5cd60000 - 0x00007ffa5cfc7000 	C:\WINDOWS\SYSTEM32\ntdll.dll
0x00007ffa5bba0000 - 0x00007ffa5bc69000 	C:\WINDOWS\System32\KERNEL32.DLL
0x00007ffa59c50000 - 0x00007ffa5a044000 	C:\WINDOWS\System32\KERNELBASE.dll
0x00007ffa59630000 - 0x00007ffa5977b000 	C:\WINDOWS\System32\ucrtbase.dll
0x00007ffa51b60000 - 0x00007ffa51b78000 	c:\Users\HP\.antigravity\extensions\redhat.java-1.53.0-win32-x64\jre\21.0.10-win32-x86_64\bin\jli.dll
0x00007ffa51b80000 - 0x00007ffa51b9e000 	c:\Users\HP\.antigravity\extensions\redhat.java-1.53.0-win32-x64\jre\21.0.10-win32-x86_64\bin\VCRUNTIME140.dll
0x00007ffa5c920000 - 0x00007ffa5cae5000 	C:\WINDOWS\System32\USER32.dll
0x00007ffa598f0000 - 0x00007ffa59917000 	C:\WINDOWS\System32\win32u.dll
0x00007ffa5ccf0000 - 0x00007ffa5cd1b000 	C:\WINDOWS\System32\GDI32.dll
0x00007ffa59a60000 - 0x00007ffa59b8a000 	C:\WINDOWS\System32\gdi32full.dll
0x00007ffa37370000 - 0x00007ffa37603000 	C:\WINDOWS\WinSxS\amd64_microsoft.windows.common-controls_6595b64144ccf1df_6.0.26100.8115_none_3e075c82e3354f9c\COMCTL32.dll
0x00007ffa5a050000 - 0x00007ffa5a0f3000 	C:\WINDOWS\System32\msvcp_win.dll
0x00007ffa5bc70000 - 0x00007ffa5bd19000 	C:\WINDOWS\System32\msvcrt.dll
0x00007ffa5b950000 - 0x00007ffa5b982000 	C:\WINDOWS\System32\IMM32.DLL
0x00007ffa51b40000 - 0x00007ffa51b4c000 	c:\Users\HP\.antigravity\extensions\redhat.java-1.53.0-win32-x64\jre\21.0.10-win32-x86_64\bin\vcruntime140_1.dll
0x00007ffa20ae0000 - 0x00007ffa20b6d000 	c:\Users\HP\.antigravity\extensions\redhat.java-1.53.0-win32-x64\jre\21.0.10-win32-x86_64\bin\msvcp140.dll
0x00007ff9bfb80000 - 0x00007ff9c0921000 	c:\Users\HP\.antigravity\extensions\redhat.java-1.53.0-win32-x64\jre\21.0.10-win32-x86_64\bin\server\jvm.dll
0x00007ffa5ae00000 - 0x00007ffa5aeb6000 	C:\WINDOWS\System32\ADVAPI32.dll
0x00007ffa5acd0000 - 0x00007ffa5ad77000 	C:\WINDOWS\System32\sechost.dll
0x00007ffa5aaf0000 - 0x00007ffa5ac08000 	C:\WINDOWS\System32\RPCRT4.dll
0x00007ffa5cc60000 - 0x00007ffa5cce0000 	C:\WINDOWS\System32\WS2_32.dll
0x00007ffa59490000 - 0x00007ffa594ee000 	C:\WINDOWS\SYSTEM32\POWRPROF.dll
0x00007ffa4f1f0000 - 0x00007ffa4f1fb000 	C:\WINDOWS\SYSTEM32\VERSION.dll
0x00007ffa56670000 - 0x00007ffa566a6000 	C:\WINDOWS\SYSTEM32\WINMM.dll
0x00007ffa59470000 - 0x00007ffa59484000 	C:\WINDOWS\SYSTEM32\UMPDC.dll
0x00007ffa58380000 - 0x00007ffa5839b000 	C:\WINDOWS\SYSTEM32\kernel.appcore.dll
0x00007ffa51b30000 - 0x00007ffa51b3a000 	c:\Users\HP\.antigravity\extensions\redhat.java-1.53.0-win32-x64\jre\21.0.10-win32-x86_64\bin\jimage.dll
0x00007ffa57560000 - 0x00007ffa577a2000 	C:\WINDOWS\SYSTEM32\DBGHELP.DLL
0x00007ffa5b350000 - 0x00007ffa5b6d2000 	C:\WINDOWS\System32\combase.dll
0x00007ffa5b700000 - 0x00007ffa5b7d7000 	C:\WINDOWS\System32\OLEAUT32.dll
0x00007ffa2f500000 - 0x00007ffa2f53b000 	C:\WINDOWS\SYSTEM32\dbgcore.DLL
0x00007ffa59920000 - 0x00007ffa599c5000 	C:\WINDOWS\System32\bcryptPrimitives.dll
0x00007ffa51af0000 - 0x00007ffa51aff000 	c:\Users\HP\.antigravity\extensions\redhat.java-1.53.0-win32-x64\jre\21.0.10-win32-x86_64\bin\instrument.dll
0x00007ffa51ad0000 - 0x00007ffa51af0000 	c:\Users\HP\.antigravity\extensions\redhat.java-1.53.0-win32-x64\jre\21.0.10-win32-x86_64\bin\java.dll
0x00007ffa5bd20000 - 0x00007ffa5c486000 	C:\WINDOWS\System32\SHELL32.dll
0x00007ffa59780000 - 0x00007ffa598ea000 	C:\WINDOWS\System32\wintypes.dll
0x00007ffa5a280000 - 0x00007ffa5aae5000 	C:\WINDOWS\System32\windows.storage.dll
0x00007ffa5c820000 - 0x00007ffa5c917000 	C:\WINDOWS\System32\SHCORE.dll
0x00007ffa5bb30000 - 0x00007ffa5bb96000 	C:\WINDOWS\System32\shlwapi.dll
0x00007ffa59550000 - 0x00007ffa59579000 	C:\WINDOWS\SYSTEM32\profapi.dll
0x00007ffa512d0000 - 0x00007ffa512e8000 	c:\Users\HP\.antigravity\extensions\redhat.java-1.53.0-win32-x64\jre\21.0.10-win32-x86_64\bin\zip.dll
0x00007ffa51ac0000 - 0x00007ffa51ad0000 	C:\Users\HP\.antigravity\extensions\redhat.java-1.53.0-win32-x64\jre\21.0.10-win32-x86_64\bin\net.dll
0x00007ffa50260000 - 0x00007ffa5038d000 	C:\WINDOWS\SYSTEM32\WINHTTP.dll
0x00007ffa588e0000 - 0x00007ffa5894c000 	C:\WINDOWS\system32\mswsock.dll
0x00007ffa3b970000 - 0x00007ffa3b986000 	C:\Users\HP\.antigravity\extensions\redhat.java-1.53.0-win32-x64\jre\21.0.10-win32-x86_64\bin\nio.dll
0x00007ffa4f320000 - 0x00007ffa4f330000 	c:\Users\HP\.antigravity\extensions\redhat.java-1.53.0-win32-x64\jre\21.0.10-win32-x86_64\bin\verify.dll
0x00007ffa23650000 - 0x00007ffa23695000 	C:\Users\HP\AppData\Roaming\Antigravity\User\globalStorage\redhat.java\1.53.0\config_win\org.eclipse.equinox.launcher\org.eclipse.equinox.launcher.win32.win32.x86_64_1.3.0.v20260203-2149\eclipse_11919.dll
0x00007ffa5c670000 - 0x00007ffa5c807000 	C:\WINDOWS\System32\ole32.dll
0x00007ffa58b70000 - 0x00007ffa58b8b000 	C:\WINDOWS\SYSTEM32\CRYPTSP.dll
0x00007ffa582e0000 - 0x00007ffa58319000 	C:\WINDOWS\system32\rsaenh.dll
0x00007ffa58990000 - 0x00007ffa589c3000 	C:\WINDOWS\SYSTEM32\USERENV.dll
0x00007ffa59520000 - 0x00007ffa5954a000 	C:\WINDOWS\SYSTEM32\bcrypt.dll
0x00007ffa58b90000 - 0x00007ffa58b9c000 	C:\WINDOWS\SYSTEM32\CRYPTBASE.dll
0x00007ffa57d60000 - 0x00007ffa57d92000 	C:\WINDOWS\SYSTEM32\IPHLPAPI.DLL
0x00007ffa5b7e0000 - 0x00007ffa5b7ea000 	C:\WINDOWS\System32\NSI.dll
0x00007ffa233c0000 - 0x00007ffa23409000 	C:\Users\HP\AppData\Local\Temp\jna-2312\jna16725179691601344528.dll
0x00007ffa5ba20000 - 0x00007ffa5ba28000 	C:\WINDOWS\System32\PSAPI.DLL

JVMTI agents:
c:\Users\HP\.antigravity\extensions\redhat.java-1.53.0-win32-x64\lombok\lombok-1.18.39-4050.jar path:c:\Users\HP\.antigravity\extensions\redhat.java-1.53.0-win32-x64\jre\21.0.10-win32-x86_64\bin\instrument.dll, loaded, initialized, instrumentlib options:none

dbghelp: loaded successfully - version: 4.0.5 - missing functions: none
symbol engine: initialized successfully - sym options: 0x614 - pdb path: .;c:\Users\HP\.antigravity\extensions\redhat.java-1.53.0-win32-x64\jre\21.0.10-win32-x86_64\bin;C:\WINDOWS\SYSTEM32;C:\WINDOWS\WinSxS\amd64_microsoft.windows.common-controls_6595b64144ccf1df_6.0.26100.8115_none_3e075c82e3354f9c;c:\Users\HP\.antigravity\extensions\redhat.java-1.53.0-win32-x64\jre\21.0.10-win32-x86_64\bin\server;C:\Users\HP\AppData\Roaming\Antigravity\User\globalStorage\redhat.java\1.53.0\config_win\org.eclipse.equinox.launcher\org.eclipse.equinox.launcher.win32.win32.x86_64_1.3.0.v20260203-2149;C:\Users\HP\AppData\Local\Temp\jna-2312

VM Arguments:
jvm_args: --add-modules=ALL-SYSTEM --add-opens=java.base/java.util=ALL-UNNAMED --add-opens=java.base/java.lang=ALL-UNNAMED --add-opens=java.base/sun.nio.fs=ALL-UNNAMED -Declipse.application=org.eclipse.jdt.ls.core.id1 -Dosgi.bundles.defaultStartLevel=4 -Declipse.product=org.eclipse.jdt.ls.core.product -Djava.import.generatesMetadataFilesAtProjectRoot=false -DDetectVMInstallationsJob.disabled=true -Dfile.encoding=utf8 -XX:+UseParallelGC -XX:GCTimeRatio=4 -XX:AdaptiveSizePolicyWeight=90 -Dsun.zip.disableMemoryMapping=true -Xmx2G -Xms100m -Xlog:disable -javaagent:c:\Users\HP\.antigravity\extensions\redhat.java-1.53.0-win32-x64\lombok\lombok-1.18.39-4050.jar -XX:+HeapDumpOnOutOfMemoryError -XX:HeapDumpPath=c:\Users\HP\AppData\Roaming\Antigravity\User\workspaceStorage\10cac1632d26cc84e9e60fa305b98b85\redhat.java -Daether.dependencyCollector.impl=bf 
java_command: c:\Users\HP\.antigravity\extensions\redhat.java-1.53.0-win32-x64\server\plugins\org.eclipse.equinox.launcher_1.7.100.v20251111-0406.jar -configuration c:\Users\HP\AppData\Roaming\Antigravity\User\globalStorage\redhat.java\1.53.0\config_win -data c:\Users\HP\AppData\Roaming\Antigravity\User\workspaceStorage\10cac1632d26cc84e9e60fa305b98b85\redhat.java\jdt_ws --pipe=\\.\pipe\lsp-ab2da2cf3f7d21041ed9ee0fd9cb7da8-sock
java_class_path (initial): c:\Users\HP\.antigravity\extensions\redhat.java-1.53.0-win32-x64\server\plugins\org.eclipse.equinox.launcher_1.7.100.v20251111-0406.jar
Launcher Type: SUN_STANDARD

[Global flags]
    uintx AdaptiveSizePolicyWeight                 = 90                                        {product} {command line}
     intx CICompilerCount                          = 12                                        {product} {ergonomic}
    uintx GCTimeRatio                              = 4                                         {product} {command line}
     bool HeapDumpOnOutOfMemoryError               = true                                   {manageable} {command line}
    ccstr HeapDumpPath                             = c:\Users\HP\AppData\Roaming\Antigravity\User\workspaceStorage\10cac1632d26cc84e9e60fa305b98b85\redhat.java         {manageable} {command line}
   size_t InitialHeapSize                          = 104857600                                 {product} {command line}
   size_t MaxHeapSize                              = 2147483648                                {product} {command line}
   size_t MaxNewSize                               = 715653120                                 {product} {ergonomic}
   size_t MinHeapDeltaBytes                        = 524288                                    {product} {ergonomic}
   size_t MinHeapSize                              = 104857600                                 {product} {command line}
   size_t NewSize                                  = 34603008                                  {product} {ergonomic}
    uintx NonNMethodCodeHeapSize                   = 7602480                                {pd product} {ergonomic}
    uintx NonProfiledCodeHeapSize                  = 122027880                              {pd product} {ergonomic}
   size_t OldSize                                  = 70254592                                  {product} {ergonomic}
    uintx ProfiledCodeHeapSize                     = 122027880                              {pd product} {ergonomic}
    uintx ReservedCodeCacheSize                    = 251658240                              {pd product} {ergonomic}
     bool SegmentedCodeCache                       = true                                      {product} {ergonomic}
   size_t SoftMaxHeapSize                          = 2147483648                             {manageable} {ergonomic}
     bool UseCompressedOops                        = true                           {product lp64_product} {ergonomic}
     bool UseLargePagesIndividualAllocation        = false                                  {pd product} {ergonomic}
     bool UseParallelGC                            = true                                      {product} {command line}

Logging:
Log output configuration:
 #0: stdout all=off uptime,level,tags foldmultilines=false
 #1: stderr all=off uptime,level,tags foldmultilines=false

Release file:
JAVA_VERSION="21.0.10" 
MODULES="java.base java.compiler java.datatransfer java.xml java.prefs java.desktop java.instrument java.logging java.management java.security.sasl java.naming java.rmi java.management.rmi java.net.http java.scripting java.security.jgss java.transaction.xa java.sql java.sql.rowset java.xml.crypto java.se java.smartcardio jdk.accessibility jdk.internal.jvmstat jdk.attach jdk.charsets jdk.internal.opt jdk.zipfs jdk.compiler jdk.crypto.ec jdk.crypto.cryptoki jdk.crypto.mscapi jdk.dynalink jdk.internal.ed jdk.editpad jdk.hotspot.agent jdk.httpserver jdk.internal.le jdk.internal.vm.ci jdk.internal.vm.compiler jdk.internal.vm.compiler.management jdk.jartool jdk.javadoc jdk.jcmd jdk.management jdk.management.agent jdk.jconsole jdk.jdeps jdk.jdwp.agent jdk.jdi jdk.jfr jdk.jshell jdk.jsobject jdk.jstatd jdk.localedata jdk.management.jfr jdk.naming.dns jdk.naming.rmi jdk.net jdk.nio.mapmode jdk.random jdk.sctp jdk.security.auth jdk.security.jgss jdk.unsupported jdk.unsupported.desktop jdk.xml.dom" 

Environment Variables:
JAVA_HOME=C:\Program Files\Java\jdk-23
PATH=C:\Python314\Scripts\;C:\Python314\;C:\Program Files\Microsoft\jdk-17.0.17.10-hotspot\bin;C:\Program Files\Common Files\Oracle\Java\javapath;C:\Program Files (x86)\Common Files\Oracle\Java\java8path;C:\Program Files (x86)\Common Files\Oracle\Java\javapath;C:\windows\system32;C:\windows;C:\windows\System32\Wbem;C:\windows\System32\WindowsPowerShell\v1.0\;C:\windows\System32\OpenSSH\;C:\Program Files (x86)\NVIDIA Corporation\PhysX\Common;C:\Users\Administrator\AppData\Local\Microsoft\WindowsApps;C:\Program Files\HP\OMEN-Broadcast\Common;C:\WINDOWS\system32;C:\WINDOWS;C:\WINDOWS\System32\Wbem;C:\WINDOWS\System32\WindowsPowerShell\v1.0\;C:\WINDOWS\System32\OpenSSH\;C:\MinGW\bin;C:\Program Files\NVIDIA Corporation\NVIDIA app\NvDLISR;C:\ProgramData\chocolatey\bin;C:\Program Files\dotnet\;C:\Program Files\Docker\Docker\resources\bin;C:\Program Files\Git\cmd;C:\Program Files\Git\mingw64\bin;C:\Program Files\Git\usr\bin;C:\Program Files\GitHub CLI\;C:\Program Files\nodejs\;C:\Users\HP\anaconda3;C:\Users\HP\anaconda3\Library\mingw-w64\bin;C:\Users\HP\anaconda3\Library\usr\bin;C:\Users\HP\anaconda3\Library\bin;C:\Users\HP\anaconda3\Scripts;C:\Users\HP\AppData\Local\Microsoft\WindowsApps;C:\Users\HP\.bun\bin;C:\Users\HP\AppData\Local\Programs\mongosh\;C:\Users\HP\AppData\Local\Programs\Microsoft VS Code\bin;C:\Users\HP\AppData\Local\Microsoft\WinGet\Packages\LiveKit.LiveKitCLI_Microsoft.Winget.Source_8wekyb3d8bbwe;C:\Program Files\MySQL\MySQL Server 8.0\bin;C:\Users\HP\AppData\Roaming\npm;C:\Users\HP\AppData\Local\Programs\Antigravity\bin;C:\Users\HP\maven\apache-maven-3.9.6\bin;C:\Maven\apache-maven-3.9.6\bin;C:\Program Files\Java\jdk-23\bin;C:\Program Files (x86)\Nmap
USERNAME=HP
OS=Windows_NT
PROCESSOR_IDENTIFIER=Intel64 Family 6 Model 186 Stepping 2, GenuineIntel
TMP=C:\Users\HP\AppData\Local\Temp
TEMP=C:\Users\HP\AppData\Local\Temp




Periodic native trim disabled

---------------  S Y S T E M  ---------------

OS:
 Windows 11 , 64 bit Build 26100 (10.0.26100.8115)
OS uptime: 0 days 1:28 hours
Hyper-V role detected

CPU: total 16 (initial active 16) (8 cores per cpu, 2 threads per core) family 6 model 186 stepping 2 microcode 0x4128, cx8, cmov, fxsr, ht, mmx, 3dnowpref, sse, sse2, sse3, ssse3, sse4.1, sse4.2, popcnt, lzcnt, tsc, tscinvbit, avx, avx2, aes, erms, clmul, bmi1, bmi2, adx, sha, fma, vzeroupper, clflush, clflushopt, clwb, hv, serialize, rdtscp, rdpid, fsrm, f16c, cet_ibt, cet_ss
Processor Information for the first 16 processors :
  Max Mhz: 2400, Current Mhz: 2400, Mhz Limit: 2400

Memory: 4k page, system-wide physical 32461M (3274M free)
TotalPageFile size 34509M (AvailPageFile size 19M)
current process WorkingSet (physical memory assigned to process): 169M, peak: 169M
current process commit charge ("private bytes"): 314M, peak: 314M

vm_info: OpenJDK 64-Bit Server VM (21.0.10+7-LTS) for windows-amd64 JRE (21.0.10+7-LTS), built on 2026-01-20T00:00:00Z by "admin" with MS VC++ 17.12 (VS2022)

END.
