#
# There is insufficient memory for the Java Runtime Environment to continue.
# Native memory allocation (mmap) failed to map 532676608 bytes. Error detail: G1 virtual space
# Possible reasons:
#   The system is out of physical RAM or swap space
#   This process is running with CompressedOops enabled, and the Java Heap may be blocking the growth of the native heap
# Possible solutions:
#   Reduce memory load on the system
#   Increase physical memory or swap space
#   Check if swap backing store is full
#   Decrease Java heap size (-Xmx/-Xms)
#   Decrease number of Java threads
#   Decrease Java thread stack sizes (-Xss)
#   Set larger code cache with -XX:ReservedCodeCacheSize=
#   JVM is running with Zero Based Compressed Oops mode in which the Java heap is
#     placed in the first 32GB address space. The Java Heap base address is the
#     maximum limit for the native heap growth. Please use -XX:HeapBaseMinAddress
#     to set the Java Heap base and to place the Java Heap above 32GB virtual address.
# This output file may be truncated or incomplete.
#
#  Out of Memory Error (os_windows.cpp:3707), pid=7980, tid=13060
#
# JRE version:  (23.0.2+7) (build )
# Java VM: Java HotSpot(TM) 64-Bit Server VM (23.0.2+7-58, mixed mode, sharing, tiered, compressed oops, compressed class ptrs, g1 gc, windows-amd64)
# No core dump will be written. Minidumps are not enabled by default on client versions of Windows
#

---------------  S U M M A R Y ------------

Command Line: -Dclassworlds.conf=C:\Users\HP\maven\apache-maven-3.9.6\bin\m2.conf -Dmaven.home=C:\Users\HP\maven\apache-maven-3.9.6 -Dlibrary.jansi.path=C:\Users\HP\maven\apache-maven-3.9.6\lib\jansi-native -Dmaven.multiModuleProjectDirectory=C:\Users\HP\OneDrive\Desktop\ev management systen\backend org.codehaus.plexus.classworlds.launcher.Launcher spring-boot:run

Host: 13th Gen Intel(R) Core(TM) i7-13620H, 16 cores, 31G,  Windows 11 , 64 bit Build 26100 (10.0.26100.8115)
Time: Sun Apr 12 18:26:00 2026 India Standard Time elapsed time: 1.118152 seconds (0d 0h 0m 1s)

---------------  T H R E A D  ---------------

Current thread (0x00000287844df480):  JavaThread "Unknown thread" [_thread_in_vm, id=13060, stack(0x000000d2f2c00000,0x000000d2f2d00000) (1024K)]

Stack: [0x000000d2f2c00000,0x000000d2f2d00000]
Native frames: (J=compiled Java code, j=interpreted, Vv=VM code, C=native code)
V  [jvm.dll+0x6e0b99]  (no source info available)
V  [jvm.dll+0x87e2b3]  (no source info available)
V  [jvm.dll+0x88073e]  (no source info available)
V  [jvm.dll+0x880e13]  (no source info available)
V  [jvm.dll+0x27b006]  (no source info available)
V  [jvm.dll+0x6dd485]  (no source info available)
V  [jvm.dll+0x6d127a]  (no source info available)
V  [jvm.dll+0x35b50a]  (no source info available)
V  [jvm.dll+0x363916]  (no source info available)
V  [jvm.dll+0x34fe7e]  (no source info available)
V  [jvm.dll+0x350118]  (no source info available)
V  [jvm.dll+0x328aec]  (no source info available)
V  [jvm.dll+0x32978e]  (no source info available)
V  [jvm.dll+0x8449a5]  (no source info available)
V  [jvm.dll+0x3b9a08]  (no source info available)
V  [jvm.dll+0x82d68c]  (no source info available)
V  [jvm.dll+0x454f2e]  (no source info available)
V  [jvm.dll+0x456db1]  (no source info available)
C  [jli.dll+0x52a3]  (no source info available)
C  [ucrtbase.dll+0x37b0]  (no source info available)
C  [KERNEL32.DLL+0x2e8d7]  (no source info available)
C  [ntdll.dll+0x8c3fc]  (no source info available)

Lock stack of current Java thread (top to bottom):


---------------  P R O C E S S  ---------------

Threads class SMR info:
_java_thread_list=0x00007ff992dd4618, length=0, elements={
}

Java Threads: ( => current thread )
Total: 0

Other Threads:
  0x0000028784587ac0 WorkerThread "GC Thread#0"                     [id=27196, stack(0x000000d2f2d00000,0x000000d2f2e00000) (1024K)]
  0x00000287a6372b80 ConcurrentGCThread "G1 Main Marker"            [id=29048, stack(0x000000d2f2e00000,0x000000d2f2f00000) (1024K)]
  0x00000287a6373340 WorkerThread "G1 Conc#0"                       [id=18872, stack(0x000000d2f2f00000,0x000000d2f3000000) (1024K)]

[error occurred during error reporting (printing all threads), id 0xc0000005, EXCEPTION_ACCESS_VIOLATION (0xc0000005) at pc=0x00007ff99251c0da]
VM state: not at safepoint (not fully initialized)

VM Mutex/Monitor currently owned by a thread:  ([mutex/lock_event])
[0x00007ff992e54988] Heap_lock - owner thread: 0x00000287844df480

Heap address: 0x0000000604c00000, size: 8116 MB, Compressed Oops mode: Zero based, Oop shift amount: 3

CDS archive(s) mapped at: [0x0000000000000000-0x0000000000000000-0x0000000000000000), size 0, SharedBaseAddress: 0x0000000800000000, ArchiveRelocationMode: 1.
Narrow klass base: 0x0000000000000000, Narrow klass shift: 0, Narrow klass range: 0x0

GC Precious Log:
 CardTable entry size: 512
 Card Set container configuration: InlinePtr #cards 4 size 8 Array Of Cards #cards 32 size 80 Howl #buckets 8 coarsen threshold 7372 Howl Bitmap #cards 1024 size 144 coarsen threshold 921 Card regions per heap region 1 cards per card region 8192

Heap:
 garbage-first heap   total reserved 8310784K, committed 0K, used 0K [0x0000000604c00000, 0x0000000800000000)
  region size 4096K, 0 young (0K), 0 survivors (0K)

[error occurred during error reporting (printing heap information), id 0xc0000005, EXCEPTION_ACCESS_VIOLATION (0xc0000005) at pc=0x00007ff99291c6a9]
GC Heap History (0 events):
No events

Dll operation events (1 events):
Event: 0.006 Loaded shared library C:\Program Files\Java\jdk-23\bin\java.dll

Deoptimization events (0 events):
No events

Classes loaded (0 events):
No events

Classes unloaded (0 events):
No events

Classes redefined (0 events):
No events

Internal exceptions (0 events):
No events

VM Operations (0 events):
No events

Memory protections (0 events):
No events

Nmethod flushes (0 events):
No events

Events (0 events):
No events


Dynamic libraries:
0x00007ff7c0320000 - 0x00007ff7c0330000 	C:\Program Files\Java\jdk-23\bin\java.exe
0x00007ffa5cd60000 - 0x00007ffa5cfc7000 	C:\WINDOWS\SYSTEM32\ntdll.dll
0x00007ffa5bba0000 - 0x00007ffa5bc69000 	C:\WINDOWS\System32\KERNEL32.DLL
0x00007ffa59c50000 - 0x00007ffa5a044000 	C:\WINDOWS\System32\KERNELBASE.dll
0x00007ffa59630000 - 0x00007ffa5977b000 	C:\WINDOWS\System32\ucrtbase.dll
0x00007ffa232a0000 - 0x00007ffa232bb000 	C:\Program Files\Java\jdk-23\bin\VCRUNTIME140.dll
0x00007ffa248d0000 - 0x00007ffa248e7000 	C:\Program Files\Java\jdk-23\bin\jli.dll
0x00007ffa5c920000 - 0x00007ffa5cae5000 	C:\WINDOWS\System32\USER32.dll
0x00007ffa598f0000 - 0x00007ffa59917000 	C:\WINDOWS\System32\win32u.dll
0x00007ffa5ccf0000 - 0x00007ffa5cd1b000 	C:\WINDOWS\System32\GDI32.dll
0x00007ffa37370000 - 0x00007ffa37603000 	C:\WINDOWS\WinSxS\amd64_microsoft.windows.common-controls_6595b64144ccf1df_6.0.26100.8115_none_3e075c82e3354f9c\COMCTL32.dll
0x00007ffa59a60000 - 0x00007ffa59b8a000 	C:\WINDOWS\System32\gdi32full.dll
0x00007ffa5bc70000 - 0x00007ffa5bd19000 	C:\WINDOWS\System32\msvcrt.dll
0x00007ffa5a050000 - 0x00007ffa5a0f3000 	C:\WINDOWS\System32\msvcp_win.dll
0x00007ffa5b950000 - 0x00007ffa5b982000 	C:\WINDOWS\System32\IMM32.DLL
0x00007ffa3b960000 - 0x00007ffa3b96c000 	C:\Program Files\Java\jdk-23\bin\vcruntime140_1.dll
0x00007ffa23210000 - 0x00007ffa2329e000 	C:\Program Files\Java\jdk-23\bin\msvcp140.dll
0x00007ff9921e0000 - 0x00007ff992f30000 	C:\Program Files\Java\jdk-23\bin\server\jvm.dll
0x00007ffa5ae00000 - 0x00007ffa5aeb6000 	C:\WINDOWS\System32\ADVAPI32.dll
0x00007ffa5acd0000 - 0x00007ffa5ad77000 	C:\WINDOWS\System32\sechost.dll
0x00007ffa5aaf0000 - 0x00007ffa5ac08000 	C:\WINDOWS\System32\RPCRT4.dll
0x00007ffa5cc60000 - 0x00007ffa5cce0000 	C:\WINDOWS\System32\WS2_32.dll
0x00007ffa59490000 - 0x00007ffa594ee000 	C:\WINDOWS\SYSTEM32\POWRPROF.dll
0x00007ffa4f1f0000 - 0x00007ffa4f1fb000 	C:\WINDOWS\SYSTEM32\VERSION.dll
0x00007ffa56670000 - 0x00007ffa566a6000 	C:\WINDOWS\SYSTEM32\WINMM.dll
0x00007ffa59470000 - 0x00007ffa59484000 	C:\WINDOWS\SYSTEM32\UMPDC.dll
0x00007ffa58380000 - 0x00007ffa5839b000 	C:\WINDOWS\SYSTEM32\kernel.appcore.dll
0x00007ffa334d0000 - 0x00007ffa334da000 	C:\Program Files\Java\jdk-23\bin\jimage.dll
0x00007ffa57560000 - 0x00007ffa577a2000 	C:\WINDOWS\SYSTEM32\DBGHELP.DLL
0x00007ffa5b350000 - 0x00007ffa5b6d2000 	C:\WINDOWS\System32\combase.dll
0x00007ffa5b700000 - 0x00007ffa5b7d7000 	C:\WINDOWS\System32\OLEAUT32.dll
0x00007ffa2f500000 - 0x00007ffa2f53b000 	C:\WINDOWS\SYSTEM32\dbgcore.DLL
0x00007ffa59920000 - 0x00007ffa599c5000 	C:\WINDOWS\System32\bcryptPrimitives.dll
0x00007ffa231f0000 - 0x00007ffa2320e000 	C:\Program Files\Java\jdk-23\bin\java.dll
0x00007ffa5c670000 - 0x00007ffa5c807000 	C:\WINDOWS\System32\ole32.dll
0x00007ffa5bd20000 - 0x00007ffa5c486000 	C:\WINDOWS\System32\SHELL32.dll
0x00007ffa59780000 - 0x00007ffa598ea000 	C:\WINDOWS\System32\wintypes.dll

dbghelp: loaded successfully - version: 4.0.5 - missing functions: none
symbol engine: initialized successfully - sym options: 0x614 - pdb path: .;C:\Program Files\Java\jdk-23\bin;C:\WINDOWS\SYSTEM32;C:\WINDOWS\WinSxS\amd64_microsoft.windows.common-controls_6595b64144ccf1df_6.0.26100.8115_none_3e075c82e3354f9c;C:\Program Files\Java\jdk-23\bin\server

VM Arguments:
jvm_args: -Dclassworlds.conf=C:\Users\HP\maven\apache-maven-3.9.6\bin\m2.conf -Dmaven.home=C:\Users\HP\maven\apache-maven-3.9.6 -Dlibrary.jansi.path=C:\Users\HP\maven\apache-maven-3.9.6\lib\jansi-native -Dmaven.multiModuleProjectDirectory=C:\Users\HP\OneDrive\Desktop\ev management systen\backend 
java_command: org.codehaus.plexus.classworlds.launcher.Launcher spring-boot:run
java_class_path (initial): C:\Users\HP\maven\apache-maven-3.9.6\boot\plexus-classworlds-2.7.0.jar
Launcher Type: SUN_STANDARD

[Global flags]
     intx CICompilerCount                          = 12                                        {product} {ergonomic}
     uint ConcGCThreads                            = 3                                         {product} {ergonomic}
     uint G1ConcRefinementThreads                  = 13                                        {product} {ergonomic}
   size_t G1HeapRegionSize                         = 4194304                                   {product} {ergonomic}
   size_t InitialHeapSize                          = 532676608                                 {product} {ergonomic}
   size_t MarkStackSize                            = 4194304                                   {product} {ergonomic}
   size_t MarkStackSizeMax                         = 536870912                                 {product} {ergonomic}
   size_t MaxHeapSize                              = 8510242816                                {product} {ergonomic}
   size_t MinHeapDeltaBytes                        = 4194304                                   {product} {ergonomic}
   size_t MinHeapSize                              = 8388608                                   {product} {ergonomic}
    uintx NonNMethodCodeHeapSize                   = 7602176                                {pd product} {ergonomic}
    uintx NonProfiledCodeHeapSize                  = 122093568                              {pd product} {ergonomic}
    uintx ProfiledCodeHeapSize                     = 121962496                              {pd product} {ergonomic}
    uintx ReservedCodeCacheSize                    = 251658240                              {pd product} {ergonomic}
     bool SegmentedCodeCache                       = true                                      {product} {ergonomic}
   size_t SoftMaxHeapSize                          = 8510242816                             {manageable} {ergonomic}
     bool UseCompressedOops                        = true                           {product lp64_product} {ergonomic}
     bool UseG1GC                                  = true                                      {product} {ergonomic}
     bool UseLargePagesIndividualAllocation        = false                                  {pd product} {ergonomic}

Logging:
Log output configuration:
 #0: stdout all=warning uptime,level,tags foldmultilines=false
 #1: stderr all=off uptime,level,tags foldmultilines=false

Environment Variables:
JAVA_HOME=C:\Program Files\Java\jdk-23
PATH=C:\Users\HP\anaconda3;C:\Users\HP\anaconda3\Library\mingw-w64\bin;C:\Users\HP\anaconda3\Library\usr\bin;C:\Users\HP\anaconda3\Library\bin;C:\Users\HP\anaconda3\Scripts;C:\Users\HP\anaconda3\bin;C:\Users\HP\anaconda3\condabin;C:\Python314\Scripts;C:\Python314;C:\Program Files\Microsoft\jdk-17.0.17.10-hotspot\bin;C:\Program Files\Common Files\Oracle\Java\javapath;C:\Program Files (x86)\Common Files\Oracle\Java\java8path;C:\Program Files (x86)\Common Files\Oracle\Java\javapath;C:\windows\system32;C:\windows;C:\windows\System32\Wbem;C:\windows\System32\WindowsPowerShell\v1.0;C:\windows\System32\OpenSSH;C:\Program Files (x86)\NVIDIA Corporation\PhysX\Common;C:\Users\Administrator\AppData\Local\Microsoft\WindowsApps;C:\Program Files\HP\OMEN-Broadcast\Common;C:\WINDOWS\system32;C:\WINDOWS;C:\WINDOWS\System32\Wbem;C:\WINDOWS\System32\WindowsPowerShell\v1.0;C:\WINDOWS\System32\OpenSSH;C:\MinGW\bin;C:\Program Files\NVIDIA Corporation\NVIDIA app\NvDLISR;C:\ProgramData\chocolatey\bin;C:\Program Files\dotnet;C:\Program Files\Docker\Docker\resources\bin;C:\Program Files\Git\cmd;C:\Program Files\Git\mingw64\bin;C:\Program Files\Git\usr\bin;C:\Program Files\GitHub CLI;C:\Program Files\nodejs;C:\Users\HP\anaconda3;C:\Users\HP\anaconda3\Library\mingw-w64\bin;C:\Users\HP\anaconda3\Library\usr\bin;C:\Users\HP\anaconda3\Library\bin;C:\Users\HP\anaconda3\Scripts;C:\Users\HP\AppData\Local\Microsoft\WindowsApps;C:\Users\HP\.bun\bin;C:\Users\HP\AppData\Local\Programs\mongosh;C:\Users\HP\AppData\Local\Programs\Microsoft VS Code\bin;C:\Users\HP\AppData\Local\Microsoft\WinGet\Packages\LiveKit.LiveKitCLI_Microsoft.Winget.Source_8wekyb3d8bbwe;C:\Program Files\MySQL\MySQL Serverá8.0\bin;C:\Users\HP\AppData\Roaming\npm;C:\Users\HP\AppData\Local\Programs\Antigravity\bin;C:\Users\HP\maven\apache-maven-3.9.6\bin;C:\Maven\apache-maven-3.9.6\bin;C:\Program Files\Java\jdk-23\bin;C:\Program Files (x86)\Nmap
USERNAME=HP
OS=Windows_NT
PROCESSOR_IDENTIFIER=Intel64 Family 6 Model 186 Stepping 2, GenuineIntel
TMP=C:\Users\HP\AppData\Local\Temp
TEMP=C:\Users\HP\AppData\Local\Temp




Periodic native trim disabled

---------------  S Y S T E M  ---------------

OS:
 Windows 11 , 64 bit Build 26100 (10.0.26100.8115)
OS uptime: 0 days 2:06 hours
Hyper-V role detected

CPU: total 16 (initial active 16) (8 cores per cpu, 2 threads per core) family 6 model 186 stepping 2 microcode 0x4128, cx8, cmov, fxsr, ht, mmx, 3dnowpref, sse, sse2, sse3, ssse3, sse4.1, sse4.2, popcnt, lzcnt, tsc, tscinvbit, avx, avx2, aes, erms, clmul, bmi1, bmi2, adx, sha, fma, vzeroupper, clflush, clflushopt, clwb, hv, serialize, rdtscp, rdpid, fsrm, gfni, f16c, cet_ibt, cet_ss
Processor Information for the first 16 processors :
  Max Mhz: 2400, Current Mhz: 2400, Mhz Limit: 2400

Memory: 4k page, system-wide physical 32461M (3695M free)
TotalPageFile size 34509M (AvailPageFile size 327M)
current process WorkingSet (physical memory assigned to process): 14M, peak: 14M
current process commit charge ("private bytes"): 71M, peak: 579M

vm_info: Java HotSpot(TM) 64-Bit Server VM (23.0.2+7-58) for windows-amd64 JRE (23.0.2+7-58), built on 2024-11-29T09:34:55Z with MS VC++ 17.6 (VS2022)

END.
