#
# There is insufficient memory for the Java Runtime Environment to continue.
# Native memory allocation (malloc) failed to allocate 1595856 bytes. Error detail: Chunk::new
# Possible reasons:
#   The system is out of physical RAM or swap space
#   This process is running with CompressedOops enabled, and the Java Heap may be blocking the growth of the native heap
# Possible solutions:
#   Reduce memory load on the system
#   Increase physical memory or swap space
#   Check if swap backing store is full
#   Decrease Java heap size (-Xmx/-Xms)
#   Decrease number of Java threads
#   Decrease Java thread stack sizes (-Xss)
#   Set larger code cache with -XX:ReservedCodeCacheSize=
#   JVM is running with Unscaled Compressed Oops mode in which the Java heap is
#     placed in the first 4GB address space. The Java Heap base address is the
#     maximum limit for the native heap growth. Please use -XX:HeapBaseMinAddress
#     to set the Java Heap base and to place the Java Heap above 4GB virtual address.
# This output file may be truncated or incomplete.
#
#  Out of Memory Error (arena.cpp:168), pid=18932, tid=7360
#
# JRE version: OpenJDK Runtime Environment Temurin-21.0.10+7 (21.0.10+7) (build 21.0.10+7-LTS)
# Java VM: OpenJDK 64-Bit Server VM Temurin-21.0.10+7 (21.0.10+7-LTS, mixed mode, sharing, tiered, compressed oops, compressed class ptrs, parallel gc, windows-amd64)
# No core dump will be written. Minidumps are not enabled by default on client versions of Windows
#

---------------  S U M M A R Y ------------

Command Line: --add-modules=ALL-SYSTEM --add-opens=java.base/java.util=ALL-UNNAMED --add-opens=java.base/java.lang=ALL-UNNAMED --add-opens=java.base/sun.nio.fs=ALL-UNNAMED -Declipse.application=org.eclipse.jdt.ls.core.id1 -Dosgi.bundles.defaultStartLevel=4 -Declipse.product=org.eclipse.jdt.ls.core.product -Djava.import.generatesMetadataFilesAtProjectRoot=false -DDetectVMInstallationsJob.disabled=true -Dfile.encoding=utf8 -XX:+UseParallelGC -XX:GCTimeRatio=4 -XX:AdaptiveSizePolicyWeight=90 -Dsun.zip.disableMemoryMapping=true -Xmx2G -Xms100m -Xlog:disable -javaagent:c:\Users\HP\.antigravity\extensions\redhat.java-1.53.0-win32-x64\lombok\lombok-1.18.39-4050.jar c:\Users\HP\.antigravity\extensions\redhat.java-1.53.0-win32-x64\server\plugins\org.eclipse.equinox.launcher_1.7.100.v20251111-0406.jar -configuration c:\Users\HP\AppData\Roaming\Antigravity\User\globalStorage\redhat.java\1.53.0\config_ss_win -data c:\Users\HP\AppData\Roaming\Antigravity\User\workspaceStorage\10cac1632d26cc84e9e60fa305b98b85\redhat.java\ss_ws --pipe=\\.\pipe\lsp-f909d35f624ed877b004345a0820e6a2-sock

Host: 13th Gen Intel(R) Core(TM) i7-13620H, 16 cores, 31G,  Windows 11 , 64 bit Build 26100 (10.0.26100.8115)
Time: Sun Apr 12 18:14:23 2026 India Standard Time elapsed time: 3.993911 seconds (0d 0h 0m 3s)

---------------  T H R E A D  ---------------

Current thread (0x000001b165520b60):  JavaThread "C2 CompilerThread2" daemon [_thread_in_native, id=7360, stack(0x0000001b6ac00000,0x0000001b6ad00000) (1024K)]


Current CompileTask:
C2:3993 4025       4       org.eclipse.osgi.internal.loader.BundleLoader::addExportedProvidersFor (167 bytes)

Stack: [0x0000001b6ac00000,0x0000001b6ad00000]
Native frames: (J=compiled Java code, j=interpreted, Vv=VM code, C=native code)
V  [jvm.dll+0x6d7a39]
V  [jvm.dll+0x8b4b26]
V  [jvm.dll+0x8b70de]
V  [jvm.dll+0x8b77c3]
V  [jvm.dll+0x284346]
V  [jvm.dll+0xc66ed]
V  [jvm.dll+0xc6c31]
V  [jvm.dll+0x3bec01]
V  [jvm.dll+0x38b162]
V  [jvm.dll+0x38a5aa]
V  [jvm.dll+0x24c560]
V  [jvm.dll+0x24bb40]
V  [jvm.dll+0x1cb34e]
V  [jvm.dll+0x25b85d]
V  [jvm.dll+0x259dea]
V  [jvm.dll+0x3f857e]
V  [jvm.dll+0x85f59d]
V  [jvm.dll+0x6d626d]
C  [ucrtbase.dll+0x37b0]
C  [KERNEL32.DLL+0x2e8d7]
C  [ntdll.dll+0x8c3fc]


---------------  P R O C E S S  ---------------

Threads class SMR info:
_java_thread_list=0x000001b16932eef0, length=48, elements={
0x000001b14736dd10, 0x000001b14731e570, 0x000001b1474141a0, 0x000001b1474180c0,
0x000001b1474192c0, 0x000001b14741f9c0, 0x000001b147423820, 0x000001b14742b540,
0x000001b15f0f6060, 0x000001b15f1b2e90, 0x000001b15f261d40, 0x000001b15f3a0780,
0x000001b165008660, 0x000001b165520b60, 0x000001b165521210, 0x000001b165113d90,
0x000001b1657fdf70, 0x000001b165aae970, 0x000001b165ad7da0, 0x000001b165aa9aa0,
0x000001b166007730, 0x000001b1659a6560, 0x000001b1657ad150, 0x000001b1662f3780,
0x000001b1662f23d0, 0x000001b1662f30f0, 0x000001b1662f2a60, 0x000001b166c5eea0,
0x000001b166c60f70, 0x000001b166c62320, 0x000001b166c629b0, 0x000001b166c61c90,
0x000001b166c5fbc0, 0x000001b166c5f530, 0x000001b166c61600, 0x000001b166c60250,
0x000001b166c63040, 0x000001b166c608e0, 0x000001b166c664c0, 0x000001b166c64a80,
0x000001b166c65110, 0x000001b166c643f0, 0x000001b166c657a0, 0x000001b166c65e30,
0x000001b166c63d60, 0x000001b16855bfe0, 0x000001b168627e40, 0x000001b168fe7210
}

Java Threads: ( => current thread )
  0x000001b14736dd10 JavaThread "main"                              [_thread_blocked, id=16436, stack(0x0000001b69a00000,0x0000001b69b00000) (1024K)]
  0x000001b14731e570 JavaThread "Reference Handler"          daemon [_thread_blocked, id=17772, stack(0x0000001b69e00000,0x0000001b69f00000) (1024K)]
  0x000001b1474141a0 JavaThread "Finalizer"                  daemon [_thread_blocked, id=23908, stack(0x0000001b69f00000,0x0000001b6a000000) (1024K)]
  0x000001b1474180c0 JavaThread "Signal Dispatcher"          daemon [_thread_blocked, id=3728, stack(0x0000001b6a000000,0x0000001b6a100000) (1024K)]
  0x000001b1474192c0 JavaThread "Attach Listener"            daemon [_thread_blocked, id=17820, stack(0x0000001b6a100000,0x0000001b6a200000) (1024K)]
  0x000001b14741f9c0 JavaThread "Service Thread"             daemon [_thread_blocked, id=28212, stack(0x0000001b6a200000,0x0000001b6a300000) (1024K)]
  0x000001b147423820 JavaThread "Monitor Deflation Thread"   daemon [_thread_blocked, id=18328, stack(0x0000001b6a300000,0x0000001b6a400000) (1024K)]
  0x000001b14742b540 JavaThread "C2 CompilerThread0"         daemon [_thread_in_native, id=18236, stack(0x0000001b6a400000,0x0000001b6a500000) (1024K)]
  0x000001b15f0f6060 JavaThread "C1 CompilerThread0"         daemon [_thread_blocked, id=18216, stack(0x0000001b6a500000,0x0000001b6a600000) (1024K)]
  0x000001b15f1b2e90 JavaThread "C1 CompilerThread1"         daemon [_thread_blocked, id=18168, stack(0x0000001b6a600000,0x0000001b6a700000) (1024K)]
  0x000001b15f261d40 JavaThread "C2 CompilerThread1"         daemon [_thread_in_native, id=11316, stack(0x0000001b6a700000,0x0000001b6a800000) (1024K)]
  0x000001b15f3a0780 JavaThread "Common-Cleaner"             daemon [_thread_blocked, id=15748, stack(0x0000001b6a800000,0x0000001b6a900000) (1024K)]
  0x000001b165008660 JavaThread "Notification Thread"        daemon [_thread_blocked, id=14840, stack(0x0000001b6ab00000,0x0000001b6ac00000) (1024K)]
=>0x000001b165520b60 JavaThread "C2 CompilerThread2"         daemon [_thread_in_native, id=7360, stack(0x0000001b6ac00000,0x0000001b6ad00000) (1024K)]
  0x000001b165521210 JavaThread "C2 CompilerThread3"         daemon [_thread_blocked, id=22852, stack(0x0000001b6b300000,0x0000001b6b400000) (1024K)]
  0x000001b165113d90 JavaThread "Active Thread: Equinox Container: 23e33ce0-c957-4b89-a06a-1d80c7684629"        [_thread_blocked, id=25844, stack(0x0000001b6b500000,0x0000001b6b600000) (1024K)]
  0x000001b1657fdf70 JavaThread "Framework Event Dispatcher: Equinox Container: 23e33ce0-c957-4b89-a06a-1d80c7684629" daemon [_thread_blocked, id=3600, stack(0x0000001b6b700000,0x0000001b6b800000) (1024K)]
  0x000001b165aae970 JavaThread "Start Level: Equinox Container: 23e33ce0-c957-4b89-a06a-1d80c7684629" daemon [_thread_blocked, id=10620, stack(0x0000001b6b800000,0x0000001b6b900000) (1024K)]
  0x000001b165ad7da0 JavaThread "SCR Component Actor"        daemon [_thread_blocked, id=4080, stack(0x0000001b6b900000,0x0000001b6ba00000) (1024K)]
  0x000001b165aa9aa0 JavaThread "Worker-JM"                         [_thread_blocked, id=27084, stack(0x0000001b6b400000,0x0000001b6b500000) (1024K)]
  0x000001b166007730 JavaThread "C2 CompilerThread4"         daemon [_thread_blocked, id=30552, stack(0x0000001b6bc00000,0x0000001b6bd00000) (1024K)]
  0x000001b1659a6560 JavaThread "JNA Cleaner"                daemon [_thread_blocked, id=14400, stack(0x0000001b6bd00000,0x0000001b6be00000) (1024K)]
  0x000001b1657ad150 JavaThread "Worker-0: Refreshing workspace"        [_thread_blocked, id=14596, stack(0x0000001b6be00000,0x0000001b6bf00000) (1024K)]
  0x000001b1662f3780 JavaThread "Worker-1: Building"                [_thread_blocked, id=16224, stack(0x0000001b6bf00000,0x0000001b6c000000) (1024K)]
  0x000001b1662f23d0 JavaThread "Thread-1"                   daemon [_thread_in_native, id=16844, stack(0x0000001b6c500000,0x0000001b6c600000) (1024K)]
  0x000001b1662f30f0 JavaThread "Thread-2"                   daemon [_thread_in_native, id=20600, stack(0x0000001b6c600000,0x0000001b6c700000) (1024K)]
  0x000001b1662f2a60 JavaThread "Thread-3"                   daemon [_thread_in_native, id=19412, stack(0x0000001b6c700000,0x0000001b6c800000) (1024K)]
  0x000001b166c5eea0 JavaThread "Thread-4"                   daemon [_thread_in_native, id=26196, stack(0x0000001b6c800000,0x0000001b6c900000) (1024K)]
  0x000001b166c60f70 JavaThread "Thread-5"                   daemon [_thread_in_native, id=20856, stack(0x0000001b6c900000,0x0000001b6ca00000) (1024K)]
  0x000001b166c62320 JavaThread "Thread-6"                   daemon [_thread_in_native, id=21320, stack(0x0000001b6ca00000,0x0000001b6cb00000) (1024K)]
  0x000001b166c629b0 JavaThread "Thread-7"                   daemon [_thread_in_native, id=20668, stack(0x0000001b6cb00000,0x0000001b6cc00000) (1024K)]
  0x000001b166c61c90 JavaThread "Thread-8"                   daemon [_thread_in_native, id=30188, stack(0x0000001b6cc00000,0x0000001b6cd00000) (1024K)]
  0x000001b166c5fbc0 JavaThread "Thread-9"                   daemon [_thread_in_native, id=30612, stack(0x0000001b6cd00000,0x0000001b6ce00000) (1024K)]
  0x000001b166c5f530 JavaThread "Thread-10"                  daemon [_thread_in_native, id=8904, stack(0x0000001b6ce00000,0x0000001b6cf00000) (1024K)]
  0x000001b166c61600 JavaThread "Thread-11"                  daemon [_thread_in_native, id=26716, stack(0x0000001b6cf00000,0x0000001b6d000000) (1024K)]
  0x000001b166c60250 JavaThread "Thread-12"                  daemon [_thread_in_native, id=10040, stack(0x0000001b6d000000,0x0000001b6d100000) (1024K)]
  0x000001b166c63040 JavaThread "Thread-13"                  daemon [_thread_in_native, id=27012, stack(0x0000001b6d100000,0x0000001b6d200000) (1024K)]
  0x000001b166c608e0 JavaThread "Thread-14"                  daemon [_thread_in_native, id=28964, stack(0x0000001b6d200000,0x0000001b6d300000) (1024K)]
  0x000001b166c664c0 JavaThread "Thread-15"                  daemon [_thread_in_native, id=23180, stack(0x0000001b6d300000,0x0000001b6d400000) (1024K)]
  0x000001b166c64a80 JavaThread "Thread-16"                  daemon [_thread_in_native, id=888, stack(0x0000001b6d400000,0x0000001b6d500000) (1024K)]
  0x000001b166c65110 JavaThread "Thread-17"                  daemon [_thread_in_native, id=4076, stack(0x0000001b6d500000,0x0000001b6d600000) (1024K)]
  0x000001b166c643f0 JavaThread "pool-2-thread-1"                   [_thread_blocked, id=816, stack(0x0000001b6d600000,0x0000001b6d700000) (1024K)]
  0x000001b166c657a0 JavaThread "Worker-2"                          [_thread_blocked, id=29984, stack(0x0000001b6d800000,0x0000001b6d900000) (1024K)]
  0x000001b166c65e30 JavaThread "WorkspaceEventsHandler"            [_thread_blocked, id=1276, stack(0x0000001b6d900000,0x0000001b6da00000) (1024K)]
  0x000001b166c63d60 JavaThread "pool-1-thread-1"                   [_thread_in_vm, id=12280, stack(0x0000001b6da00000,0x0000001b6db00000) (1024K)]
  0x000001b16855bfe0 JavaThread "C2 CompilerThread5"         daemon [_thread_blocked, id=27548, stack(0x0000001b6d700000,0x0000001b6d800000) (1024K)]
  0x000001b168627e40 JavaThread "C2 CompilerThread6"         daemon [_thread_in_native, id=24488, stack(0x0000001b6db00000,0x0000001b6dc00000) (1024K)]
  0x000001b168fe7210 JavaThread "C2 CompilerThread7"         daemon [_thread_blocked, id=3992, stack(0x0000001b6dc00000,0x0000001b6dd00000) (1024K)]
Total: 48

Other Threads:
  0x000001b14740f750 VMThread "VM Thread"                           [id=10624, stack(0x0000001b69d00000,0x0000001b69e00000) (1024K)]
  0x000001b1471fc210 WatcherThread "VM Periodic Task Thread"        [id=18404, stack(0x0000001b69c00000,0x0000001b69d00000) (1024K)]
  0x000001b14738b200 WorkerThread "GC Thread#0"                     [id=18112, stack(0x0000001b69b00000,0x0000001b69c00000) (1024K)]
  0x000001b1657e0500 WorkerThread "GC Thread#1"                     [id=29004, stack(0x0000001b6ad00000,0x0000001b6ae00000) (1024K)]
  0x000001b1659fa290 WorkerThread "GC Thread#2"                     [id=28852, stack(0x0000001b6ae00000,0x0000001b6af00000) (1024K)]
  0x000001b165705ce0 WorkerThread "GC Thread#3"                     [id=15828, stack(0x0000001b6af00000,0x0000001b6b000000) (1024K)]
  0x000001b165706090 WorkerThread "GC Thread#4"                     [id=18948, stack(0x0000001b6b000000,0x0000001b6b100000) (1024K)]
  0x000001b1657a1310 WorkerThread "GC Thread#5"                     [id=11300, stack(0x0000001b6b100000,0x0000001b6b200000) (1024K)]
  0x000001b165168e70 WorkerThread "GC Thread#6"                     [id=30164, stack(0x0000001b6b200000,0x0000001b6b300000) (1024K)]
  0x000001b1651695d0 WorkerThread "GC Thread#7"                     [id=30028, stack(0x0000001b6b600000,0x0000001b6b700000) (1024K)]
  0x000001b165169980 WorkerThread "GC Thread#8"                     [id=7272, stack(0x0000001b6ba00000,0x0000001b6bb00000) (1024K)]
  0x000001b16516a490 WorkerThread "GC Thread#9"                     [id=20984, stack(0x0000001b6bb00000,0x0000001b6bc00000) (1024K)]
  0x000001b165168ac0 WorkerThread "GC Thread#10"                    [id=16216, stack(0x0000001b6c000000,0x0000001b6c100000) (1024K)]
  0x000001b165169220 WorkerThread "GC Thread#11"                    [id=15176, stack(0x0000001b6c100000,0x0000001b6c200000) (1024K)]
  0x000001b165df55e0 WorkerThread "GC Thread#12"                    [id=28412, stack(0x0000001b6c200000,0x0000001b6c300000) (1024K)]
Total: 15

Threads with active compile tasks:
C2 CompilerThread0  4012 4526       4       org.eclipse.jdt.internal.compiler.util.JrtFileSystem$2::visitFile (10 bytes)
C2 CompilerThread1  4012 4527       4       org.eclipse.jdt.internal.compiler.util.JrtFileSystem$2::visitFile (72 bytes)
C2 CompilerThread2  4012 4025       4       org.eclipse.osgi.internal.loader.BundleLoader::addExportedProvidersFor (167 bytes)
C2 CompilerThread6  4013 4528       4       org.eclipse.jdt.internal.core.JrtPackageFragmentRoot$1::visitFile (14 bytes)
Total: 4

VM state: not at safepoint (normal execution)

VM Mutex/Monitor currently owned by a thread: None

Heap address: 0x0000000080000000, size: 2048 MB, Compressed Oops mode: 32-bit

CDS archive(s) mapped at: [0x000001b100000000-0x000001b100ba0000-0x000001b100ba0000), size 12189696, SharedBaseAddress: 0x000001b100000000, ArchiveRelocationMode: 1.
Compressed class space mapped at: 0x000001b101000000-0x000001b141000000, reserved size: 1073741824
Narrow klass base: 0x000001b100000000, Narrow klass shift: 0, Narrow klass range: 0x100000000

GC Precious Log:
 CardTable entry size: 512
 CPUs: 16 total, 16 available
 Memory: 32461M
 Large Page Support: Disabled
 NUMA Support: Disabled
 Compressed Oops: Enabled (32-bit)
 Alignments: Space 512K, Generation 512K, Heap 2M
 Heap Min Capacity: 100M
 Heap Initial Capacity: 100M
 Heap Max Capacity: 2G
 Pre-touch: Disabled
 Parallel Workers: 13

Heap:
 PSYoungGen      total 24064K, used 3219K [0x00000000d5580000, 0x00000000d6f00000, 0x0000000100000000)
  eden space 22016K, 5% used [0x00000000d5580000,0x00000000d56c9ee0,0x00000000d6b00000)
  from space 2048K, 92% used [0x00000000d6b00000,0x00000000d6cdae58,0x00000000d6d00000)
  to   space 2048K, 0% used [0x00000000d6d00000,0x00000000d6d00000,0x00000000d6f00000)
 ParOldGen       total 68608K, used 30107K [0x0000000080000000, 0x0000000084300000, 0x00000000d5580000)
  object space 68608K, 43% used [0x0000000080000000,0x0000000081d66e90,0x0000000084300000)
 Metaspace       used 33761K, committed 34752K, reserved 1114112K
  class space    used 3411K, committed 3840K, reserved 1048576K

Card table byte_map: [0x000001b146d10000,0x000001b147120000] _byte_map_base: 0x000001b146910000

Marking Bits: (ParMarkBitMap*) 0x00007ff9b6543450
 Begin Bits: [0x000001b159820000, 0x000001b15b820000)
 End Bits:   [0x000001b15b820000, 0x000001b15d820000)

Polling page: 0x000001b1451c0000

Metaspace:

Usage:
  Non-class:     29.64 MB used.
      Class:      3.33 MB used.
       Both:     32.97 MB used.

Virtual space:
  Non-class space:       64.00 MB reserved,      30.19 MB ( 47%) committed,  1 nodes.
      Class space:        1.00 GB reserved,       3.75 MB ( <1%) committed,  1 nodes.
             Both:        1.06 GB reserved,      33.94 MB (  3%) committed. 

Chunk freelists:
   Non-Class:  1.42 MB
       Class:  12.22 MB
        Both:  13.64 MB

MaxMetaspaceSize: unlimited
CompressedClassSpaceSize: 1.00 GB
Initial GC threshold: 21.00 MB
Current GC threshold: 35.00 MB
CDS: on
 - commit_granule_bytes: 65536.
 - commit_granule_words: 8192.
 - virtual_space_node_default_size: 8388608.
 - enlarge_chunks_in_place: 1.
 - use_allocation_guard: 0.


Internal statistics:

num_allocs_failed_limit: 3.
num_arena_births: 662.
num_arena_deaths: 14.
num_vsnodes_births: 2.
num_vsnodes_deaths: 0.
num_space_committed: 543.
num_space_uncommitted: 0.
num_chunks_returned_to_freelist: 17.
num_chunks_taken_from_freelist: 2007.
num_chunk_merges: 9.
num_chunk_splits: 1294.
num_chunks_enlarged: 832.
num_inconsistent_stats: 0.

CodeHeap 'non-profiled nmethods': size=119168Kb used=2775Kb max_used=2775Kb free=116393Kb
 bounds [0x000001b152110000, 0x000001b1523d0000, 0x000001b159570000]
CodeHeap 'profiled nmethods': size=119104Kb used=9442Kb max_used=9442Kb free=109661Kb
 bounds [0x000001b14a570000, 0x000001b14aeb0000, 0x000001b1519c0000]
CodeHeap 'non-nmethods': size=7488Kb used=1927Kb max_used=3166Kb free=5560Kb
 bounds [0x000001b1519c0000, 0x000001b151cf0000, 0x000001b152110000]
CodeCache: size=245760Kb, used=14144Kb, max_used=15383Kb, free=231614Kb
 total_blobs=5387, nmethods=4725, adapters=567, full_count=0
Compilation: enabled, stopped_count=0, restarted_count=0

Compilation events (20 events):
Event: 2.938 Thread 0x000001b166007730 nmethod 4529 0x000001b1523b7c10 code [0x000001b1523b7da0, 0x000001b1523b7ec0]
Event: 2.939 Thread 0x000001b166007730 4562       4       java.nio.file.Files::provider (10 bytes)
Event: 2.939 Thread 0x000001b16855bfe0 nmethod 4662 0x000001b1523b8010 code [0x000001b1523b81a0, 0x000001b1523b8298]
Event: 2.940 Thread 0x000001b16855bfe0 4637       4       java.util.stream.AbstractPipeline::<init> (91 bytes)
Event: 2.941 Thread 0x000001b166007730 nmethod 4562 0x000001b1523b8390 code [0x000001b1523b8520, 0x000001b1523b85e0]
Event: 2.943 Thread 0x000001b166007730 4547       4       java.lang.Class::getComponentType (14 bytes)
Event: 2.944 Thread 0x000001b16855bfe0 nmethod 4637 0x000001b1523b8710 code [0x000001b1523b88a0, 0x000001b1523b8a60]
Event: 2.944 Thread 0x000001b16855bfe0 4430       4       jdk.internal.jimage.ImageReader$Node::resolveLink (2 bytes)
Event: 2.945 Thread 0x000001b166007730 nmethod 4547 0x000001b1523b8c10 code [0x000001b1523b8da0, 0x000001b1523b8e50]
Event: 2.946 Thread 0x000001b166007730 4447       4       java.util.ImmutableCollections$ListN::size (6 bytes)
Event: 2.946 Thread 0x000001b16855bfe0 nmethod 4430 0x000001b1523b8f10 code [0x000001b1523b90a0, 0x000001b1523b9128]
Event: 2.946 Thread 0x000001b16855bfe0 4554       4       java.util.stream.AbstractPipeline::isParallel (8 bytes)
Event: 2.948 Thread 0x000001b166007730 nmethod 4447 0x000001b1523b9210 code [0x000001b1523b93a0, 0x000001b1523b9440]
Event: 2.949 Thread 0x000001b166007730 4508       4       jdk.internal.jrtfs.JrtFileAttributes::isDirectory (8 bytes)
Event: 2.949 Thread 0x000001b16855bfe0 nmethod 4554 0x000001b1523b9510 code [0x000001b1523b96a0, 0x000001b1523b9740]
Event: 2.949 Thread 0x000001b16855bfe0 4509       4       java.nio.file.FileTreeWalker$Event::<init> (9 bytes)
Event: 2.950 Thread 0x000001b165521210 nmethod 4501 0x000001b1523b9810 code [0x000001b1523b9d00, 0x000001b1523bce20]
Event: 2.950 Thread 0x000001b166007730 nmethod 4508 0x000001b1523bef90 code [0x000001b1523bf120, 0x000001b1523bf1d0]
Event: 2.951 Thread 0x000001b166007730 4677       4       java.util.ArrayDeque::pollFirst (36 bytes)
Event: 2.951 Thread 0x000001b16855bfe0 nmethod 4509 0x000001b1523bf290 code [0x000001b1523bf420, 0x000001b1523bf4d0]

GC Heap History (20 events):
Event: 1.740 GC heap before
{Heap before GC invocations=9 (full 1):
 PSYoungGen      total 27136K, used 27089K [0x00000000d5580000, 0x00000000d7480000, 0x0000000100000000)
  eden space 24576K, 100% used [0x00000000d5580000,0x00000000d6d80000,0x00000000d6d80000)
  from space 2560K, 98% used [0x00000000d6f00000,0x00000000d7174458,0x00000000d7180000)
  to   space 3072K, 0% used [0x00000000d7180000,0x00000000d7180000,0x00000000d7480000)
 ParOldGen       total 68608K, used 11519K [0x0000000080000000, 0x0000000084300000, 0x00000000d5580000)
  object space 68608K, 16% used [0x0000000080000000,0x0000000080b3fc08,0x0000000084300000)
 Metaspace       used 26288K, committed 27136K, reserved 1114112K
  class space    used 2570K, committed 2944K, reserved 1048576K
}
Event: 1.742 GC heap after
{Heap after GC invocations=9 (full 1):
 PSYoungGen      total 26624K, used 3060K [0x00000000d5580000, 0x00000000d7700000, 0x0000000100000000)
  eden space 23552K, 0% used [0x00000000d5580000,0x00000000d5580000,0x00000000d6c80000)
  from space 3072K, 99% used [0x00000000d7180000,0x00000000d747d1b8,0x00000000d7480000)
  to   space 5120K, 0% used [0x00000000d6c80000,0x00000000d6c80000,0x00000000d7180000)
 ParOldGen       total 68608K, used 12740K [0x0000000080000000, 0x0000000084300000, 0x00000000d5580000)
  object space 68608K, 18% used [0x0000000080000000,0x0000000080c71128,0x0000000084300000)
 Metaspace       used 26288K, committed 27136K, reserved 1114112K
  class space    used 2570K, committed 2944K, reserved 1048576K
}
Event: 1.987 GC heap before
{Heap before GC invocations=10 (full 1):
 PSYoungGen      total 26624K, used 26612K [0x00000000d5580000, 0x00000000d7700000, 0x0000000100000000)
  eden space 23552K, 100% used [0x00000000d5580000,0x00000000d6c80000,0x00000000d6c80000)
  from space 3072K, 99% used [0x00000000d7180000,0x00000000d747d1b8,0x00000000d7480000)
  to   space 5120K, 0% used [0x00000000d6c80000,0x00000000d6c80000,0x00000000d7180000)
 ParOldGen       total 68608K, used 12740K [0x0000000080000000, 0x0000000084300000, 0x00000000d5580000)
  object space 68608K, 18% used [0x0000000080000000,0x0000000080c71128,0x0000000084300000)
 Metaspace       used 28166K, committed 28928K, reserved 1114112K
  class space    used 2795K, committed 3136K, reserved 1048576K
}
Event: 1.988 GC heap after
{Heap after GC invocations=10 (full 1):
 PSYoungGen      total 27136K, used 3780K [0x00000000d5580000, 0x00000000d7400000, 0x0000000100000000)
  eden space 23040K, 0% used [0x00000000d5580000,0x00000000d5580000,0x00000000d6c00000)
  from space 4096K, 92% used [0x00000000d6c80000,0x00000000d70311c8,0x00000000d7080000)
  to   space 3584K, 0% used [0x00000000d7080000,0x00000000d7080000,0x00000000d7400000)
 ParOldGen       total 68608K, used 12748K [0x0000000080000000, 0x0000000084300000, 0x00000000d5580000)
  object space 68608K, 18% used [0x0000000080000000,0x0000000080c73128,0x0000000084300000)
 Metaspace       used 28166K, committed 28928K, reserved 1114112K
  class space    used 2795K, committed 3136K, reserved 1048576K
}
Event: 2.354 GC heap before
{Heap before GC invocations=11 (full 1):
 PSYoungGen      total 27136K, used 26819K [0x00000000d5580000, 0x00000000d7400000, 0x0000000100000000)
  eden space 23040K, 99% used [0x00000000d5580000,0x00000000d6bffdf8,0x00000000d6c00000)
  from space 4096K, 92% used [0x00000000d6c80000,0x00000000d70311c8,0x00000000d7080000)
  to   space 3584K, 0% used [0x00000000d7080000,0x00000000d7080000,0x00000000d7400000)
 ParOldGen       total 68608K, used 12748K [0x0000000080000000, 0x0000000084300000, 0x00000000d5580000)
  object space 68608K, 18% used [0x0000000080000000,0x0000000080c73128,0x0000000084300000)
 Metaspace       used 31158K, committed 31936K, reserved 1114112K
  class space    used 3115K, committed 3456K, reserved 1048576K
}
Event: 2.356 GC heap after
{Heap after GC invocations=11 (full 1):
 PSYoungGen      total 25088K, used 2166K [0x00000000d5580000, 0x00000000d7300000, 0x0000000100000000)
  eden space 22528K, 0% used [0x00000000d5580000,0x00000000d5580000,0x00000000d6b80000)
  from space 2560K, 84% used [0x00000000d7080000,0x00000000d729da60,0x00000000d7300000)
  to   space 3072K, 0% used [0x00000000d6d00000,0x00000000d6d00000,0x00000000d7000000)
 ParOldGen       total 68608K, used 15767K [0x0000000080000000, 0x0000000084300000, 0x00000000d5580000)
  object space 68608K, 22% used [0x0000000080000000,0x0000000080f65f20,0x0000000084300000)
 Metaspace       used 31158K, committed 31936K, reserved 1114112K
  class space    used 3115K, committed 3456K, reserved 1048576K
}
Event: 2.513 GC heap before
{Heap before GC invocations=12 (full 1):
 PSYoungGen      total 25088K, used 24694K [0x00000000d5580000, 0x00000000d7300000, 0x0000000100000000)
  eden space 22528K, 100% used [0x00000000d5580000,0x00000000d6b80000,0x00000000d6b80000)
  from space 2560K, 84% used [0x00000000d7080000,0x00000000d729da60,0x00000000d7300000)
  to   space 3072K, 0% used [0x00000000d6d00000,0x00000000d6d00000,0x00000000d7000000)
 ParOldGen       total 68608K, used 15767K [0x0000000080000000, 0x0000000084300000, 0x00000000d5580000)
  object space 68608K, 22% used [0x0000000080000000,0x0000000080f65f20,0x0000000084300000)
 Metaspace       used 31886K, committed 32768K, reserved 1114112K
  class space    used 3186K, committed 3584K, reserved 1048576K
}
Event: 2.515 GC heap after
{Heap after GC invocations=12 (full 1):
 PSYoungGen      total 24576K, used 2208K [0x00000000d5580000, 0x00000000d7100000, 0x0000000100000000)
  eden space 22016K, 0% used [0x00000000d5580000,0x00000000d5580000,0x00000000d6b00000)
  from space 2560K, 86% used [0x00000000d6d00000,0x00000000d6f28010,0x00000000d6f80000)
  to   space 1536K, 0% used [0x00000000d6f80000,0x00000000d6f80000,0x00000000d7100000)
 ParOldGen       total 68608K, used 17705K [0x0000000080000000, 0x0000000084300000, 0x00000000d5580000)
  object space 68608K, 25% used [0x0000000080000000,0x000000008114a508,0x0000000084300000)
 Metaspace       used 31886K, committed 32768K, reserved 1114112K
  class space    used 3186K, committed 3584K, reserved 1048576K
}
Event: 2.632 GC heap before
{Heap before GC invocations=13 (full 1):
 PSYoungGen      total 24576K, used 24224K [0x00000000d5580000, 0x00000000d7100000, 0x0000000100000000)
  eden space 22016K, 100% used [0x00000000d5580000,0x00000000d6b00000,0x00000000d6b00000)
  from space 2560K, 86% used [0x00000000d6d00000,0x00000000d6f28010,0x00000000d6f80000)
  to   space 1536K, 0% used [0x00000000d6f80000,0x00000000d6f80000,0x00000000d7100000)
 ParOldGen       total 68608K, used 17705K [0x0000000080000000, 0x0000000084300000, 0x00000000d5580000)
  object space 68608K, 25% used [0x0000000080000000,0x000000008114a508,0x0000000084300000)
 Metaspace       used 32256K, committed 33216K, reserved 1114112K
  class space    used 3243K, committed 3648K, reserved 1048576K
}
Event: 2.634 GC heap after
{Heap after GC invocations=13 (full 1):
 PSYoungGen      total 23552K, used 1506K [0x00000000d5580000, 0x00000000d7400000, 0x0000000100000000)
  eden space 22016K, 0% used [0x00000000d5580000,0x00000000d5580000,0x00000000d6b00000)
  from space 1536K, 98% used [0x00000000d6f80000,0x00000000d70f8800,0x00000000d7100000)
  to   space 4608K, 0% used [0x00000000d6b00000,0x00000000d6b00000,0x00000000d6f80000)
 ParOldGen       total 68608K, used 20398K [0x0000000080000000, 0x0000000084300000, 0x00000000d5580000)
  object space 68608K, 29% used [0x0000000080000000,0x00000000813eb890,0x0000000084300000)
 Metaspace       used 32256K, committed 33216K, reserved 1114112K
  class space    used 3243K, committed 3648K, reserved 1048576K
}
Event: 2.658 GC heap before
{Heap before GC invocations=14 (full 1):
 PSYoungGen      total 23552K, used 23522K [0x00000000d5580000, 0x00000000d7400000, 0x0000000100000000)
  eden space 22016K, 100% used [0x00000000d5580000,0x00000000d6b00000,0x00000000d6b00000)
  from space 1536K, 98% used [0x00000000d6f80000,0x00000000d70f8800,0x00000000d7100000)
  to   space 4608K, 0% used [0x00000000d6b00000,0x00000000d6b00000,0x00000000d6f80000)
 ParOldGen       total 68608K, used 20398K [0x0000000080000000, 0x0000000084300000, 0x00000000d5580000)
  object space 68608K, 29% used [0x0000000080000000,0x00000000813eb890,0x0000000084300000)
 Metaspace       used 32267K, committed 33216K, reserved 1114112K
  class space    used 3243K, committed 3648K, reserved 1048576K
}
Event: 2.660 GC heap after
{Heap after GC invocations=14 (full 1):
 PSYoungGen      total 24576K, used 2176K [0x00000000d5580000, 0x00000000d7100000, 0x0000000100000000)
  eden space 22016K, 0% used [0x00000000d5580000,0x00000000d5580000,0x00000000d6b00000)
  from space 2560K, 85% used [0x00000000d6b00000,0x00000000d6d20010,0x00000000d6d80000)
  to   space 3072K, 0% used [0x00000000d6e00000,0x00000000d6e00000,0x00000000d7100000)
 ParOldGen       total 68608K, used 21948K [0x0000000080000000, 0x0000000084300000, 0x00000000d5580000)
  object space 68608K, 31% used [0x0000000080000000,0x000000008156f1c0,0x0000000084300000)
 Metaspace       used 32267K, committed 33216K, reserved 1114112K
  class space    used 3243K, committed 3648K, reserved 1048576K
}
Event: 2.692 GC heap before
{Heap before GC invocations=15 (full 1):
 PSYoungGen      total 24576K, used 24192K [0x00000000d5580000, 0x00000000d7100000, 0x0000000100000000)
  eden space 22016K, 100% used [0x00000000d5580000,0x00000000d6b00000,0x00000000d6b00000)
  from space 2560K, 85% used [0x00000000d6b00000,0x00000000d6d20010,0x00000000d6d80000)
  to   space 3072K, 0% used [0x00000000d6e00000,0x00000000d6e00000,0x00000000d7100000)
 ParOldGen       total 68608K, used 21948K [0x0000000080000000, 0x0000000084300000, 0x00000000d5580000)
  object space 68608K, 31% used [0x0000000080000000,0x000000008156f1c0,0x0000000084300000)
 Metaspace       used 32284K, committed 33216K, reserved 1114112K
  class space    used 3243K, committed 3648K, reserved 1048576K
}
Event: 2.694 GC heap after
{Heap after GC invocations=15 (full 1):
 PSYoungGen      total 24576K, used 2308K [0x00000000d5580000, 0x00000000d7080000, 0x0000000100000000)
  eden space 22016K, 0% used [0x00000000d5580000,0x00000000d5580000,0x00000000d6b00000)
  from space 2560K, 90% used [0x00000000d6e00000,0x00000000d7041000,0x00000000d7080000)
  to   space 2560K, 0% used [0x00000000d6b00000,0x00000000d6b00000,0x00000000d6d80000)
 ParOldGen       total 68608K, used 23996K [0x0000000080000000, 0x0000000084300000, 0x00000000d5580000)
  object space 68608K, 34% used [0x0000000080000000,0x000000008176f1d0,0x0000000084300000)
 Metaspace       used 32284K, committed 33216K, reserved 1114112K
  class space    used 3243K, committed 3648K, reserved 1048576K
}
Event: 2.719 GC heap before
{Heap before GC invocations=16 (full 1):
 PSYoungGen      total 24576K, used 24324K [0x00000000d5580000, 0x00000000d7080000, 0x0000000100000000)
  eden space 22016K, 100% used [0x00000000d5580000,0x00000000d6b00000,0x00000000d6b00000)
  from space 2560K, 90% used [0x00000000d6e00000,0x00000000d7041000,0x00000000d7080000)
  to   space 2560K, 0% used [0x00000000d6b00000,0x00000000d6b00000,0x00000000d6d80000)
 ParOldGen       total 68608K, used 23996K [0x0000000080000000, 0x0000000084300000, 0x00000000d5580000)
  object space 68608K, 34% used [0x0000000080000000,0x000000008176f1d0,0x0000000084300000)
 Metaspace       used 32307K, committed 33216K, reserved 1114112K
  class space    used 3245K, committed 3648K, reserved 1048576K
}
Event: 2.721 GC heap after
{Heap after GC invocations=16 (full 1):
 PSYoungGen      total 24576K, used 2304K [0x00000000d5580000, 0x00000000d7000000, 0x0000000100000000)
  eden space 22016K, 0% used [0x00000000d5580000,0x00000000d5580000,0x00000000d6b00000)
  from space 2560K, 90% used [0x00000000d6b00000,0x00000000d6d40010,0x00000000d6d80000)
  to   space 2560K, 0% used [0x00000000d6d80000,0x00000000d6d80000,0x00000000d7000000)
 ParOldGen       total 68608K, used 26179K [0x0000000080000000, 0x0000000084300000, 0x00000000d5580000)
  object space 68608K, 38% used [0x0000000080000000,0x0000000081990c80,0x0000000084300000)
 Metaspace       used 32307K, committed 33216K, reserved 1114112K
  class space    used 3245K, committed 3648K, reserved 1048576K
}
Event: 2.752 GC heap before
{Heap before GC invocations=17 (full 1):
 PSYoungGen      total 24576K, used 24320K [0x00000000d5580000, 0x00000000d7000000, 0x0000000100000000)
  eden space 22016K, 100% used [0x00000000d5580000,0x00000000d6b00000,0x00000000d6b00000)
  from space 2560K, 90% used [0x00000000d6b00000,0x00000000d6d40010,0x00000000d6d80000)
  to   space 2560K, 0% used [0x00000000d6d80000,0x00000000d6d80000,0x00000000d7000000)
 ParOldGen       total 68608K, used 26179K [0x0000000080000000, 0x0000000084300000, 0x00000000d5580000)
  object space 68608K, 38% used [0x0000000080000000,0x0000000081990c80,0x0000000084300000)
 Metaspace       used 32343K, committed 33280K, reserved 1114112K
  class space    used 3245K, committed 3648K, reserved 1048576K
}
Event: 2.754 GC heap after
{Heap after GC invocations=17 (full 1):
 PSYoungGen      total 24576K, used 1976K [0x00000000d5580000, 0x00000000d7000000, 0x0000000100000000)
  eden space 22016K, 0% used [0x00000000d5580000,0x00000000d5580000,0x00000000d6b00000)
  from space 2560K, 77% used [0x00000000d6d80000,0x00000000d6f6e200,0x00000000d7000000)
  to   space 2560K, 0% used [0x00000000d6b00000,0x00000000d6b00000,0x00000000d6d80000)
 ParOldGen       total 68608K, used 28283K [0x0000000080000000, 0x0000000084300000, 0x00000000d5580000)
  object space 68608K, 41% used [0x0000000080000000,0x0000000081b9ec90,0x0000000084300000)
 Metaspace       used 32343K, committed 33280K, reserved 1114112K
  class space    used 3245K, committed 3648K, reserved 1048576K
}
Event: 2.941 GC heap before
{Heap before GC invocations=18 (full 1):
 PSYoungGen      total 24576K, used 23992K [0x00000000d5580000, 0x00000000d7000000, 0x0000000100000000)
  eden space 22016K, 100% used [0x00000000d5580000,0x00000000d6b00000,0x00000000d6b00000)
  from space 2560K, 77% used [0x00000000d6d80000,0x00000000d6f6e200,0x00000000d7000000)
  to   space 2560K, 0% used [0x00000000d6b00000,0x00000000d6b00000,0x00000000d6d80000)
 ParOldGen       total 68608K, used 28283K [0x0000000080000000, 0x0000000084300000, 0x00000000d5580000)
  object space 68608K, 41% used [0x0000000080000000,0x0000000081b9ec90,0x0000000084300000)
 Metaspace       used 33559K, committed 34496K, reserved 1114112K
  class space    used 3381K, committed 3776K, reserved 1048576K
}
Event: 2.943 GC heap after
{Heap after GC invocations=18 (full 1):
 PSYoungGen      total 24064K, used 1899K [0x00000000d5580000, 0x00000000d6f00000, 0x0000000100000000)
  eden space 22016K, 0% used [0x00000000d5580000,0x00000000d5580000,0x00000000d6b00000)
  from space 2048K, 92% used [0x00000000d6b00000,0x00000000d6cdae58,0x00000000d6d00000)
  to   space 2048K, 0% used [0x00000000d6d00000,0x00000000d6d00000,0x00000000d6f00000)
 ParOldGen       total 68608K, used 30107K [0x0000000080000000, 0x0000000084300000, 0x00000000d5580000)
  object space 68608K, 43% used [0x0000000080000000,0x0000000081d66e90,0x0000000084300000)
 Metaspace       used 33559K, committed 34496K, reserved 1114112K
  class space    used 3381K, committed 3776K, reserved 1048576K
}

Dll operation events (10 events):
Event: 0.010 Loaded shared library c:\Users\HP\.antigravity\extensions\redhat.java-1.53.0-win32-x64\jre\21.0.10-win32-x86_64\bin\java.dll
Event: 0.056 Loaded shared library c:\Users\HP\.antigravity\extensions\redhat.java-1.53.0-win32-x64\jre\21.0.10-win32-x86_64\bin\zip.dll
Event: 0.066 Loaded shared library C:\Users\HP\.antigravity\extensions\redhat.java-1.53.0-win32-x64\jre\21.0.10-win32-x86_64\bin\instrument.dll
Event: 0.068 Loaded shared library C:\Users\HP\.antigravity\extensions\redhat.java-1.53.0-win32-x64\jre\21.0.10-win32-x86_64\bin\net.dll
Event: 0.070 Loaded shared library C:\Users\HP\.antigravity\extensions\redhat.java-1.53.0-win32-x64\jre\21.0.10-win32-x86_64\bin\nio.dll
Event: 0.071 Loaded shared library C:\Users\HP\.antigravity\extensions\redhat.java-1.53.0-win32-x64\jre\21.0.10-win32-x86_64\bin\zip.dll
Event: 0.079 Loaded shared library C:\Users\HP\.antigravity\extensions\redhat.java-1.53.0-win32-x64\jre\21.0.10-win32-x86_64\bin\jimage.dll
Event: 0.117 Loaded shared library c:\Users\HP\.antigravity\extensions\redhat.java-1.53.0-win32-x64\jre\21.0.10-win32-x86_64\bin\verify.dll
Event: 0.787 Loaded shared library C:\Users\HP\AppData\Roaming\Antigravity\User\globalStorage\redhat.java\1.53.0\config_ss_win\org.eclipse.equinox.launcher\org.eclipse.equinox.launcher.win32.win32.x86_64_1.3.0.v20260203-2149\eclipse_11919.dll
Event: 1.196 Loaded shared library C:\Users\HP\AppData\Local\Temp\jna-2312\jna9296500216862128538.dll

Deoptimization events (20 events):
Event: 2.660 Thread 0x000001b166c63d60 DEOPT PACKING pc=0x000001b14ae173d3 sp=0x0000001b6dafc100
Event: 2.660 Thread 0x000001b166c63d60 DEOPT UNPACKING pc=0x000001b151a14242 sp=0x0000001b6dafb5e8 mode 0
Event: 2.665 Thread 0x000001b166c63d60 DEOPT PACKING pc=0x000001b14ae173d3 sp=0x0000001b6dafc100
Event: 2.665 Thread 0x000001b166c63d60 DEOPT UNPACKING pc=0x000001b151a14242 sp=0x0000001b6dafb5e8 mode 0
Event: 2.669 Thread 0x000001b166c63d60 DEOPT PACKING pc=0x000001b14ae17357 sp=0x0000001b6dafc100
Event: 2.669 Thread 0x000001b166c63d60 DEOPT UNPACKING pc=0x000001b151a14242 sp=0x0000001b6dafb5e8 mode 0
Event: 2.683 Thread 0x000001b166c63d60 Uncommon trap: trap_request=0xffffff45 fr.pc=0x000001b15236993c relative=0x000000000000049c
Event: 2.683 Thread 0x000001b166c63d60 Uncommon trap: reason=unstable_if action=reinterpret pc=0x000001b15236993c method=java.util.ArrayList.equalsRange(Ljava/util/List;II)Z @ 41 c2
Event: 2.683 Thread 0x000001b166c63d60 DEOPT PACKING pc=0x000001b15236993c sp=0x0000001b6dafc410
Event: 2.683 Thread 0x000001b166c63d60 DEOPT UNPACKING pc=0x000001b151a13aa2 sp=0x0000001b6dafc3b0 mode 2
Event: 2.877 Thread 0x000001b166c63d60 Uncommon trap: trap_request=0xffffffc6 fr.pc=0x000001b152281ba8 relative=0x0000000000001248
Event: 2.877 Thread 0x000001b166c63d60 Uncommon trap: reason=bimorphic_or_optimized_type_check action=maybe_recompile pc=0x000001b152281ba8 method=java.util.Properties$LineReader.readLine()I @ 479 c2
Event: 2.877 Thread 0x000001b166c63d60 DEOPT PACKING pc=0x000001b152281ba8 sp=0x0000001b6dafc100
Event: 2.877 Thread 0x000001b166c63d60 DEOPT UNPACKING pc=0x000001b151a13aa2 sp=0x0000001b6dafc090 mode 2
Event: 2.914 Thread 0x000001b166c63d60 Uncommon trap: trap_request=0xffffff45 fr.pc=0x000001b152281a18 relative=0x00000000000010b8
Event: 2.914 Thread 0x000001b166c63d60 Uncommon trap: reason=unstable_if action=reinterpret pc=0x000001b152281a18 method=java.util.Properties$LineReader.readLine()I @ 325 c2
Event: 2.914 Thread 0x000001b166c63d60 DEOPT PACKING pc=0x000001b152281a18 sp=0x0000001b6dafc4e0
Event: 2.914 Thread 0x000001b166c63d60 DEOPT UNPACKING pc=0x000001b151a13aa2 sp=0x0000001b6dafc478 mode 2
Event: 2.915 Thread 0x000001b166c63d60 DEOPT PACKING pc=0x000001b14acc8d56 sp=0x0000001b6dafc2c0
Event: 2.915 Thread 0x000001b166c63d60 DEOPT UNPACKING pc=0x000001b151a14242 sp=0x0000001b6dafb7d0 mode 0

Classes loaded (20 events):
Event: 2.438 Loading class java/lang/invoke/MethodHandleImpl$Makers
Event: 2.438 Loading class java/lang/invoke/MethodHandleImpl$Makers done
Event: 2.439 Loading class java/lang/invoke/MethodHandleImpl$Makers$1
Event: 2.439 Loading class java/lang/invoke/MethodHandleImpl$Makers$1 done
Event: 2.439 Loading class java/lang/invoke/MethodHandleImpl$Makers$2
Event: 2.439 Loading class java/lang/invoke/MethodHandleImpl$Makers$2 done
Event: 2.439 Loading class java/lang/invoke/MethodHandleImpl$Makers$3
Event: 2.439 Loading class java/lang/invoke/MethodHandleImpl$Makers$3 done
Event: 2.446 Loading class java/lang/runtime/ObjectMethods$1
Event: 2.446 Loading class java/lang/runtime/ObjectMethods$1 done
Event: 2.589 Loading class java/util/AbstractList$ListItr
Event: 2.589 Loading class java/util/AbstractList$ListItr done
Event: 2.609 Loading class java/nio/channels/Channels$ReadableByteChannelImpl
Event: 2.609 Loading class java/nio/channels/Channels$ReadableByteChannelImpl done
Event: 2.611 Loading class java/nio/channels/NonWritableChannelException
Event: 2.611 Loading class java/nio/channels/NonWritableChannelException done
Event: 2.796 Loading class java/lang/ExceptionInInitializerError
Event: 2.796 Loading class java/lang/ExceptionInInitializerError done
Event: 2.901 Loading class sun/misc/Unsafe
Event: 2.901 Loading class sun/misc/Unsafe done

Classes unloaded (7 events):
Event: 1.408 Thread 0x000001b14740f750 Unloading class 0x000001b101191400 'java/lang/invoke/LambdaForm$MH+0x000001b101191400'
Event: 1.408 Thread 0x000001b14740f750 Unloading class 0x000001b101191000 'java/lang/invoke/LambdaForm$MH+0x000001b101191000'
Event: 1.408 Thread 0x000001b14740f750 Unloading class 0x000001b101190c00 'java/lang/invoke/LambdaForm$MH+0x000001b101190c00'
Event: 1.408 Thread 0x000001b14740f750 Unloading class 0x000001b101190800 'java/lang/invoke/LambdaForm$MH+0x000001b101190800'
Event: 1.408 Thread 0x000001b14740f750 Unloading class 0x000001b101190400 'java/lang/invoke/LambdaForm$BMH+0x000001b101190400'
Event: 1.408 Thread 0x000001b14740f750 Unloading class 0x000001b101190000 'java/lang/invoke/LambdaForm$DMH+0x000001b101190000'
Event: 1.408 Thread 0x000001b14740f750 Unloading class 0x000001b10118ec00 'java/lang/invoke/LambdaForm$DMH+0x000001b10118ec00'

Classes redefined (0 events):
No events

Internal exceptions (20 events):
Event: 2.059 Thread 0x000001b14736dd10 Exception <a 'java/lang/NoSuchMethodError'{0x00000000d58ff490}: 'void java.lang.invoke.DirectMethodHandle$Holder.invokeSpecial(java.lang.Object, java.lang.Object, java.lang.Object, java.lang.Object, java.lang.Object, java.lang.Object)'> (0x00000000d58ff490) 
thrown [s\src\hotspot\share\interpreter\linkResolver.cpp, line 773]
Event: 2.061 Thread 0x000001b14736dd10 Exception <a 'java/lang/IncompatibleClassChangeError'{0x00000000d59075d0}: Found class java.lang.Object, but interface was expected> (0x00000000d59075d0) 
thrown [s\src\hotspot\share\interpreter\linkResolver.cpp, line 840]
Event: 2.062 Thread 0x000001b14736dd10 Exception <a 'java/lang/IncompatibleClassChangeError'{0x00000000d5909380}: Found class java.lang.Object, but interface was expected> (0x00000000d5909380) 
thrown [s\src\hotspot\share\interpreter\linkResolver.cpp, line 840]
Event: 2.209 Thread 0x000001b166c63d60 Exception <a 'java/lang/NoSuchMethodError'{0x00000000d5f2d4d8}: 'java.lang.Object java.lang.invoke.DirectMethodHandle$Holder.invokeInterface(java.lang.Object, java.lang.Object, java.lang.Object)'> (0x00000000d5f2d4d8) 
thrown [s\src\hotspot\share\interpreter\linkResolver.cpp, line 773]
Event: 2.244 Thread 0x000001b166c63d60 Exception <a 'java/io/FileNotFoundException'{0x00000000d5fceee8}> (0x00000000d5fceee8) 
thrown [s\src\hotspot\share\prims\jni.cpp, line 520]
Event: 2.267 Thread 0x000001b166c63d60 Exception <a 'sun/nio/fs/WindowsException'{0x00000000d65ae6d8}> (0x00000000d65ae6d8) 
thrown [s\src\hotspot\share\prims\jni.cpp, line 520]
Event: 2.304 Thread 0x000001b166c63d60 Exception <a 'java/lang/IncompatibleClassChangeError'{0x00000000d689a348}: Found class java.lang.Object, but interface was expected> (0x00000000d689a348) 
thrown [s\src\hotspot\share\interpreter\linkResolver.cpp, line 840]
Event: 2.364 Thread 0x000001b166c63d60 Implicit null exception at 0x000001b15231192a to 0x000001b152311bf4
Event: 2.364 Thread 0x000001b166c63d60 Exception <a 'java/lang/NoSuchMethodError'{0x00000000d567c9c8}: 'long java.lang.invoke.DirectMethodHandle$Holder.invokeStatic(java.lang.Object, java.lang.Object, int)'> (0x00000000d567c9c8) 
thrown [s\src\hotspot\share\interpreter\linkResolver.cpp, line 773]
Event: 2.365 Thread 0x000001b166c63d60 Exception <a 'java/lang/NoSuchMethodError'{0x00000000d56874b8}: 'java.lang.Object java.lang.invoke.DelegatingMethodHandle$Holder.reinvoke_L(java.lang.Object, int, long, java.lang.Object, java.lang.Object, int, java.lang.Object)'> (0x00000000d56874b8) 
thrown [s\src\hotspot\share\interpreter\linkResolver.cpp, line 773]
Event: 2.433 Thread 0x000001b166c63d60 Exception <a 'java/lang/NoSuchMethodError'{0x00000000d5c65580}: 'java.lang.Object java.lang.invoke.DirectMethodHandle$Holder.invokeStaticInit(java.lang.Object, java.lang.Object, java.lang.Object, java.lang.Object, java.lang.Object, java.lang.Object, java.lang.Object)'> (0x00000000d5c65580) 
thrown [s\src\hotspot\share\interpreter\linkResolver.cpp, line 773]
Event: 2.436 Thread 0x000001b166c63d60 Exception <a 'java/lang/NoSuchMethodError'{0x00000000d5c6a538}: 'java.lang.Object java.lang.invoke.Invokers$Holder.invoke_MT(java.lang.Object, java.lang.Object, java.lang.Object, java.lang.Object, java.lang.Object, java.lang.Object, java.lang.Object, java.lang.Object, java.lang.Object, java.lang.Object)'> (0x00000000d5c6a538) 
thrown [s\src\hotspot\share\interpreter\linkResolver.cpp, line 773]
Event: 2.447 Thread 0x000001b166c63d60 Exception <a 'java/lang/NoSuchMethodError'{0x00000000d5caa1b8}: 'int java.lang.invoke.DirectMethodHandle$Holder.invokeVirtual(java.lang.Object, java.lang.Object, java.lang.Object)'> (0x00000000d5caa1b8) 
thrown [s\src\hotspot\share\interpreter\linkResolver.cpp, line 773]
Event: 2.448 Thread 0x000001b166c63d60 Exception <a 'java/lang/NoSuchMethodError'{0x00000000d5cae560}: 'int java.lang.invoke.DirectMethodHandle$Holder.invokeStaticInit(java.lang.Object, int, int)'> (0x00000000d5cae560) 
thrown [s\src\hotspot\share\interpreter\linkResolver.cpp, line 773]
Event: 2.450 Thread 0x000001b166c63d60 Exception <a 'java/lang/NoSuchMethodError'{0x00000000d5cb5d08}: 'int java.lang.invoke.DirectMethodHandle$Holder.invokeStaticInit(java.lang.Object, long, long)'> (0x00000000d5cb5d08) 
thrown [s\src\hotspot\share\interpreter\linkResolver.cpp, line 773]
Event: 2.452 Thread 0x000001b166c63d60 Exception <a 'java/lang/NoSuchMethodError'{0x00000000d5cbcc98}: 'int java.lang.invoke.DirectMethodHandle$Holder.invokeStaticInit(java.lang.Object, float, float)'> (0x00000000d5cbcc98) 
thrown [s\src\hotspot\share\interpreter\linkResolver.cpp, line 773]
Event: 2.455 Thread 0x000001b166c63d60 Exception <a 'java/lang/NoSuchMethodError'{0x00000000d5cc39d8}: 'int java.lang.invoke.DirectMethodHandle$Holder.invokeStaticInit(java.lang.Object, double, double)'> (0x00000000d5cc39d8) 
thrown [s\src\hotspot\share\interpreter\linkResolver.cpp, line 773]
Event: 2.456 Thread 0x000001b166c63d60 Exception <a 'java/lang/NoSuchMethodError'{0x00000000d5cc81f0}: 'int java.lang.invoke.DirectMethodHandle$Holder.invokeStatic(java.lang.Object, long)'> (0x00000000d5cc81f0) 
thrown [s\src\hotspot\share\interpreter\linkResolver.cpp, line 773]
Event: 2.464 Thread 0x000001b166c63d60 Exception <a 'java/lang/NoSuchMethodError'{0x00000000d5ce6e78}: 'int java.lang.invoke.Invokers$Holder.linkToTargetMethod(java.lang.Object, java.lang.Object)'> (0x00000000d5ce6e78) 
thrown [s\src\hotspot\share\interpreter\linkResolver.cpp, line 773]
Event: 2.907 Thread 0x000001b166c63d60 Exception <a 'java/lang/NoSuchMethodError'{0x00000000d6a43bb0}: 'java.lang.Object java.lang.invoke.DirectMethodHandle$Holder.invokeVirtual(java.lang.Object, java.lang.Object, int)'> (0x00000000d6a43bb0) 
thrown [s\src\hotspot\share\interpreter\linkResolver.cpp, line 773]

ZGC Phase Switch (0 events):
No events

VM Operations (20 events):
Event: 2.375 Executing non-safepoint VM operation: HandshakeAllThreads (Deoptimize) done
Event: 2.376 Executing non-safepoint VM operation: HandshakeAllThreads (Deoptimize)
Event: 2.376 Executing non-safepoint VM operation: HandshakeAllThreads (Deoptimize) done
Event: 2.513 Executing safepoint VM operation: ParallelGCFailedAllocation (Allocation Failure)
Event: 2.515 Executing safepoint VM operation: ParallelGCFailedAllocation (Allocation Failure) done
Event: 2.632 Executing safepoint VM operation: ParallelGCFailedAllocation (Allocation Failure)
Event: 2.634 Executing safepoint VM operation: ParallelGCFailedAllocation (Allocation Failure) done
Event: 2.658 Executing safepoint VM operation: ParallelGCFailedAllocation (Allocation Failure)
Event: 2.660 Executing safepoint VM operation: ParallelGCFailedAllocation (Allocation Failure) done
Event: 2.692 Executing safepoint VM operation: ParallelGCFailedAllocation (Allocation Failure)
Event: 2.694 Executing safepoint VM operation: ParallelGCFailedAllocation (Allocation Failure) done
Event: 2.719 Executing safepoint VM operation: ParallelGCFailedAllocation (Allocation Failure)
Event: 2.721 Executing safepoint VM operation: ParallelGCFailedAllocation (Allocation Failure) done
Event: 2.752 Executing safepoint VM operation: ParallelGCFailedAllocation (Allocation Failure)
Event: 2.754 Executing safepoint VM operation: ParallelGCFailedAllocation (Allocation Failure) done
Event: 2.937 Executing non-safepoint VM operation: HandshakeAllThreads (Deoptimize)
Event: 2.937 Executing non-safepoint VM operation: HandshakeAllThreads (Deoptimize) done
Event: 2.941 Executing safepoint VM operation: ParallelGCFailedAllocation (Allocation Failure)
Event: 2.943 Executing safepoint VM operation: ParallelGCFailedAllocation (Allocation Failure) done
Event: 3.944 Executing safepoint VM operation: Cleanup

Memory protections (0 events):
No events

Nmethod flushes (0 events):
No events

Events (20 events):
Event: 1.723 Thread 0x000001b14736dd10 Thread added: 0x000001b166c629b0
Event: 1.723 Thread 0x000001b14736dd10 Thread added: 0x000001b166c61c90
Event: 1.723 Thread 0x000001b14736dd10 Thread added: 0x000001b166c5fbc0
Event: 1.723 Thread 0x000001b14736dd10 Thread added: 0x000001b166c5f530
Event: 1.723 Thread 0x000001b14736dd10 Thread added: 0x000001b166c61600
Event: 1.723 Thread 0x000001b14736dd10 Thread added: 0x000001b166c60250
Event: 1.723 Thread 0x000001b14736dd10 Thread added: 0x000001b166c63040
Event: 1.723 Thread 0x000001b14736dd10 Thread added: 0x000001b166c608e0
Event: 1.723 Thread 0x000001b14736dd10 Thread added: 0x000001b166c664c0
Event: 1.723 Thread 0x000001b14736dd10 Thread added: 0x000001b166c64a80
Event: 1.723 Thread 0x000001b14736dd10 Thread added: 0x000001b166c65110
Event: 1.738 Thread 0x000001b14736dd10 Thread added: 0x000001b166c643f0
Event: 1.750 Thread 0x000001b166007730 Thread added: 0x000001b166a01370
Event: 1.888 Thread 0x000001b1657ad150 Thread added: 0x000001b166c657a0
Event: 2.085 Thread 0x000001b14736dd10 Thread added: 0x000001b166c65e30
Event: 2.085 Thread 0x000001b14736dd10 Thread added: 0x000001b166c63d60
Event: 2.371 Thread 0x000001b166a01370 Thread exited: 0x000001b166a01370
Event: 2.529 Thread 0x000001b15f261d40 Thread added: 0x000001b16855bfe0
Event: 2.529 Thread 0x000001b15f261d40 Thread added: 0x000001b168627e40
Event: 2.539 Thread 0x000001b15f3af630 Thread added: 0x000001b168fe7210


Dynamic libraries:
0x00007ff71a450000 - 0x00007ff71a45e000 	c:\Users\HP\.antigravity\extensions\redhat.java-1.53.0-win32-x64\jre\21.0.10-win32-x86_64\bin\java.exe
0x00007ffa5cd60000 - 0x00007ffa5cfc7000 	C:\WINDOWS\SYSTEM32\ntdll.dll
0x00007ffa5bba0000 - 0x00007ffa5bc69000 	C:\WINDOWS\System32\KERNEL32.DLL
0x00007ffa59c50000 - 0x00007ffa5a044000 	C:\WINDOWS\System32\KERNELBASE.dll
0x00007ffa59630000 - 0x00007ffa5977b000 	C:\WINDOWS\System32\ucrtbase.dll
0x00007ffa14be0000 - 0x00007ffa14bfe000 	c:\Users\HP\.antigravity\extensions\redhat.java-1.53.0-win32-x64\jre\21.0.10-win32-x86_64\bin\VCRUNTIME140.dll
0x00007ffa16b30000 - 0x00007ffa16b48000 	c:\Users\HP\.antigravity\extensions\redhat.java-1.53.0-win32-x64\jre\21.0.10-win32-x86_64\bin\jli.dll
0x00007ffa5c920000 - 0x00007ffa5cae5000 	C:\WINDOWS\System32\USER32.dll
0x00007ffa598f0000 - 0x00007ffa59917000 	C:\WINDOWS\System32\win32u.dll
0x00007ffa37370000 - 0x00007ffa37603000 	C:\WINDOWS\WinSxS\amd64_microsoft.windows.common-controls_6595b64144ccf1df_6.0.26100.8115_none_3e075c82e3354f9c\COMCTL32.dll
0x00007ffa5ccf0000 - 0x00007ffa5cd1b000 	C:\WINDOWS\System32\GDI32.dll
0x00007ffa5bc70000 - 0x00007ffa5bd19000 	C:\WINDOWS\System32\msvcrt.dll
0x00007ffa59a60000 - 0x00007ffa59b8a000 	C:\WINDOWS\System32\gdi32full.dll
0x00007ffa5a050000 - 0x00007ffa5a0f3000 	C:\WINDOWS\System32\msvcp_win.dll
0x00007ffa5b950000 - 0x00007ffa5b982000 	C:\WINDOWS\System32\IMM32.DLL
0x00007ffa3c3a0000 - 0x00007ffa3c3ac000 	c:\Users\HP\.antigravity\extensions\redhat.java-1.53.0-win32-x64\jre\21.0.10-win32-x86_64\bin\vcruntime140_1.dll
0x00007ff9fa9c0000 - 0x00007ff9faa4d000 	c:\Users\HP\.antigravity\extensions\redhat.java-1.53.0-win32-x64\jre\21.0.10-win32-x86_64\bin\msvcp140.dll
0x00007ff9b5880000 - 0x00007ff9b6621000 	c:\Users\HP\.antigravity\extensions\redhat.java-1.53.0-win32-x64\jre\21.0.10-win32-x86_64\bin\server\jvm.dll
0x00007ffa5ae00000 - 0x00007ffa5aeb6000 	C:\WINDOWS\System32\ADVAPI32.dll
0x00007ffa5acd0000 - 0x00007ffa5ad77000 	C:\WINDOWS\System32\sechost.dll
0x00007ffa5aaf0000 - 0x00007ffa5ac08000 	C:\WINDOWS\System32\RPCRT4.dll
0x00007ffa5cc60000 - 0x00007ffa5cce0000 	C:\WINDOWS\System32\WS2_32.dll
0x00007ffa56670000 - 0x00007ffa566a6000 	C:\WINDOWS\SYSTEM32\WINMM.dll
0x00007ffa59490000 - 0x00007ffa594ee000 	C:\WINDOWS\SYSTEM32\POWRPROF.dll
0x00007ffa4f1f0000 - 0x00007ffa4f1fb000 	C:\WINDOWS\SYSTEM32\VERSION.dll
0x00007ffa59470000 - 0x00007ffa59484000 	C:\WINDOWS\SYSTEM32\UMPDC.dll
0x00007ffa58380000 - 0x00007ffa5839b000 	C:\WINDOWS\SYSTEM32\kernel.appcore.dll
0x00007ffa51b90000 - 0x00007ffa51b9a000 	c:\Users\HP\.antigravity\extensions\redhat.java-1.53.0-win32-x64\jre\21.0.10-win32-x86_64\bin\jimage.dll
0x00007ffa57560000 - 0x00007ffa577a2000 	C:\WINDOWS\SYSTEM32\DBGHELP.DLL
0x00007ffa5b350000 - 0x00007ffa5b6d2000 	C:\WINDOWS\System32\combase.dll
0x00007ffa5b700000 - 0x00007ffa5b7d7000 	C:\WINDOWS\System32\OLEAUT32.dll
0x00007ffa2f500000 - 0x00007ffa2f53b000 	C:\WINDOWS\SYSTEM32\dbgcore.DLL
0x00007ffa59920000 - 0x00007ffa599c5000 	C:\WINDOWS\System32\bcryptPrimitives.dll
0x00007ffa51b00000 - 0x00007ffa51b0f000 	c:\Users\HP\.antigravity\extensions\redhat.java-1.53.0-win32-x64\jre\21.0.10-win32-x86_64\bin\instrument.dll
0x00007ffa3c660000 - 0x00007ffa3c680000 	c:\Users\HP\.antigravity\extensions\redhat.java-1.53.0-win32-x64\jre\21.0.10-win32-x86_64\bin\java.dll
0x00007ffa5bd20000 - 0x00007ffa5c486000 	C:\WINDOWS\System32\SHELL32.dll
0x00007ffa59780000 - 0x00007ffa598ea000 	C:\WINDOWS\System32\wintypes.dll
0x00007ffa5a280000 - 0x00007ffa5aae5000 	C:\WINDOWS\System32\windows.storage.dll
0x00007ffa5c820000 - 0x00007ffa5c917000 	C:\WINDOWS\System32\SHCORE.dll
0x00007ffa5bb30000 - 0x00007ffa5bb96000 	C:\WINDOWS\System32\shlwapi.dll
0x00007ffa59550000 - 0x00007ffa59579000 	C:\WINDOWS\SYSTEM32\profapi.dll
0x00007ffa2c070000 - 0x00007ffa2c088000 	c:\Users\HP\.antigravity\extensions\redhat.java-1.53.0-win32-x64\jre\21.0.10-win32-x86_64\bin\zip.dll
0x00007ffa51af0000 - 0x00007ffa51b00000 	C:\Users\HP\.antigravity\extensions\redhat.java-1.53.0-win32-x64\jre\21.0.10-win32-x86_64\bin\net.dll
0x00007ffa50260000 - 0x00007ffa5038d000 	C:\WINDOWS\SYSTEM32\WINHTTP.dll
0x00007ffa588e0000 - 0x00007ffa5894c000 	C:\WINDOWS\system32\mswsock.dll
0x00007ffa152c0000 - 0x00007ffa152d6000 	C:\Users\HP\.antigravity\extensions\redhat.java-1.53.0-win32-x64\jre\21.0.10-win32-x86_64\bin\nio.dll
0x00007ffa2dd70000 - 0x00007ffa2dd80000 	c:\Users\HP\.antigravity\extensions\redhat.java-1.53.0-win32-x64\jre\21.0.10-win32-x86_64\bin\verify.dll
0x00007ffa0b670000 - 0x00007ffa0b6b5000 	C:\Users\HP\AppData\Roaming\Antigravity\User\globalStorage\redhat.java\1.53.0\config_ss_win\org.eclipse.equinox.launcher\org.eclipse.equinox.launcher.win32.win32.x86_64_1.3.0.v20260203-2149\eclipse_11919.dll
0x00007ffa5c670000 - 0x00007ffa5c807000 	C:\WINDOWS\System32\ole32.dll
0x00007ffa58b70000 - 0x00007ffa58b8b000 	C:\WINDOWS\SYSTEM32\CRYPTSP.dll
0x00007ffa582e0000 - 0x00007ffa58319000 	C:\WINDOWS\system32\rsaenh.dll
0x00007ffa58990000 - 0x00007ffa589c3000 	C:\WINDOWS\SYSTEM32\USERENV.dll
0x00007ffa59520000 - 0x00007ffa5954a000 	C:\WINDOWS\SYSTEM32\bcrypt.dll
0x00007ffa58b90000 - 0x00007ffa58b9c000 	C:\WINDOWS\SYSTEM32\CRYPTBASE.dll
0x00007ffa57d60000 - 0x00007ffa57d92000 	C:\WINDOWS\SYSTEM32\IPHLPAPI.DLL
0x00007ffa5b7e0000 - 0x00007ffa5b7ea000 	C:\WINDOWS\System32\NSI.dll
0x00007ffa0a810000 - 0x00007ffa0a859000 	C:\Users\HP\AppData\Local\Temp\jna-2312\jna9296500216862128538.dll
0x00007ffa5ba20000 - 0x00007ffa5ba28000 	C:\WINDOWS\System32\PSAPI.DLL
0x00007ffa507d0000 - 0x00007ffa507ed000 	C:\WINDOWS\SYSTEM32\dhcpcsvc6.DLL
0x00007ffa506b0000 - 0x00007ffa506d5000 	C:\WINDOWS\SYSTEM32\dhcpcsvc.DLL

JVMTI agents:
c:\Users\HP\.antigravity\extensions\redhat.java-1.53.0-win32-x64\lombok\lombok-1.18.39-4050.jar path:c:\Users\HP\.antigravity\extensions\redhat.java-1.53.0-win32-x64\jre\21.0.10-win32-x86_64\bin\instrument.dll, loaded, initialized, instrumentlib options:none

dbghelp: loaded successfully - version: 4.0.5 - missing functions: none
symbol engine: initialized successfully - sym options: 0x614 - pdb path: .;c:\Users\HP\.antigravity\extensions\redhat.java-1.53.0-win32-x64\jre\21.0.10-win32-x86_64\bin;C:\WINDOWS\SYSTEM32;C:\WINDOWS\WinSxS\amd64_microsoft.windows.common-controls_6595b64144ccf1df_6.0.26100.8115_none_3e075c82e3354f9c;c:\Users\HP\.antigravity\extensions\redhat.java-1.53.0-win32-x64\jre\21.0.10-win32-x86_64\bin\server;C:\Users\HP\AppData\Roaming\Antigravity\User\globalStorage\redhat.java\1.53.0\config_ss_win\org.eclipse.equinox.launcher\org.eclipse.equinox.launcher.win32.win32.x86_64_1.3.0.v20260203-2149;C:\Users\HP\AppData\Local\Temp\jna-2312

VM Arguments:
jvm_args: --add-modules=ALL-SYSTEM --add-opens=java.base/java.util=ALL-UNNAMED --add-opens=java.base/java.lang=ALL-UNNAMED --add-opens=java.base/sun.nio.fs=ALL-UNNAMED -Declipse.application=org.eclipse.jdt.ls.core.id1 -Dosgi.bundles.defaultStartLevel=4 -Declipse.product=org.eclipse.jdt.ls.core.product -Djava.import.generatesMetadataFilesAtProjectRoot=false -DDetectVMInstallationsJob.disabled=true -Dfile.encoding=utf8 -XX:+UseParallelGC -XX:GCTimeRatio=4 -XX:AdaptiveSizePolicyWeight=90 -Dsun.zip.disableMemoryMapping=true -Xmx2G -Xms100m -Xlog:disable -javaagent:c:\Users\HP\.antigravity\extensions\redhat.java-1.53.0-win32-x64\lombok\lombok-1.18.39-4050.jar 
java_command: c:\Users\HP\.antigravity\extensions\redhat.java-1.53.0-win32-x64\server\plugins\org.eclipse.equinox.launcher_1.7.100.v20251111-0406.jar -configuration c:\Users\HP\AppData\Roaming\Antigravity\User\globalStorage\redhat.java\1.53.0\config_ss_win -data c:\Users\HP\AppData\Roaming\Antigravity\User\workspaceStorage\10cac1632d26cc84e9e60fa305b98b85\redhat.java\ss_ws --pipe=\\.\pipe\lsp-f909d35f624ed877b004345a0820e6a2-sock
java_class_path (initial): c:\Users\HP\.antigravity\extensions\redhat.java-1.53.0-win32-x64\server\plugins\org.eclipse.equinox.launcher_1.7.100.v20251111-0406.jar
Launcher Type: SUN_STANDARD

[Global flags]
    uintx AdaptiveSizePolicyWeight                 = 90                                        {product} {command line}
     intx CICompilerCount                          = 12                                        {product} {ergonomic}
    uintx GCTimeRatio                              = 4                                         {product} {command line}
   size_t InitialHeapSize                          = 104857600                                 {product} {command line}
   size_t MaxHeapSize                              = 2147483648                                {product} {command line}
   size_t MaxNewSize                               = 715653120                                 {product} {ergonomic}
   size_t MinHeapDeltaBytes                        = 524288                                    {product} {ergonomic}
   size_t MinHeapSize                              = 104857600                                 {product} {command line}
   size_t NewSize                                  = 34603008                                  {product} {ergonomic}
    uintx NonNMethodCodeHeapSize                   = 7602480                                {pd product} {ergonomic}
    uintx NonProfiledCodeHeapSize                  = 122027880                              {pd product} {ergonomic}
   size_t OldSize                                  = 70254592                                  {product} {ergonomic}
    uintx ProfiledCodeHeapSize                     = 122027880                              {pd product} {ergonomic}
    uintx ReservedCodeCacheSize                    = 251658240                              {pd product} {ergonomic}
     bool SegmentedCodeCache                       = true                                      {product} {ergonomic}
   size_t SoftMaxHeapSize                          = 2147483648                             {manageable} {ergonomic}
     bool UseCompressedOops                        = true                           {product lp64_product} {ergonomic}
     bool UseLargePagesIndividualAllocation        = false                                  {pd product} {ergonomic}
     bool UseParallelGC                            = true                                      {product} {command line}

Logging:
Log output configuration:
 #0: stdout all=off uptime,level,tags foldmultilines=false
 #1: stderr all=off uptime,level,tags foldmultilines=false

Release file:
JAVA_VERSION="21.0.10" 
MODULES="java.base java.compiler java.datatransfer java.xml java.prefs java.desktop java.instrument java.logging java.management java.security.sasl java.naming java.rmi java.management.rmi java.net.http java.scripting java.security.jgss java.transaction.xa java.sql java.sql.rowset java.xml.crypto java.se java.smartcardio jdk.accessibility jdk.internal.jvmstat jdk.attach jdk.charsets jdk.internal.opt jdk.zipfs jdk.compiler jdk.crypto.ec jdk.crypto.cryptoki jdk.crypto.mscapi jdk.dynalink jdk.internal.ed jdk.editpad jdk.hotspot.agent jdk.httpserver jdk.internal.le jdk.internal.vm.ci jdk.internal.vm.compiler jdk.internal.vm.compiler.management jdk.jartool jdk.javadoc jdk.jcmd jdk.management jdk.management.agent jdk.jconsole jdk.jdeps jdk.jdwp.agent jdk.jdi jdk.jfr jdk.jshell jdk.jsobject jdk.jstatd jdk.localedata jdk.management.jfr jdk.naming.dns jdk.naming.rmi jdk.net jdk.nio.mapmode jdk.random jdk.sctp jdk.security.auth jdk.security.jgss jdk.unsupported jdk.unsupported.desktop jdk.xml.dom" 

Environment Variables:
JAVA_HOME=C:\Program Files\Java\jdk-23
PATH=C:\Python314\Scripts\;C:\Python314\;C:\Program Files\Microsoft\jdk-17.0.17.10-hotspot\bin;C:\Program Files\Common Files\Oracle\Java\javapath;C:\Program Files (x86)\Common Files\Oracle\Java\java8path;C:\Program Files (x86)\Common Files\Oracle\Java\javapath;C:\windows\system32;C:\windows;C:\windows\System32\Wbem;C:\windows\System32\WindowsPowerShell\v1.0\;C:\windows\System32\OpenSSH\;C:\Program Files (x86)\NVIDIA Corporation\PhysX\Common;C:\Users\Administrator\AppData\Local\Microsoft\WindowsApps;C:\Program Files\HP\OMEN-Broadcast\Common;C:\WINDOWS\system32;C:\WINDOWS;C:\WINDOWS\System32\Wbem;C:\WINDOWS\System32\WindowsPowerShell\v1.0\;C:\WINDOWS\System32\OpenSSH\;C:\MinGW\bin;C:\Program Files\NVIDIA Corporation\NVIDIA app\NvDLISR;C:\ProgramData\chocolatey\bin;C:\Program Files\dotnet\;C:\Program Files\Docker\Docker\resources\bin;C:\Program Files\Git\cmd;C:\Program Files\Git\mingw64\bin;C:\Program Files\Git\usr\bin;C:\Program Files\GitHub CLI\;C:\Program Files\nodejs\;C:\Users\HP\anaconda3;C:\Users\HP\anaconda3\Library\mingw-w64\bin;C:\Users\HP\anaconda3\Library\usr\bin;C:\Users\HP\anaconda3\Library\bin;C:\Users\HP\anaconda3\Scripts;C:\Users\HP\AppData\Local\Microsoft\WindowsApps;C:\Users\HP\.bun\bin;C:\Users\HP\AppData\Local\Programs\mongosh\;C:\Users\HP\AppData\Local\Programs\Microsoft VS Code\bin;C:\Users\HP\AppData\Local\Microsoft\WinGet\Packages\LiveKit.LiveKitCLI_Microsoft.Winget.Source_8wekyb3d8bbwe;C:\Program Files\MySQL\MySQL Server 8.0\bin;C:\Users\HP\AppData\Roaming\npm;C:\Users\HP\AppData\Local\Programs\Antigravity\bin;C:\Users\HP\maven\apache-maven-3.9.6\bin;C:\Maven\apache-maven-3.9.6\bin;C:\Program Files\Java\jdk-23\bin;C:\Program Files (x86)\Nmap
USERNAME=HP
OS=Windows_NT
PROCESSOR_IDENTIFIER=Intel64 Family 6 Model 186 Stepping 2, GenuineIntel
TMP=C:\Users\HP\AppData\Local\Temp
TEMP=C:\Users\HP\AppData\Local\Temp




Periodic native trim disabled

---------------  S Y S T E M  ---------------

OS:
 Windows 11 , 64 bit Build 26100 (10.0.26100.8115)
OS uptime: 0 days 1:54 hours
Hyper-V role detected

CPU: total 16 (initial active 16) (8 cores per cpu, 2 threads per core) family 6 model 186 stepping 2 microcode 0x4128, cx8, cmov, fxsr, ht, mmx, 3dnowpref, sse, sse2, sse3, ssse3, sse4.1, sse4.2, popcnt, lzcnt, tsc, tscinvbit, avx, avx2, aes, erms, clmul, bmi1, bmi2, adx, sha, fma, vzeroupper, clflush, clflushopt, clwb, hv, serialize, rdtscp, rdpid, fsrm, f16c, cet_ibt, cet_ss
Processor Information for the first 16 processors :
  Max Mhz: 2400, Current Mhz: 2400, Mhz Limit: 2400

Memory: 4k page, system-wide physical 32461M (3453M free)
TotalPageFile size 34509M (AvailPageFile size 30M)
current process WorkingSet (physical memory assigned to process): 250M, peak: 250M
current process commit charge ("private bytes"): 373M, peak: 380M

vm_info: OpenJDK 64-Bit Server VM (21.0.10+7-LTS) for windows-amd64 JRE (21.0.10+7-LTS), built on 2026-01-20T00:00:00Z by "admin" with MS VC++ 17.12 (VS2022)

END.
