#
# There is insufficient memory for the Java Runtime Environment to continue.
# Native memory allocation (malloc) failed to allocate 1129456 bytes. Error detail: Chunk::new
# Possible reasons:
#   The system is out of physical RAM or swap space
#   This process is running with CompressedOops enabled, and the Java Heap may be blocking the growth of the native heap
# Possible solutions:
#   Reduce memory load on the system
#   Increase physical memory or swap space
#   Check if swap backing store is full
#   Decrease Java heap size (-Xmx/-Xms)
#   Decrease number of Java threads
#   Decrease Java thread stack sizes (-Xss)
#   Set larger code cache with -XX:ReservedCodeCacheSize=
#   JVM is running with Unscaled Compressed Oops mode in which the Java heap is
#     placed in the first 4GB address space. The Java Heap base address is the
#     maximum limit for the native heap growth. Please use -XX:HeapBaseMinAddress
#     to set the Java Heap base and to place the Java Heap above 4GB virtual address.
# This output file may be truncated or incomplete.
#
#  Out of Memory Error (arena.cpp:168), pid=2044, tid=22840
#
# JRE version: OpenJDK Runtime Environment Temurin-21.0.10+7 (21.0.10+7) (build 21.0.10+7-LTS)
# Java VM: OpenJDK 64-Bit Server VM Temurin-21.0.10+7 (21.0.10+7-LTS, mixed mode, sharing, tiered, compressed oops, compressed class ptrs, parallel gc, windows-amd64)
# No core dump will be written. Minidumps are not enabled by default on client versions of Windows
#

---------------  S U M M A R Y ------------

Command Line: --add-modules=ALL-SYSTEM --add-opens=java.base/java.util=ALL-UNNAMED --add-opens=java.base/java.lang=ALL-UNNAMED --add-opens=java.base/sun.nio.fs=ALL-UNNAMED -Declipse.application=org.eclipse.jdt.ls.core.id1 -Dosgi.bundles.defaultStartLevel=4 -Declipse.product=org.eclipse.jdt.ls.core.product -Djava.import.generatesMetadataFilesAtProjectRoot=false -DDetectVMInstallationsJob.disabled=true -Dfile.encoding=utf8 -XX:+UseParallelGC -XX:GCTimeRatio=4 -XX:AdaptiveSizePolicyWeight=90 -Dsun.zip.disableMemoryMapping=true -Xmx2G -Xms100m -Xlog:disable -javaagent:c:\Users\HP\.antigravity\extensions\redhat.java-1.53.0-win32-x64\lombok\lombok-1.18.39-4050.jar c:\Users\HP\.antigravity\extensions\redhat.java-1.53.0-win32-x64\server\plugins\org.eclipse.equinox.launcher_1.7.100.v20251111-0406.jar -configuration c:\Users\HP\AppData\Roaming\Antigravity\User\globalStorage\redhat.java\1.53.0\config_ss_win -data c:\Users\HP\AppData\Roaming\Antigravity\User\workspaceStorage\10cac1632d26cc84e9e60fa305b98b85\redhat.java\ss_ws --pipe=\\.\pipe\lsp-5f8052fad8383a00d329acb8fe6f8330-sock

Host: 13th Gen Intel(R) Core(TM) i7-13620H, 16 cores, 31G,  Windows 11 , 64 bit Build 26100 (10.0.26100.8115)
Time: Sun Apr 12 18:14:31 2026 India Standard Time elapsed time: 8.298317 seconds (0d 0h 0m 8s)

---------------  T H R E A D  ---------------

Current thread (0x00000173e11e5670):  JavaThread "C2 CompilerThread4" daemon [_thread_in_native, id=22840, stack(0x0000004874400000,0x0000004874500000) (1024K)]


Current CompileTask:
C2:8298 4795   !   4       org.eclipse.osgi.internal.loader.classpath.ClasspathManager::findLocalClass (210 bytes)

Stack: [0x0000004874400000,0x0000004874500000]
Native frames: (J=compiled Java code, j=interpreted, Vv=VM code, C=native code)
V  [jvm.dll+0x6d7a39]
V  [jvm.dll+0x8b4b26]
V  [jvm.dll+0x8b70de]
V  [jvm.dll+0x8b77c3]
V  [jvm.dll+0x284346]
V  [jvm.dll+0xc66ed]
V  [jvm.dll+0xc6c31]
V  [jvm.dll+0x3bec01]
V  [jvm.dll+0x38b162]
V  [jvm.dll+0x38a5aa]
V  [jvm.dll+0x24c560]
V  [jvm.dll+0x24bb40]
V  [jvm.dll+0x1cb34e]
V  [jvm.dll+0x25b85d]
V  [jvm.dll+0x259dea]
V  [jvm.dll+0x3f857e]
V  [jvm.dll+0x85f59d]
V  [jvm.dll+0x6d626d]
C  [ucrtbase.dll+0x37b0]
C  [KERNEL32.DLL+0x2e8d7]
C  [ntdll.dll+0x8c3fc]


---------------  P R O C E S S  ---------------

Threads class SMR info:
_java_thread_list=0x00000173db9789e0, length=66, elements={
0x000001738289fb50, 0x000001738284e210, 0x0000017382941190, 0x000001738294a720,
0x0000017382948ce0, 0x0000017382949a00, 0x0000017382947fc0, 0x000001738295e400,
0x00000173db6f44d0, 0x00000173db797aa0, 0x00000173db84c4c0, 0x0000017382948650,
0x000001738294adb0, 0x00000173e11978f0, 0x00000173e10b31c0, 0x00000173e11e5670,
0x000001738294a090, 0x0000017382947930, 0x0000017382949370, 0x00000173e1bb49e0,
0x00000173e1bb3cc0, 0x00000173e1a8c450, 0x00000173e1bb5700, 0x00000173e1bb6420,
0x00000173e1bb4350, 0x00000173e1bb5d90, 0x00000173e1bb2fa0, 0x00000173e1bb6ab0,
0x00000173e1bb3630, 0x00000173e1bb77d0, 0x00000173e1bb7e60, 0x00000173e1bb9f30,
0x00000173e1bb84f0, 0x00000173e1bb9210, 0x00000173e1bb8b80, 0x00000173e1bb98a0,
0x00000173e1bba5c0, 0x00000173e1bb7140, 0x00000173e22cafb0, 0x00000173e22ce430,
0x00000173e22cc360, 0x00000173e22cbcd0, 0x00000173e22cd080, 0x00000173e22ceac0,
0x00000173e22cd710, 0x00000173e22cc9f0, 0x00000173db93b4c0, 0x00000173e479d280,
0x00000173e61830c0, 0x00000173e22cb640, 0x00000173e22cf7e0, 0x00000173e22d1f40,
0x00000173e22cfe70, 0x00000173e22d1220, 0x00000173e22d18b0, 0x00000173e22d0b90,
0x00000173e22d0500, 0x00000173e22d25d0, 0x00000173e22cf150, 0x00000173e4c11000,
0x00000173e4c11d20, 0x00000173e4c123b0, 0x00000173e4c11690, 0x00000173e4c12a40,
0x00000173e4c0f5c0, 0x00000173e4c130d0
}

Java Threads: ( => current thread )
  0x000001738289fb50 JavaThread "main"                              [_thread_blocked, id=24184, stack(0x0000004873000000,0x0000004873100000) (1024K)]
  0x000001738284e210 JavaThread "Reference Handler"          daemon [_thread_blocked, id=15796, stack(0x0000004873400000,0x0000004873500000) (1024K)]
  0x0000017382941190 JavaThread "Finalizer"                  daemon [_thread_blocked, id=11976, stack(0x0000004873500000,0x0000004873600000) (1024K)]
  0x000001738294a720 JavaThread "Signal Dispatcher"          daemon [_thread_blocked, id=19432, stack(0x0000004873600000,0x0000004873700000) (1024K)]
  0x0000017382948ce0 JavaThread "Attach Listener"            daemon [_thread_blocked, id=29248, stack(0x0000004873700000,0x0000004873800000) (1024K)]
  0x0000017382949a00 JavaThread "Service Thread"             daemon [_thread_blocked, id=432, stack(0x0000004873800000,0x0000004873900000) (1024K)]
  0x0000017382947fc0 JavaThread "Monitor Deflation Thread"   daemon [_thread_blocked, id=13212, stack(0x0000004873900000,0x0000004873a00000) (1024K)]
  0x000001738295e400 JavaThread "C2 CompilerThread0"         daemon [_thread_blocked, id=28596, stack(0x0000004873a00000,0x0000004873b00000) (1024K)]
  0x00000173db6f44d0 JavaThread "C1 CompilerThread0"         daemon [_thread_in_native, id=3732, stack(0x0000004873b00000,0x0000004873c00000) (1024K)]
  0x00000173db797aa0 JavaThread "C1 CompilerThread1"         daemon [_thread_in_native, id=30472, stack(0x0000004873c00000,0x0000004873d00000) (1024K)]
  0x00000173db84c4c0 JavaThread "C2 CompilerThread1"         daemon [_thread_blocked, id=28132, stack(0x0000004873d00000,0x0000004873e00000) (1024K)]
  0x0000017382948650 JavaThread "Common-Cleaner"             daemon [_thread_blocked, id=21564, stack(0x0000004873e00000,0x0000004873f00000) (1024K)]
  0x000001738294adb0 JavaThread "Notification Thread"        daemon [_thread_blocked, id=17840, stack(0x0000004874100000,0x0000004874200000) (1024K)]
  0x00000173e11978f0 JavaThread "C2 CompilerThread2"         daemon [_thread_blocked, id=14712, stack(0x0000004874200000,0x0000004874300000) (1024K)]
  0x00000173e10b31c0 JavaThread "C2 CompilerThread3"         daemon [_thread_blocked, id=20952, stack(0x0000004874300000,0x0000004874400000) (1024K)]
=>0x00000173e11e5670 JavaThread "C2 CompilerThread4"         daemon [_thread_in_native, id=22840, stack(0x0000004874400000,0x0000004874500000) (1024K)]
  0x000001738294a090 JavaThread "Active Thread: Equinox Container: cc1d9599-26c7-4f2a-a7e5-1ef6cda41ea1"        [_thread_blocked, id=25660, stack(0x0000004874b00000,0x0000004874c00000) (1024K)]
  0x0000017382947930 JavaThread "Framework Event Dispatcher: Equinox Container: cc1d9599-26c7-4f2a-a7e5-1ef6cda41ea1" daemon [_thread_blocked, id=5000, stack(0x0000004874d00000,0x0000004874e00000) (1024K)]
  0x0000017382949370 JavaThread "Start Level: Equinox Container: cc1d9599-26c7-4f2a-a7e5-1ef6cda41ea1" daemon [_thread_blocked, id=29208, stack(0x0000004874e00000,0x0000004874f00000) (1024K)]
  0x00000173e1bb49e0 JavaThread "SCR Component Actor"        daemon [_thread_blocked, id=15048, stack(0x0000004874f00000,0x0000004875000000) (1024K)]
  0x00000173e1bb3cc0 JavaThread "Worker-JM"                         [_thread_blocked, id=26320, stack(0x0000004875000000,0x0000004875100000) (1024K)]
  0x00000173e1a8c450 JavaThread "C2 CompilerThread5"         daemon [_thread_blocked, id=6200, stack(0x0000004875300000,0x0000004875400000) (1024K)]
  0x00000173e1bb5700 JavaThread "JNA Cleaner"                daemon [_thread_blocked, id=6684, stack(0x0000004875400000,0x0000004875500000) (1024K)]
  0x00000173e1bb6420 JavaThread "Worker-0"                          [_thread_blocked, id=28652, stack(0x0000004875500000,0x0000004875600000) (1024K)]
  0x00000173e1bb4350 JavaThread "Worker-1"                          [_thread_blocked, id=26100, stack(0x0000004875600000,0x0000004875700000) (1024K)]
  0x00000173e1bb5d90 JavaThread "Thread-1"                   daemon [_thread_in_native, id=8200, stack(0x0000004875c00000,0x0000004875d00000) (1024K)]
  0x00000173e1bb2fa0 JavaThread "Thread-2"                   daemon [_thread_in_native, id=15660, stack(0x0000004875d00000,0x0000004875e00000) (1024K)]
  0x00000173e1bb6ab0 JavaThread "Thread-3"                   daemon [_thread_in_native, id=27716, stack(0x0000004875e00000,0x0000004875f00000) (1024K)]
  0x00000173e1bb3630 JavaThread "Thread-4"                   daemon [_thread_in_native, id=11092, stack(0x0000004875f00000,0x0000004876000000) (1024K)]
  0x00000173e1bb77d0 JavaThread "Thread-5"                   daemon [_thread_in_native, id=12492, stack(0x0000004876000000,0x0000004876100000) (1024K)]
  0x00000173e1bb7e60 JavaThread "Thread-6"                   daemon [_thread_in_native, id=22620, stack(0x0000004876100000,0x0000004876200000) (1024K)]
  0x00000173e1bb9f30 JavaThread "Thread-7"                   daemon [_thread_in_native, id=30640, stack(0x0000004876200000,0x0000004876300000) (1024K)]
  0x00000173e1bb84f0 JavaThread "Thread-8"                   daemon [_thread_in_native, id=24156, stack(0x0000004876300000,0x0000004876400000) (1024K)]
  0x00000173e1bb9210 JavaThread "Thread-9"                   daemon [_thread_in_native, id=22856, stack(0x0000004876400000,0x0000004876500000) (1024K)]
  0x00000173e1bb8b80 JavaThread "Thread-10"                  daemon [_thread_in_native, id=15776, stack(0x0000004876500000,0x0000004876600000) (1024K)]
  0x00000173e1bb98a0 JavaThread "Thread-11"                  daemon [_thread_in_native, id=15584, stack(0x0000004876600000,0x0000004876700000) (1024K)]
  0x00000173e1bba5c0 JavaThread "Thread-12"                  daemon [_thread_in_native, id=7380, stack(0x0000004876700000,0x0000004876800000) (1024K)]
  0x00000173e1bb7140 JavaThread "Thread-13"                  daemon [_thread_in_native, id=25276, stack(0x0000004876800000,0x0000004876900000) (1024K)]
  0x00000173e22cafb0 JavaThread "Thread-14"                  daemon [_thread_in_native, id=27484, stack(0x0000004876900000,0x0000004876a00000) (1024K)]
  0x00000173e22ce430 JavaThread "Thread-15"                  daemon [_thread_in_native, id=26036, stack(0x0000004876a00000,0x0000004876b00000) (1024K)]
  0x00000173e22cc360 JavaThread "Thread-16"                  daemon [_thread_in_native, id=6512, stack(0x0000004876b00000,0x0000004876c00000) (1024K)]
  0x00000173e22cbcd0 JavaThread "Thread-17"                  daemon [_thread_in_native, id=26636, stack(0x0000004876c00000,0x0000004876d00000) (1024K)]
  0x00000173e22cd080 JavaThread "pool-2-thread-1"                   [_thread_blocked, id=29048, stack(0x0000004876d00000,0x0000004876e00000) (1024K)]
  0x00000173e22ceac0 JavaThread "Worker-2"                          [_thread_blocked, id=18188, stack(0x0000004876e00000,0x0000004876f00000) (1024K)]
  0x00000173e22cd710 JavaThread "WorkspaceEventsHandler"            [_thread_blocked, id=20372, stack(0x0000004876f00000,0x0000004877000000) (1024K)]
  0x00000173e22cc9f0 JavaThread "pool-1-thread-1"                   [_thread_in_Java, id=24464, stack(0x0000004877000000,0x0000004877100000) (1024K)]
  0x00000173db93b4c0 JavaThread "C1 CompilerThread2"         daemon [_thread_in_native, id=4020, stack(0x0000004873f00000,0x0000004874000000) (1024K)]
  0x00000173e479d280 JavaThread "C1 CompilerThread3"         daemon [_thread_in_native, id=13896, stack(0x0000004874000000,0x0000004874100000) (1024K)]
  0x00000173e61830c0 JavaThread "C2 CompilerThread6"         daemon [_thread_in_native, id=20148, stack(0x0000004877100000,0x0000004877200000) (1024K)]
  0x00000173e22cb640 JavaThread "LocalFile Deleter"          daemon [_thread_blocked, id=14640, stack(0x0000004877200000,0x0000004877300000) (1024K)]
  0x00000173e22cf7e0 JavaThread "LocalFile Deleter"          daemon [_thread_blocked, id=5436, stack(0x0000004877300000,0x0000004877400000) (1024K)]
  0x00000173e22d1f40 JavaThread "LocalFile Deleter"          daemon [_thread_blocked, id=26992, stack(0x0000004877400000,0x0000004877500000) (1024K)]
  0x00000173e22cfe70 JavaThread "LocalFile Deleter"          daemon [_thread_blocked, id=23100, stack(0x0000004877500000,0x0000004877600000) (1024K)]
  0x00000173e22d1220 JavaThread "LocalFile Deleter"          daemon [_thread_blocked, id=21028, stack(0x0000004877600000,0x0000004877700000) (1024K)]
  0x00000173e22d18b0 JavaThread "LocalFile Deleter"          daemon [_thread_blocked, id=14604, stack(0x0000004877700000,0x0000004877800000) (1024K)]
  0x00000173e22d0b90 JavaThread "LocalFile Deleter"          daemon [_thread_blocked, id=13668, stack(0x0000004877800000,0x0000004877900000) (1024K)]
  0x00000173e22d0500 JavaThread "LocalFile Deleter"          daemon [_thread_blocked, id=19196, stack(0x0000004877900000,0x0000004877a00000) (1024K)]
  0x00000173e22d25d0 JavaThread "LocalFile Deleter"          daemon [_thread_blocked, id=27296, stack(0x0000004877a00000,0x0000004877b00000) (1024K)]
  0x00000173e22cf150 JavaThread "LocalFile Deleter"          daemon [_thread_blocked, id=13100, stack(0x0000004877b00000,0x0000004877c00000) (1024K)]
  0x00000173e4c11000 JavaThread "LocalFile Deleter"          daemon [_thread_blocked, id=11652, stack(0x0000004877c00000,0x0000004877d00000) (1024K)]
  0x00000173e4c11d20 JavaThread "LocalFile Deleter"          daemon [_thread_blocked, id=29648, stack(0x0000004877d00000,0x0000004877e00000) (1024K)]
  0x00000173e4c123b0 JavaThread "LocalFile Deleter"          daemon [_thread_blocked, id=5748, stack(0x0000004877e00000,0x0000004877f00000) (1024K)]
  0x00000173e4c11690 JavaThread "LocalFile Deleter"          daemon [_thread_blocked, id=26976, stack(0x0000004877f00000,0x0000004878000000) (1024K)]
  0x00000173e4c12a40 JavaThread "LocalFile Deleter"          daemon [_thread_blocked, id=13260, stack(0x0000004878000000,0x0000004878100000) (1024K)]
  0x00000173e4c0f5c0 JavaThread "LocalFile Deleter"          daemon [_thread_blocked, id=4968, stack(0x0000004878100000,0x0000004878200000) (1024K)]
  0x00000173e4c130d0 JavaThread "Worker-3"                          [_thread_blocked, id=18244, stack(0x0000004878200000,0x0000004878300000) (1024K)]
Total: 66

Other Threads:
  0x0000017382831dd0 VMThread "VM Thread"                           [id=23848, stack(0x0000004873300000,0x0000004873400000) (1024K)]
  0x00000173804934b0 WatcherThread "VM Periodic Task Thread"        [id=26248, stack(0x0000004873200000,0x0000004873300000) (1024K)]
  0x00000173828bcdc0 WorkerThread "GC Thread#0"                     [id=16192, stack(0x0000004873100000,0x0000004873200000) (1024K)]
  0x00000173e167e470 WorkerThread "GC Thread#1"                     [id=29224, stack(0x0000004874500000,0x0000004874600000) (1024K)]
  0x00000173e167e820 WorkerThread "GC Thread#2"                     [id=30356, stack(0x0000004874600000,0x0000004874700000) (1024K)]
  0x00000173e135a940 WorkerThread "GC Thread#3"                     [id=27952, stack(0x0000004874700000,0x0000004874800000) (1024K)]
  0x00000173e135acf0 WorkerThread "GC Thread#4"                     [id=14100, stack(0x0000004874800000,0x0000004874900000) (1024K)]
  0x00000173e1358cb0 WorkerThread "GC Thread#5"                     [id=29988, stack(0x0000004874900000,0x0000004874a00000) (1024K)]
  0x00000173e1359060 WorkerThread "GC Thread#6"                     [id=20808, stack(0x0000004874a00000,0x0000004874b00000) (1024K)]
  0x00000173e194b470 WorkerThread "GC Thread#7"                     [id=26592, stack(0x0000004874c00000,0x0000004874d00000) (1024K)]
  0x00000173e18d7bb0 WorkerThread "GC Thread#8"                     [id=28184, stack(0x0000004875100000,0x0000004875200000) (1024K)]
  0x00000173e1addc10 WorkerThread "GC Thread#9"                     [id=25796, stack(0x0000004875200000,0x0000004875300000) (1024K)]
  0x00000173e3659e50 WorkerThread "GC Thread#10"                    [id=15092, stack(0x0000004875700000,0x0000004875800000) (1024K)]
  0x00000173e365a960 WorkerThread "GC Thread#11"                    [id=18720, stack(0x0000004875800000,0x0000004875900000) (1024K)]
  0x00000173e3659aa0 WorkerThread "GC Thread#12"                    [id=2944, stack(0x0000004875900000,0x0000004875a00000) (1024K)]
Total: 15

Threads with active compile tasks:
C1 CompilerThread1  9313 4986       3       org.eclipse.core.internal.events.ResourceDelta::getResource (103 bytes)
C2 CompilerThread4  9313 4795   !   4       org.eclipse.osgi.internal.loader.classpath.ClasspathManager::findLocalClass (210 bytes)
C2 CompilerThread6  9313 4906       4       lombok.launch.PackageShader::apply (252 bytes)
Total: 3

VM state: not at safepoint (normal execution)

VM Mutex/Monitor currently owned by a thread: None

Heap address: 0x0000000080000000, size: 2048 MB, Compressed Oops mode: 32-bit

CDS archive(s) mapped at: [0x000001739a000000-0x000001739aba0000-0x000001739aba0000), size 12189696, SharedBaseAddress: 0x000001739a000000, ArchiveRelocationMode: 1.
Compressed class space mapped at: 0x000001739b000000-0x00000173db000000, reserved size: 1073741824
Narrow klass base: 0x000001739a000000, Narrow klass shift: 0, Narrow klass range: 0x100000000

GC Precious Log:
 CardTable entry size: 512
 CPUs: 16 total, 16 available
 Memory: 32461M
 Large Page Support: Disabled
 NUMA Support: Disabled
 Compressed Oops: Enabled (32-bit)
 Alignments: Space 512K, Generation 512K, Heap 2M
 Heap Min Capacity: 100M
 Heap Initial Capacity: 100M
 Heap Max Capacity: 2G
 Pre-touch: Disabled
 Parallel Workers: 13

Heap:
 PSYoungGen      total 23040K, used 16144K [0x00000000d5580000, 0x00000000d6e80000, 0x0000000100000000)
  eden space 22016K, 73% used [0x00000000d5580000,0x00000000d65443a0,0x00000000d6b00000)
  from space 1024K, 0% used [0x00000000d6d80000,0x00000000d6d80000,0x00000000d6e80000)
  to   space 1536K, 0% used [0x00000000d6b80000,0x00000000d6b80000,0x00000000d6d00000)
 ParOldGen       total 68608K, used 30852K [0x0000000080000000, 0x0000000084300000, 0x00000000d5580000)
  object space 68608K, 44% used [0x0000000080000000,0x0000000081e21040,0x0000000084300000)
 Metaspace       used 36179K, committed 37120K, reserved 1114112K
  class space    used 3651K, committed 4096K, reserved 1048576K

Card table byte_map: [0x0000017382240000,0x0000017382650000] _byte_map_base: 0x0000017381e40000

Marking Bits: (ParMarkBitMap*) 0x00007ff9b6543450
 Begin Bits: [0x0000017394d50000, 0x0000017396d50000)
 End Bits:   [0x0000017396d50000, 0x0000017398d50000)

Polling page: 0x0000017380730000

Metaspace:

Usage:
  Non-class:     31.77 MB used.
      Class:      3.57 MB used.
       Both:     35.33 MB used.

Virtual space:
  Non-class space:       64.00 MB reserved,      32.25 MB ( 50%) committed,  1 nodes.
      Class space:        1.00 GB reserved,       4.00 MB ( <1%) committed,  1 nodes.
             Both:        1.06 GB reserved,      36.25 MB (  3%) committed. 

Chunk freelists:
   Non-Class:  15.39 MB
       Class:  11.98 MB
        Both:  27.37 MB

MaxMetaspaceSize: unlimited
CompressedClassSpaceSize: 1.00 GB
Initial GC threshold: 21.00 MB
Current GC threshold: 58.38 MB
CDS: on
 - commit_granule_bytes: 65536.
 - commit_granule_words: 8192.
 - virtual_space_node_default_size: 8388608.
 - enlarge_chunks_in_place: 1.
 - use_allocation_guard: 0.


Internal statistics:

num_allocs_failed_limit: 6.
num_arena_births: 674.
num_arena_deaths: 14.
num_vsnodes_births: 2.
num_vsnodes_deaths: 0.
num_space_committed: 580.
num_space_uncommitted: 0.
num_chunks_returned_to_freelist: 20.
num_chunks_taken_from_freelist: 2150.
num_chunk_merges: 9.
num_chunk_splits: 1378.
num_chunks_enlarged: 864.
num_inconsistent_stats: 0.

CodeHeap 'non-profiled nmethods': size=119168Kb used=2763Kb max_used=2944Kb free=116404Kb
 bounds [0x000001738d640000, 0x000001738d930000, 0x0000017394aa0000]
CodeHeap 'profiled nmethods': size=119104Kb used=9476Kb max_used=9800Kb free=109627Kb
 bounds [0x0000017385aa0000, 0x0000017386490000, 0x000001738cef0000]
CodeHeap 'non-nmethods': size=7488Kb used=3060Kb max_used=3118Kb free=4427Kb
 bounds [0x000001738cef0000, 0x000001738d210000, 0x000001738d640000]
CodeCache: size=245760Kb, used=15299Kb, max_used=15862Kb, free=230458Kb
 total_blobs=5222, nmethods=4550, adapters=575, full_count=0
Compilation: enabled, stopped_count=0, restarted_count=0

Compilation events (20 events):
Event: 7.280 Thread 0x00000173db6f44d0 nmethod 4918 0x0000017385b6ae90 code [0x0000017385b6b040, 0x0000017385b6b270]
Event: 7.280 Thread 0x00000173db797aa0 nmethod 4914 0x0000017385f6e390 code [0x0000017385f6e620, 0x0000017385f6eff8]
Event: 7.280 Thread 0x00000173db6f44d0 4920       3       jdk.internal.misc.Unsafe::loadFence (5 bytes)
Event: 7.280 Thread 0x00000173db6f44d0 nmethod 4920 0x0000017385b2a910 code [0x0000017385b2aaa0, 0x0000017385b2abc0]
Event: 7.280 Thread 0x00000173e479d280 nmethod 4917 0x0000017385b5e510 code [0x0000017385b5e7c0, 0x0000017385b5f628]
Event: 7.281 Thread 0x00000173e479d280 4921       3       java.lang.Thread::onSpinWait (1 bytes)
Event: 7.281 Thread 0x00000173e479d280 nmethod 4921 0x0000017385d0ad90 code [0x0000017385d0af20, 0x0000017385d0b008]
Event: 7.281 Thread 0x000001738295e400 4922       4       java.lang.Thread::onSpinWait (1 bytes)
Event: 7.282 Thread 0x000001738295e400 nmethod 4922 0x000001738d69e610 code [0x000001738d69e780, 0x000001738d69e7e8]
Event: 7.284 Thread 0x00000173db93b4c0 4924       3       org.eclipse.core.runtime.Path::makeAbsolute (66 bytes)
Event: 7.284 Thread 0x00000173db93b4c0 nmethod 4924 0x0000017385c20610 code [0x0000017385c20820, 0x0000017385c20cb8]
Event: 7.285 Thread 0x00000173e479d280 4925       3       org.eclipse.core.internal.dtree.DeltaDataTree::safeCopyCompleteSubtree (30 bytes)
Event: 7.285 Thread 0x00000173e479d280 nmethod 4925 0x0000017385ac0990 code [0x0000017385ac0b80, 0x0000017385ac0f88]
Event: 7.285 Thread 0x00000173db6f44d0 4926       3       lombok.launch.ClassFileMetaData::<init> (283 bytes)
Event: 7.285 Thread 0x00000173db797aa0 4927       3       lombok.launch.ClassFileMetaData::getOffsets (62 bytes)
Event: 7.286 Thread 0x00000173db797aa0 nmethod 4927 0x0000017385acd010 code [0x0000017385acd1e0, 0x0000017385acd520]
Event: 7.286 Thread 0x00000173db6f44d0 nmethod 4926 0x0000017385b09810 code [0x0000017385b09aa0, 0x0000017385b0a9e8]
Event: 7.287 Thread 0x00000173db93b4c0 4929       1       com.sun.jna.internal.Cleaner$CleanerRef::getPrevious (5 bytes)
Event: 7.287 Thread 0x00000173db93b4c0 nmethod 4929 0x000001738d6b5910 code [0x000001738d6b5aa0, 0x000001738d6b5b68]
Event: 7.288 Thread 0x000001738295e400 4930   !   4       org.eclipse.core.internal.resources.Resource::lambda$0 (159 bytes)

GC Heap History (20 events):
Event: 3.536 GC heap before
{Heap before GC invocations=11 (full 1):
 PSYoungGen      total 27648K, used 27318K [0x00000000d5580000, 0x00000000d7480000, 0x0000000100000000)
  eden space 23552K, 100% used [0x00000000d5580000,0x00000000d6c80000,0x00000000d6c80000)
  from space 4096K, 91% used [0x00000000d6d00000,0x00000000d70ada80,0x00000000d7100000)
  to   space 3584K, 0% used [0x00000000d7100000,0x00000000d7100000,0x00000000d7480000)
 ParOldGen       total 68608K, used 12837K [0x0000000080000000, 0x0000000084300000, 0x00000000d5580000)
  object space 68608K, 18% used [0x0000000080000000,0x0000000080c89470,0x0000000084300000)
 Metaspace       used 31608K, committed 32512K, reserved 1114112K
  class space    used 3158K, committed 3584K, reserved 1048576K
}
Event: 3.539 GC heap after
{Heap after GC invocations=11 (full 1):
 PSYoungGen      total 25600K, used 2206K [0x00000000d5580000, 0x00000000d7380000, 0x0000000100000000)
  eden space 23040K, 0% used [0x00000000d5580000,0x00000000d5580000,0x00000000d6c00000)
  from space 2560K, 86% used [0x00000000d7100000,0x00000000d7327838,0x00000000d7380000)
  to   space 3072K, 0% used [0x00000000d6d80000,0x00000000d6d80000,0x00000000d7080000)
 ParOldGen       total 68608K, used 15784K [0x0000000080000000, 0x0000000084300000, 0x00000000d5580000)
  object space 68608K, 23% used [0x0000000080000000,0x0000000080f6a3e8,0x0000000084300000)
 Metaspace       used 31608K, committed 32512K, reserved 1114112K
  class space    used 3158K, committed 3584K, reserved 1048576K
}
Event: 3.633 GC heap before
{Heap before GC invocations=12 (full 1):
 PSYoungGen      total 25600K, used 25246K [0x00000000d5580000, 0x00000000d7380000, 0x0000000100000000)
  eden space 23040K, 100% used [0x00000000d5580000,0x00000000d6c00000,0x00000000d6c00000)
  from space 2560K, 86% used [0x00000000d7100000,0x00000000d7327838,0x00000000d7380000)
  to   space 3072K, 0% used [0x00000000d6d80000,0x00000000d6d80000,0x00000000d7080000)
 ParOldGen       total 68608K, used 15784K [0x0000000080000000, 0x0000000084300000, 0x00000000d5580000)
  object space 68608K, 23% used [0x0000000080000000,0x0000000080f6a3e8,0x0000000084300000)
 Metaspace       used 31906K, committed 32896K, reserved 1114112K
  class space    used 3187K, committed 3648K, reserved 1048576K
}
Event: 3.635 GC heap after
{Heap after GC invocations=12 (full 1):
 PSYoungGen      total 25088K, used 2464K [0x00000000d5580000, 0x00000000d7180000, 0x0000000100000000)
  eden space 22528K, 0% used [0x00000000d5580000,0x00000000d5580000,0x00000000d6b80000)
  from space 2560K, 96% used [0x00000000d6d80000,0x00000000d6fe8010,0x00000000d7000000)
  to   space 1536K, 0% used [0x00000000d7000000,0x00000000d7000000,0x00000000d7180000)
 ParOldGen       total 68608K, used 17769K [0x0000000080000000, 0x0000000084300000, 0x00000000d5580000)
  object space 68608K, 25% used [0x0000000080000000,0x000000008115a448,0x0000000084300000)
 Metaspace       used 31906K, committed 32896K, reserved 1114112K
  class space    used 3187K, committed 3648K, reserved 1048576K
}
Event: 3.733 GC heap before
{Heap before GC invocations=13 (full 1):
 PSYoungGen      total 25088K, used 24992K [0x00000000d5580000, 0x00000000d7180000, 0x0000000100000000)
  eden space 22528K, 100% used [0x00000000d5580000,0x00000000d6b80000,0x00000000d6b80000)
  from space 2560K, 96% used [0x00000000d6d80000,0x00000000d6fe8010,0x00000000d7000000)
  to   space 1536K, 0% used [0x00000000d7000000,0x00000000d7000000,0x00000000d7180000)
 ParOldGen       total 68608K, used 17769K [0x0000000080000000, 0x0000000084300000, 0x00000000d5580000)
  object space 68608K, 25% used [0x0000000080000000,0x000000008115a448,0x0000000084300000)
 Metaspace       used 32284K, committed 33216K, reserved 1114112K
  class space    used 3244K, committed 3648K, reserved 1048576K
}
Event: 3.735 GC heap after
{Heap after GC invocations=13 (full 1):
 PSYoungGen      total 23552K, used 1506K [0x00000000d5580000, 0x00000000d7500000, 0x0000000100000000)
  eden space 22016K, 0% used [0x00000000d5580000,0x00000000d5580000,0x00000000d6b00000)
  from space 1536K, 98% used [0x00000000d7000000,0x00000000d7178800,0x00000000d7180000)
  to   space 5120K, 0% used [0x00000000d6b00000,0x00000000d6b00000,0x00000000d7000000)
 ParOldGen       total 68608K, used 20621K [0x0000000080000000, 0x0000000084300000, 0x00000000d5580000)
  object space 68608K, 30% used [0x0000000080000000,0x00000000814237d0,0x0000000084300000)
 Metaspace       used 32284K, committed 33216K, reserved 1114112K
  class space    used 3244K, committed 3648K, reserved 1048576K
}
Event: 4.753 GC heap before
{Heap before GC invocations=14 (full 1):
 PSYoungGen      total 23552K, used 23522K [0x00000000d5580000, 0x00000000d7500000, 0x0000000100000000)
  eden space 22016K, 100% used [0x00000000d5580000,0x00000000d6b00000,0x00000000d6b00000)
  from space 1536K, 98% used [0x00000000d7000000,0x00000000d7178800,0x00000000d7180000)
  to   space 5120K, 0% used [0x00000000d6b00000,0x00000000d6b00000,0x00000000d7000000)
 ParOldGen       total 68608K, used 20621K [0x0000000080000000, 0x0000000084300000, 0x00000000d5580000)
  object space 68608K, 30% used [0x0000000080000000,0x00000000814237d0,0x0000000084300000)
 Metaspace       used 32287K, committed 33216K, reserved 1114112K
  class space    used 3244K, committed 3648K, reserved 1048576K
}
Event: 4.755 GC heap after
{Heap after GC invocations=14 (full 1):
 PSYoungGen      total 24576K, used 2336K [0x00000000d5580000, 0x00000000d7100000, 0x0000000100000000)
  eden space 22016K, 0% used [0x00000000d5580000,0x00000000d5580000,0x00000000d6b00000)
  from space 2560K, 91% used [0x00000000d6b00000,0x00000000d6d48010,0x00000000d6d80000)
  to   space 3072K, 0% used [0x00000000d6e00000,0x00000000d6e00000,0x00000000d7100000)
 ParOldGen       total 68608K, used 22124K [0x0000000080000000, 0x0000000084300000, 0x00000000d5580000)
  object space 68608K, 32% used [0x0000000080000000,0x000000008159b100,0x0000000084300000)
 Metaspace       used 32287K, committed 33216K, reserved 1114112K
  class space    used 3244K, committed 3648K, reserved 1048576K
}
Event: 5.781 GC heap before
{Heap before GC invocations=15 (full 1):
 PSYoungGen      total 24576K, used 24352K [0x00000000d5580000, 0x00000000d7100000, 0x0000000100000000)
  eden space 22016K, 100% used [0x00000000d5580000,0x00000000d6b00000,0x00000000d6b00000)
  from space 2560K, 91% used [0x00000000d6b00000,0x00000000d6d48010,0x00000000d6d80000)
  to   space 3072K, 0% used [0x00000000d6e00000,0x00000000d6e00000,0x00000000d7100000)
 ParOldGen       total 68608K, used 22124K [0x0000000080000000, 0x0000000084300000, 0x00000000d5580000)
  object space 68608K, 32% used [0x0000000080000000,0x000000008159b100,0x0000000084300000)
 Metaspace       used 32299K, committed 33216K, reserved 1114112K
  class space    used 3244K, committed 3648K, reserved 1048576K
}
Event: 5.783 GC heap after
{Heap after GC invocations=15 (full 1):
 PSYoungGen      total 24576K, used 2084K [0x00000000d5580000, 0x00000000d7080000, 0x0000000100000000)
  eden space 22016K, 0% used [0x00000000d5580000,0x00000000d5580000,0x00000000d6b00000)
  from space 2560K, 81% used [0x00000000d6e00000,0x00000000d7009000,0x00000000d7080000)
  to   space 2560K, 0% used [0x00000000d6b00000,0x00000000d6b00000,0x00000000d6d80000)
 ParOldGen       total 68608K, used 24314K [0x0000000080000000, 0x0000000084300000, 0x00000000d5580000)
  object space 68608K, 35% used [0x0000000080000000,0x00000000817beac0,0x0000000084300000)
 Metaspace       used 32299K, committed 33216K, reserved 1114112K
  class space    used 3244K, committed 3648K, reserved 1048576K
}
Event: 5.819 GC heap before
{Heap before GC invocations=16 (full 1):
 PSYoungGen      total 24576K, used 24100K [0x00000000d5580000, 0x00000000d7080000, 0x0000000100000000)
  eden space 22016K, 100% used [0x00000000d5580000,0x00000000d6b00000,0x00000000d6b00000)
  from space 2560K, 81% used [0x00000000d6e00000,0x00000000d7009000,0x00000000d7080000)
  to   space 2560K, 0% used [0x00000000d6b00000,0x00000000d6b00000,0x00000000d6d80000)
 ParOldGen       total 68608K, used 24314K [0x0000000080000000, 0x0000000084300000, 0x00000000d5580000)
  object space 68608K, 35% used [0x0000000080000000,0x00000000817beac0,0x0000000084300000)
 Metaspace       used 32335K, committed 33216K, reserved 1114112K
  class space    used 3247K, committed 3648K, reserved 1048576K
}
Event: 5.821 GC heap after
{Heap after GC invocations=16 (full 1):
 PSYoungGen      total 24576K, used 2272K [0x00000000d5580000, 0x00000000d7000000, 0x0000000100000000)
  eden space 22016K, 0% used [0x00000000d5580000,0x00000000d5580000,0x00000000d6b00000)
  from space 2560K, 88% used [0x00000000d6b00000,0x00000000d6d38010,0x00000000d6d80000)
  to   space 2560K, 0% used [0x00000000d6d80000,0x00000000d6d80000,0x00000000d7000000)
 ParOldGen       total 68608K, used 26256K [0x0000000080000000, 0x0000000084300000, 0x00000000d5580000)
  object space 68608K, 38% used [0x0000000080000000,0x00000000819a4138,0x0000000084300000)
 Metaspace       used 32335K, committed 33216K, reserved 1114112K
  class space    used 3247K, committed 3648K, reserved 1048576K
}
Event: 5.850 GC heap before
{Heap before GC invocations=17 (full 1):
 PSYoungGen      total 24576K, used 24288K [0x00000000d5580000, 0x00000000d7000000, 0x0000000100000000)
  eden space 22016K, 100% used [0x00000000d5580000,0x00000000d6b00000,0x00000000d6b00000)
  from space 2560K, 88% used [0x00000000d6b00000,0x00000000d6d38010,0x00000000d6d80000)
  to   space 2560K, 0% used [0x00000000d6d80000,0x00000000d6d80000,0x00000000d7000000)
 ParOldGen       total 68608K, used 26256K [0x0000000080000000, 0x0000000084300000, 0x00000000d5580000)
  object space 68608K, 38% used [0x0000000080000000,0x00000000819a4138,0x0000000084300000)
 Metaspace       used 32370K, committed 33280K, reserved 1114112K
  class space    used 3247K, committed 3648K, reserved 1048576K
}
Event: 5.852 GC heap after
{Heap after GC invocations=17 (full 1):
 PSYoungGen      total 24576K, used 2040K [0x00000000d5580000, 0x00000000d7000000, 0x0000000100000000)
  eden space 22016K, 0% used [0x00000000d5580000,0x00000000d5580000,0x00000000d6b00000)
  from space 2560K, 79% used [0x00000000d6d80000,0x00000000d6f7e200,0x00000000d7000000)
  to   space 2560K, 0% used [0x00000000d6b00000,0x00000000d6b00000,0x00000000d6d80000)
 ParOldGen       total 68608K, used 28352K [0x0000000080000000, 0x0000000084300000, 0x00000000d5580000)
  object space 68608K, 41% used [0x0000000080000000,0x0000000081bb0148,0x0000000084300000)
 Metaspace       used 32370K, committed 33280K, reserved 1114112K
  class space    used 3247K, committed 3648K, reserved 1048576K
}
Event: 6.093 GC heap before
{Heap before GC invocations=18 (full 1):
 PSYoungGen      total 24576K, used 24056K [0x00000000d5580000, 0x00000000d7000000, 0x0000000100000000)
  eden space 22016K, 100% used [0x00000000d5580000,0x00000000d6b00000,0x00000000d6b00000)
  from space 2560K, 79% used [0x00000000d6d80000,0x00000000d6f7e200,0x00000000d7000000)
  to   space 2560K, 0% used [0x00000000d6b00000,0x00000000d6b00000,0x00000000d6d80000)
 ParOldGen       total 68608K, used 28352K [0x0000000080000000, 0x0000000084300000, 0x00000000d5580000)
  object space 68608K, 41% used [0x0000000080000000,0x0000000081bb0148,0x0000000084300000)
 Metaspace       used 33803K, committed 34752K, reserved 1114112K
  class space    used 3415K, committed 3840K, reserved 1048576K
}
Event: 6.095 GC heap after
{Heap after GC invocations=18 (full 1):
 PSYoungGen      total 24576K, used 2456K [0x00000000d5580000, 0x00000000d7000000, 0x0000000100000000)
  eden space 22016K, 0% used [0x00000000d5580000,0x00000000d5580000,0x00000000d6b00000)
  from space 2560K, 95% used [0x00000000d6b00000,0x00000000d6d66368,0x00000000d6d80000)
  to   space 2560K, 0% used [0x00000000d6d80000,0x00000000d6d80000,0x00000000d7000000)
 ParOldGen       total 68608K, used 30200K [0x0000000080000000, 0x0000000084300000, 0x00000000d5580000)
  object space 68608K, 44% used [0x0000000080000000,0x0000000081d7e348,0x0000000084300000)
 Metaspace       used 33803K, committed 34752K, reserved 1114112K
  class space    used 3415K, committed 3840K, reserved 1048576K
}
Event: 6.157 GC heap before
{Heap before GC invocations=19 (full 1):
 PSYoungGen      total 24576K, used 10529K [0x00000000d5580000, 0x00000000d7000000, 0x0000000100000000)
  eden space 22016K, 36% used [0x00000000d5580000,0x00000000d5d62350,0x00000000d6b00000)
  from space 2560K, 95% used [0x00000000d6b00000,0x00000000d6d66368,0x00000000d6d80000)
  to   space 2560K, 0% used [0x00000000d6d80000,0x00000000d6d80000,0x00000000d7000000)
 ParOldGen       total 68608K, used 30200K [0x0000000080000000, 0x0000000084300000, 0x00000000d5580000)
  object space 68608K, 44% used [0x0000000080000000,0x0000000081d7e348,0x0000000084300000)
 Metaspace       used 34901K, committed 35840K, reserved 1114112K
  class space    used 3537K, committed 3968K, reserved 1048576K
}
Event: 6.158 GC heap after
{Heap after GC invocations=19 (full 1):
 PSYoungGen      total 23040K, used 770K [0x00000000d5580000, 0x00000000d6e80000, 0x0000000100000000)
  eden space 22016K, 0% used [0x00000000d5580000,0x00000000d5580000,0x00000000d6b00000)
  from space 1024K, 75% used [0x00000000d6d80000,0x00000000d6e40bc0,0x00000000d6e80000)
  to   space 1536K, 0% used [0x00000000d6b80000,0x00000000d6b80000,0x00000000d6d00000)
 ParOldGen       total 68608K, used 32501K [0x0000000080000000, 0x0000000084300000, 0x00000000d5580000)
  object space 68608K, 47% used [0x0000000080000000,0x0000000081fbd620,0x0000000084300000)
 Metaspace       used 34901K, committed 35840K, reserved 1114112K
  class space    used 3537K, committed 3968K, reserved 1048576K
}
Event: 6.158 GC heap before
{Heap before GC invocations=20 (full 2):
 PSYoungGen      total 23040K, used 770K [0x00000000d5580000, 0x00000000d6e80000, 0x0000000100000000)
  eden space 22016K, 0% used [0x00000000d5580000,0x00000000d5580000,0x00000000d6b00000)
  from space 1024K, 75% used [0x00000000d6d80000,0x00000000d6e40bc0,0x00000000d6e80000)
  to   space 1536K, 0% used [0x00000000d6b80000,0x00000000d6b80000,0x00000000d6d00000)
 ParOldGen       total 68608K, used 32501K [0x0000000080000000, 0x0000000084300000, 0x00000000d5580000)
  object space 68608K, 47% used [0x0000000080000000,0x0000000081fbd620,0x0000000084300000)
 Metaspace       used 34901K, committed 35840K, reserved 1114112K
  class space    used 3537K, committed 3968K, reserved 1048576K
}
Event: 6.179 GC heap after
{Heap after GC invocations=20 (full 2):
 PSYoungGen      total 23040K, used 0K [0x00000000d5580000, 0x00000000d6e80000, 0x0000000100000000)
  eden space 22016K, 0% used [0x00000000d5580000,0x00000000d5580000,0x00000000d6b00000)
  from space 1024K, 0% used [0x00000000d6d80000,0x00000000d6d80000,0x00000000d6e80000)
  to   space 1536K, 0% used [0x00000000d6b80000,0x00000000d6b80000,0x00000000d6d00000)
 ParOldGen       total 68608K, used 30852K [0x0000000080000000, 0x0000000084300000, 0x00000000d5580000)
  object space 68608K, 44% used [0x0000000080000000,0x0000000081e21040,0x0000000084300000)
 Metaspace       used 34901K, committed 35840K, reserved 1114112K
  class space    used 3537K, committed 3968K, reserved 1048576K
}

Dll operation events (10 events):
Event: 0.008 Loaded shared library c:\Users\HP\.antigravity\extensions\redhat.java-1.53.0-win32-x64\jre\21.0.10-win32-x86_64\bin\java.dll
Event: 0.044 Loaded shared library c:\Users\HP\.antigravity\extensions\redhat.java-1.53.0-win32-x64\jre\21.0.10-win32-x86_64\bin\zip.dll
Event: 0.054 Loaded shared library C:\Users\HP\.antigravity\extensions\redhat.java-1.53.0-win32-x64\jre\21.0.10-win32-x86_64\bin\instrument.dll
Event: 0.056 Loaded shared library C:\Users\HP\.antigravity\extensions\redhat.java-1.53.0-win32-x64\jre\21.0.10-win32-x86_64\bin\net.dll
Event: 0.057 Loaded shared library C:\Users\HP\.antigravity\extensions\redhat.java-1.53.0-win32-x64\jre\21.0.10-win32-x86_64\bin\nio.dll
Event: 0.059 Loaded shared library C:\Users\HP\.antigravity\extensions\redhat.java-1.53.0-win32-x64\jre\21.0.10-win32-x86_64\bin\zip.dll
Event: 0.068 Loaded shared library C:\Users\HP\.antigravity\extensions\redhat.java-1.53.0-win32-x64\jre\21.0.10-win32-x86_64\bin\jimage.dll
Event: 0.109 Loaded shared library c:\Users\HP\.antigravity\extensions\redhat.java-1.53.0-win32-x64\jre\21.0.10-win32-x86_64\bin\verify.dll
Event: 0.742 Loaded shared library C:\Users\HP\AppData\Roaming\Antigravity\User\globalStorage\redhat.java\1.53.0\config_ss_win\org.eclipse.equinox.launcher\org.eclipse.equinox.launcher.win32.win32.x86_64_1.3.0.v20260203-2149\eclipse_11919.dll
Event: 1.271 Loaded shared library C:\Users\HP\AppData\Local\Temp\jna-2312\jna13607272961767804231.dll

Deoptimization events (20 events):
Event: 7.284 Thread 0x00000173e1bb6420 Uncommon trap: trap_request=0xffffffde fr.pc=0x000001738d852f64 relative=0x0000000000004b64
Event: 7.284 Thread 0x00000173e1bb6420 Uncommon trap: reason=class_check action=maybe_recompile pc=0x000001738d852f64 method=org.eclipse.core.internal.resources.Resource.lambda$0(ILorg/eclipse/core/internal/resources/ResourceProxy;ILorg/eclipse/core/resources/IResourceProxyVisitor;Lorg/eclipse
Event: 7.284 Thread 0x00000173e1bb6420 DEOPT PACKING pc=0x000001738d852f64 sp=0x00000048755fe6e0
Event: 7.284 Thread 0x00000173e1bb6420 DEOPT UNPACKING pc=0x000001738cf43aa2 sp=0x00000048755fe660 mode 2
Event: 7.284 Thread 0x00000173e1bb6420 Uncommon trap: trap_request=0xffffffde fr.pc=0x000001738d852f64 relative=0x0000000000004b64
Event: 7.284 Thread 0x00000173e1bb6420 Uncommon trap: reason=class_check action=maybe_recompile pc=0x000001738d852f64 method=org.eclipse.core.internal.resources.Resource.lambda$0(ILorg/eclipse/core/internal/resources/ResourceProxy;ILorg/eclipse/core/resources/IResourceProxyVisitor;Lorg/eclipse
Event: 7.284 Thread 0x00000173e1bb6420 DEOPT PACKING pc=0x000001738d852f64 sp=0x00000048755fe6e0
Event: 7.284 Thread 0x00000173e1bb6420 DEOPT UNPACKING pc=0x000001738cf43aa2 sp=0x00000048755fe660 mode 2
Event: 7.284 Thread 0x00000173e1bb6420 Uncommon trap: trap_request=0xffffffde fr.pc=0x000001738d852f64 relative=0x0000000000004b64
Event: 7.284 Thread 0x00000173e1bb6420 Uncommon trap: reason=class_check action=maybe_recompile pc=0x000001738d852f64 method=org.eclipse.core.internal.resources.Resource.lambda$0(ILorg/eclipse/core/internal/resources/ResourceProxy;ILorg/eclipse/core/resources/IResourceProxyVisitor;Lorg/eclipse
Event: 7.284 Thread 0x00000173e1bb6420 DEOPT PACKING pc=0x000001738d852f64 sp=0x00000048755fe680
Event: 7.284 Thread 0x00000173e1bb6420 DEOPT UNPACKING pc=0x000001738cf43aa2 sp=0x00000048755fe600 mode 2
Event: 7.284 Thread 0x00000173e1bb6420 Uncommon trap: trap_request=0xffffffde fr.pc=0x000001738d852f64 relative=0x0000000000004b64
Event: 7.284 Thread 0x00000173e1bb6420 Uncommon trap: reason=class_check action=maybe_recompile pc=0x000001738d852f64 method=org.eclipse.core.internal.resources.Resource.lambda$0(ILorg/eclipse/core/internal/resources/ResourceProxy;ILorg/eclipse/core/resources/IResourceProxyVisitor;Lorg/eclipse
Event: 7.284 Thread 0x00000173e1bb6420 DEOPT PACKING pc=0x000001738d852f64 sp=0x00000048755fe680
Event: 7.284 Thread 0x00000173e1bb6420 DEOPT UNPACKING pc=0x000001738cf43aa2 sp=0x00000048755fe600 mode 2
Event: 7.284 Thread 0x00000173e1bb6420 Uncommon trap: trap_request=0xffffffde fr.pc=0x000001738d83bfb8 relative=0x0000000000004cb8
Event: 7.284 Thread 0x00000173e1bb6420 Uncommon trap: reason=class_check action=maybe_recompile pc=0x000001738d83bfb8 method=org.eclipse.core.internal.resources.Resource.lambda$0(ILorg/eclipse/core/internal/resources/ResourceProxy;ILorg/eclipse/core/resources/IResourceProxyVisitor;Lorg/eclipse
Event: 7.284 Thread 0x00000173e1bb6420 DEOPT PACKING pc=0x000001738d83bfb8 sp=0x00000048755fe550
Event: 7.284 Thread 0x00000173e1bb6420 DEOPT UNPACKING pc=0x000001738cf43aa2 sp=0x00000048755fe588 mode 2

Classes loaded (20 events):
Event: 3.592 Loading class java/lang/invoke/MethodHandleImpl$Makers$2
Event: 3.592 Loading class java/lang/invoke/MethodHandleImpl$Makers$2 done
Event: 3.593 Loading class java/lang/invoke/MethodHandleImpl$Makers$3
Event: 3.593 Loading class java/lang/invoke/MethodHandleImpl$Makers$3 done
Event: 3.597 Loading class java/lang/runtime/ObjectMethods$1
Event: 3.597 Loading class java/lang/runtime/ObjectMethods$1 done
Event: 3.691 Loading class java/util/AbstractList$ListItr
Event: 3.691 Loading class java/util/AbstractList$ListItr done
Event: 3.710 Loading class java/nio/channels/Channels$ReadableByteChannelImpl
Event: 3.710 Loading class java/nio/channels/Channels$ReadableByteChannelImpl done
Event: 3.712 Loading class java/nio/channels/NonWritableChannelException
Event: 3.712 Loading class java/nio/channels/NonWritableChannelException done
Event: 5.917 Loading class java/lang/ExceptionInInitializerError
Event: 5.917 Loading class java/lang/ExceptionInInitializerError done
Event: 6.041 Loading class sun/misc/Unsafe
Event: 6.042 Loading class sun/misc/Unsafe done
Event: 6.090 Loading class java/util/WeakHashMap$KeyIterator
Event: 6.090 Loading class java/util/WeakHashMap$KeyIterator done
Event: 7.276 Loading class java/util/concurrent/ForkJoinTask$AdaptedCallable
Event: 7.276 Loading class java/util/concurrent/ForkJoinTask$AdaptedCallable done

Classes unloaded (7 events):
Event: 1.550 Thread 0x0000017382831dd0 Unloading class 0x000001739b190c00 'java/lang/invoke/LambdaForm$MH+0x000001739b190c00'
Event: 1.550 Thread 0x0000017382831dd0 Unloading class 0x000001739b190800 'java/lang/invoke/LambdaForm$MH+0x000001739b190800'
Event: 1.550 Thread 0x0000017382831dd0 Unloading class 0x000001739b190400 'java/lang/invoke/LambdaForm$MH+0x000001739b190400'
Event: 1.550 Thread 0x0000017382831dd0 Unloading class 0x000001739b190000 'java/lang/invoke/LambdaForm$MH+0x000001739b190000'
Event: 1.550 Thread 0x0000017382831dd0 Unloading class 0x000001739b18fc00 'java/lang/invoke/LambdaForm$BMH+0x000001739b18fc00'
Event: 1.550 Thread 0x0000017382831dd0 Unloading class 0x000001739b18f800 'java/lang/invoke/LambdaForm$DMH+0x000001739b18f800'
Event: 1.550 Thread 0x0000017382831dd0 Unloading class 0x000001739b18e400 'java/lang/invoke/LambdaForm$DMH+0x000001739b18e400'

Classes redefined (0 events):
No events

Internal exceptions (20 events):
Event: 3.605 Thread 0x00000173e22cc9f0 Exception <a 'java/lang/NoSuchMethodError'{0x00000000d5b29fc8}: 'int java.lang.invoke.Invokers$Holder.linkToTargetMethod(java.lang.Object, java.lang.Object)'> (0x00000000d5b29fc8) 
thrown [s\src\hotspot\share\interpreter\linkResolver.cpp, line 773]
Event: 6.046 Thread 0x00000173e22cc9f0 Exception <a 'java/lang/NoSuchMethodError'{0x00000000d680dca0}: 'java.lang.Object java.lang.invoke.DirectMethodHandle$Holder.invokeVirtual(java.lang.Object, java.lang.Object, int)'> (0x00000000d680dca0) 
thrown [s\src\hotspot\share\interpreter\linkResolver.cpp, line 773]
Event: 6.091 Thread 0x00000173e22cc9f0 Exception <a 'java/io/FileNotFoundException'{0x00000000d6ae8f40}> (0x00000000d6ae8f40) 
thrown [s\src\hotspot\share\prims\jni.cpp, line 520]
Event: 6.092 Thread 0x00000173e22cc9f0 Exception <a 'java/io/FileNotFoundException'{0x00000000d6aea200}> (0x00000000d6aea200) 
thrown [s\src\hotspot\share\prims\jni.cpp, line 520]
Event: 6.092 Thread 0x00000173e22cc9f0 Exception <a 'java/io/FileNotFoundException'{0x00000000d6aeb218}> (0x00000000d6aeb218) 
thrown [s\src\hotspot\share\prims\jni.cpp, line 520]
Event: 6.126 Thread 0x00000173e1bb6420 Exception <a 'java/io/FileNotFoundException'{0x00000000d599c388}> (0x00000000d599c388) 
thrown [s\src\hotspot\share\prims\jni.cpp, line 520]
Event: 6.126 Thread 0x00000173e1bb6420 Exception <a 'java/io/FileNotFoundException'{0x00000000d599d398}> (0x00000000d599d398) 
thrown [s\src\hotspot\share\prims\jni.cpp, line 520]
Event: 6.126 Thread 0x00000173e1bb6420 Exception <a 'java/io/FileNotFoundException'{0x00000000d599f048}> (0x00000000d599f048) 
thrown [s\src\hotspot\share\prims\jni.cpp, line 520]
Event: 6.126 Thread 0x00000173e1bb6420 Exception <a 'java/io/FileNotFoundException'{0x00000000d59a0578}> (0x00000000d59a0578) 
thrown [s\src\hotspot\share\prims\jni.cpp, line 520]
Event: 6.126 Thread 0x00000173e1bb6420 Exception <a 'java/io/FileNotFoundException'{0x00000000d59a15a8}> (0x00000000d59a15a8) 
thrown [s\src\hotspot\share\prims\jni.cpp, line 520]
Event: 7.275 Thread 0x00000173e1bb6420 Exception <a 'sun/nio/fs/WindowsException'{0x00000000d600d9e8}> (0x00000000d600d9e8) 
thrown [s\src\hotspot\share\prims\jni.cpp, line 520]
Event: 7.277 Thread 0x00000173e22cb640 Exception <a 'sun/nio/fs/WindowsException'{0x00000000d60919a8}> (0x00000000d60919a8) 
thrown [s\src\hotspot\share\prims\jni.cpp, line 520]
Event: 7.277 Thread 0x00000173e22cf7e0 Exception <a 'sun/nio/fs/WindowsException'{0x00000000d60a7b28}> (0x00000000d60a7b28) 
thrown [s\src\hotspot\share\prims\jni.cpp, line 520]
Event: 7.278 Thread 0x00000173e22d1220 Exception <a 'sun/nio/fs/WindowsException'{0x00000000d60fa1f0}> (0x00000000d60fa1f0) 
thrown [s\src\hotspot\share\prims\jni.cpp, line 520]
Event: 7.278 Thread 0x00000173e22d1f40 Exception <a 'sun/nio/fs/WindowsException'{0x00000000d60be7c0}> (0x00000000d60be7c0) 
thrown [s\src\hotspot\share\prims\jni.cpp, line 520]
Event: 7.278 Thread 0x00000173e22d18b0 Exception <a 'sun/nio/fs/WindowsException'{0x00000000d6110348}> (0x00000000d6110348) 
thrown [s\src\hotspot\share\prims\jni.cpp, line 520]
Event: 7.278 Thread 0x00000173e22cfe70 Exception <a 'sun/nio/fs/WindowsException'{0x00000000d60e4750}> (0x00000000d60e4750) 
thrown [s\src\hotspot\share\prims\jni.cpp, line 520]
Event: 7.278 Thread 0x00000173e22d0b90 Exception <a 'sun/nio/fs/WindowsException'{0x00000000d6136488}> (0x00000000d6136488) 
thrown [s\src\hotspot\share\prims\jni.cpp, line 520]
Event: 7.279 Thread 0x00000173e22cf150 Exception <a 'sun/nio/fs/WindowsException'{0x00000000d61f2e78}> (0x00000000d61f2e78) 
thrown [s\src\hotspot\share\prims\jni.cpp, line 520]
Event: 7.279 Thread 0x00000173e22d0500 Exception <a 'sun/nio/fs/WindowsException'{0x00000000d614c5f0}> (0x00000000d614c5f0) 
thrown [s\src\hotspot\share\prims\jni.cpp, line 520]

ZGC Phase Switch (0 events):
No events

VM Operations (20 events):
Event: 5.761 Executing safepoint VM operation: Cleanup done
Event: 5.781 Executing safepoint VM operation: ParallelGCFailedAllocation (Allocation Failure)
Event: 5.783 Executing safepoint VM operation: ParallelGCFailedAllocation (Allocation Failure) done
Event: 5.819 Executing safepoint VM operation: ParallelGCFailedAllocation (Allocation Failure)
Event: 5.821 Executing safepoint VM operation: ParallelGCFailedAllocation (Allocation Failure) done
Event: 5.850 Executing safepoint VM operation: ParallelGCFailedAllocation (Allocation Failure)
Event: 5.852 Executing safepoint VM operation: ParallelGCFailedAllocation (Allocation Failure) done
Event: 6.067 Executing non-safepoint VM operation: HandshakeAllThreads (Deoptimize)
Event: 6.067 Executing non-safepoint VM operation: HandshakeAllThreads (Deoptimize) done
Event: 6.093 Executing safepoint VM operation: ParallelGCFailedAllocation (Allocation Failure)
Event: 6.095 Executing safepoint VM operation: ParallelGCFailedAllocation (Allocation Failure) done
Event: 6.111 Executing non-safepoint VM operation: HandshakeAllThreads (Deoptimize)
Event: 6.111 Executing non-safepoint VM operation: HandshakeAllThreads (Deoptimize) done
Event: 6.157 Executing safepoint VM operation: CollectForMetadataAllocation (Metadata GC Threshold)
Event: 6.179 Executing safepoint VM operation: CollectForMetadataAllocation (Metadata GC Threshold) done
Event: 7.193 Executing safepoint VM operation: Cleanup
Event: 7.226 Executing safepoint VM operation: Cleanup done
Event: 7.283 Executing non-safepoint VM operation: HandshakeAllThreads (Deoptimize)
Event: 7.284 Executing non-safepoint VM operation: HandshakeAllThreads (Deoptimize) done
Event: 8.297 Executing safepoint VM operation: Cleanup

Memory protections (0 events):
No events

Nmethod flushes (20 events):
Event: 6.168 Thread 0x0000017382831dd0 flushing  nmethod 0x0000017385f78390
Event: 6.168 Thread 0x0000017382831dd0 flushing  nmethod 0x0000017385f78710
Event: 6.168 Thread 0x0000017382831dd0 flushing  nmethod 0x0000017385f78a90
Event: 6.168 Thread 0x0000017382831dd0 flushing  nmethod 0x0000017385f90190
Event: 6.168 Thread 0x0000017382831dd0 flushing  nmethod 0x0000017385f90490
Event: 6.168 Thread 0x0000017382831dd0 flushing  nmethod 0x0000017385f91a90
Event: 6.168 Thread 0x0000017382831dd0 flushing  nmethod 0x0000017385fcfe90
Event: 6.168 Thread 0x0000017382831dd0 flushing  nmethod 0x0000017385fd0710
Event: 6.168 Thread 0x0000017382831dd0 flushing  nmethod 0x0000017385fd0b10
Event: 6.168 Thread 0x0000017382831dd0 flushing  nmethod 0x0000017385fd1910
Event: 6.168 Thread 0x0000017382831dd0 flushing  nmethod 0x0000017385fd2910
Event: 6.168 Thread 0x0000017382831dd0 flushing  nmethod 0x0000017385fd3710
Event: 6.168 Thread 0x0000017382831dd0 flushing  nmethod 0x0000017385fd4d90
Event: 6.168 Thread 0x0000017382831dd0 flushing  nmethod 0x0000017385fd5810
Event: 6.168 Thread 0x0000017382831dd0 flushing  nmethod 0x0000017385fd5b90
Event: 6.168 Thread 0x0000017382831dd0 flushing  nmethod 0x0000017385fd6090
Event: 6.168 Thread 0x0000017382831dd0 flushing  nmethod 0x0000017385fe3d90
Event: 6.168 Thread 0x0000017382831dd0 flushing  nmethod 0x0000017385fe4290
Event: 6.168 Thread 0x0000017382831dd0 flushing  nmethod 0x0000017385fe9910
Event: 6.168 Thread 0x0000017382831dd0 flushing  nmethod 0x0000017385fea690

Events (20 events):
Event: 3.291 Thread 0x00000173db797aa0 Thread added: 0x00000173e479d280
Event: 3.641 Thread 0x00000173e11e5670 Thread added: 0x00000173e61830c0
Event: 3.641 Thread 0x00000173e11e5670 Thread added: 0x00000173e4899320
Event: 7.228 Thread 0x00000173e4899320 Thread exited: 0x00000173e4899320
Event: 7.276 Thread 0x00000173e1bb6420 Thread added: 0x00000173e22cb640
Event: 7.277 Thread 0x00000173e22cb640 Thread added: 0x00000173e22cf7e0
Event: 7.277 Thread 0x00000173e22cb640 Thread added: 0x00000173e22d1f40
Event: 7.277 Thread 0x00000173e22d1f40 Thread added: 0x00000173e22cfe70
Event: 7.278 Thread 0x00000173e22cf7e0 Thread added: 0x00000173e22d1220
Event: 7.278 Thread 0x00000173e22cfe70 Thread added: 0x00000173e22d18b0
Event: 7.278 Thread 0x00000173e22d1220 Thread added: 0x00000173e22d0b90
Event: 7.278 Thread 0x00000173e22d18b0 Thread added: 0x00000173e22d0500
Event: 7.278 Thread 0x00000173e22d0b90 Thread added: 0x00000173e22d25d0
Event: 7.279 Thread 0x00000173e22cf7e0 Thread added: 0x00000173e22cf150
Event: 7.279 Thread 0x00000173e22d1f40 Thread added: 0x00000173e4c11000
Event: 7.279 Thread 0x00000173e22d0500 Thread added: 0x00000173e4c11d20
Event: 7.279 Thread 0x00000173e22d1220 Thread added: 0x00000173e4c123b0
Event: 7.279 Thread 0x00000173e22d18b0 Thread added: 0x00000173e4c11690
Event: 7.279 Thread 0x00000173e22cfe70 Thread added: 0x00000173e4c12a40
Event: 7.279 Thread 0x00000173e22d0b90 Thread added: 0x00000173e4c0f5c0


Dynamic libraries:
0x00007ff71a450000 - 0x00007ff71a45e000 	c:\Users\HP\.antigravity\extensions\redhat.java-1.53.0-win32-x64\jre\21.0.10-win32-x86_64\bin\java.exe
0x00007ffa5cd60000 - 0x00007ffa5cfc7000 	C:\WINDOWS\SYSTEM32\ntdll.dll
0x00007ffa5bba0000 - 0x00007ffa5bc69000 	C:\WINDOWS\System32\KERNEL32.DLL
0x00007ffa59c50000 - 0x00007ffa5a044000 	C:\WINDOWS\System32\KERNELBASE.dll
0x00007ffa59630000 - 0x00007ffa5977b000 	C:\WINDOWS\System32\ucrtbase.dll
0x00007ffa14be0000 - 0x00007ffa14bfe000 	c:\Users\HP\.antigravity\extensions\redhat.java-1.53.0-win32-x64\jre\21.0.10-win32-x86_64\bin\VCRUNTIME140.dll
0x00007ffa16b30000 - 0x00007ffa16b48000 	c:\Users\HP\.antigravity\extensions\redhat.java-1.53.0-win32-x64\jre\21.0.10-win32-x86_64\bin\jli.dll
0x00007ffa5c920000 - 0x00007ffa5cae5000 	C:\WINDOWS\System32\USER32.dll
0x00007ffa598f0000 - 0x00007ffa59917000 	C:\WINDOWS\System32\win32u.dll
0x00007ffa37370000 - 0x00007ffa37603000 	C:\WINDOWS\WinSxS\amd64_microsoft.windows.common-controls_6595b64144ccf1df_6.0.26100.8115_none_3e075c82e3354f9c\COMCTL32.dll
0x00007ffa5ccf0000 - 0x00007ffa5cd1b000 	C:\WINDOWS\System32\GDI32.dll
0x00007ffa5bc70000 - 0x00007ffa5bd19000 	C:\WINDOWS\System32\msvcrt.dll
0x00007ffa59a60000 - 0x00007ffa59b8a000 	C:\WINDOWS\System32\gdi32full.dll
0x00007ffa5a050000 - 0x00007ffa5a0f3000 	C:\WINDOWS\System32\msvcp_win.dll
0x00007ffa5b950000 - 0x00007ffa5b982000 	C:\WINDOWS\System32\IMM32.DLL
0x00007ffa3c3a0000 - 0x00007ffa3c3ac000 	c:\Users\HP\.antigravity\extensions\redhat.java-1.53.0-win32-x64\jre\21.0.10-win32-x86_64\bin\vcruntime140_1.dll
0x00007ff9fa9c0000 - 0x00007ff9faa4d000 	c:\Users\HP\.antigravity\extensions\redhat.java-1.53.0-win32-x64\jre\21.0.10-win32-x86_64\bin\msvcp140.dll
0x00007ff9b5880000 - 0x00007ff9b6621000 	c:\Users\HP\.antigravity\extensions\redhat.java-1.53.0-win32-x64\jre\21.0.10-win32-x86_64\bin\server\jvm.dll
0x00007ffa5ae00000 - 0x00007ffa5aeb6000 	C:\WINDOWS\System32\ADVAPI32.dll
0x00007ffa5acd0000 - 0x00007ffa5ad77000 	C:\WINDOWS\System32\sechost.dll
0x00007ffa5aaf0000 - 0x00007ffa5ac08000 	C:\WINDOWS\System32\RPCRT4.dll
0x00007ffa5cc60000 - 0x00007ffa5cce0000 	C:\WINDOWS\System32\WS2_32.dll
0x00007ffa59490000 - 0x00007ffa594ee000 	C:\WINDOWS\SYSTEM32\POWRPROF.dll
0x00007ffa4f1f0000 - 0x00007ffa4f1fb000 	C:\WINDOWS\SYSTEM32\VERSION.dll
0x00007ffa56670000 - 0x00007ffa566a6000 	C:\WINDOWS\SYSTEM32\WINMM.dll
0x00007ffa59470000 - 0x00007ffa59484000 	C:\WINDOWS\SYSTEM32\UMPDC.dll
0x00007ffa58380000 - 0x00007ffa5839b000 	C:\WINDOWS\SYSTEM32\kernel.appcore.dll
0x00007ffa51b90000 - 0x00007ffa51b9a000 	c:\Users\HP\.antigravity\extensions\redhat.java-1.53.0-win32-x64\jre\21.0.10-win32-x86_64\bin\jimage.dll
0x00007ffa57560000 - 0x00007ffa577a2000 	C:\WINDOWS\SYSTEM32\DBGHELP.DLL
0x00007ffa5b350000 - 0x00007ffa5b6d2000 	C:\WINDOWS\System32\combase.dll
0x00007ffa5b700000 - 0x00007ffa5b7d7000 	C:\WINDOWS\System32\OLEAUT32.dll
0x00007ffa2f500000 - 0x00007ffa2f53b000 	C:\WINDOWS\SYSTEM32\dbgcore.DLL
0x00007ffa59920000 - 0x00007ffa599c5000 	C:\WINDOWS\System32\bcryptPrimitives.dll
0x00007ffa51b00000 - 0x00007ffa51b0f000 	c:\Users\HP\.antigravity\extensions\redhat.java-1.53.0-win32-x64\jre\21.0.10-win32-x86_64\bin\instrument.dll
0x00007ffa3c660000 - 0x00007ffa3c680000 	c:\Users\HP\.antigravity\extensions\redhat.java-1.53.0-win32-x64\jre\21.0.10-win32-x86_64\bin\java.dll
0x00007ffa5bd20000 - 0x00007ffa5c486000 	C:\WINDOWS\System32\SHELL32.dll
0x00007ffa59780000 - 0x00007ffa598ea000 	C:\WINDOWS\System32\wintypes.dll
0x00007ffa5a280000 - 0x00007ffa5aae5000 	C:\WINDOWS\System32\windows.storage.dll
0x00007ffa5c820000 - 0x00007ffa5c917000 	C:\WINDOWS\System32\SHCORE.dll
0x00007ffa5bb30000 - 0x00007ffa5bb96000 	C:\WINDOWS\System32\shlwapi.dll
0x00007ffa59550000 - 0x00007ffa59579000 	C:\WINDOWS\SYSTEM32\profapi.dll
0x00007ffa2c070000 - 0x00007ffa2c088000 	c:\Users\HP\.antigravity\extensions\redhat.java-1.53.0-win32-x64\jre\21.0.10-win32-x86_64\bin\zip.dll
0x00007ffa51af0000 - 0x00007ffa51b00000 	C:\Users\HP\.antigravity\extensions\redhat.java-1.53.0-win32-x64\jre\21.0.10-win32-x86_64\bin\net.dll
0x00007ffa50260000 - 0x00007ffa5038d000 	C:\WINDOWS\SYSTEM32\WINHTTP.dll
0x00007ffa588e0000 - 0x00007ffa5894c000 	C:\WINDOWS\system32\mswsock.dll
0x00007ffa152c0000 - 0x00007ffa152d6000 	C:\Users\HP\.antigravity\extensions\redhat.java-1.53.0-win32-x64\jre\21.0.10-win32-x86_64\bin\nio.dll
0x00007ffa2dd70000 - 0x00007ffa2dd80000 	c:\Users\HP\.antigravity\extensions\redhat.java-1.53.0-win32-x64\jre\21.0.10-win32-x86_64\bin\verify.dll
0x00007ffa0b670000 - 0x00007ffa0b6b5000 	C:\Users\HP\AppData\Roaming\Antigravity\User\globalStorage\redhat.java\1.53.0\config_ss_win\org.eclipse.equinox.launcher\org.eclipse.equinox.launcher.win32.win32.x86_64_1.3.0.v20260203-2149\eclipse_11919.dll
0x00007ffa5c670000 - 0x00007ffa5c807000 	C:\WINDOWS\System32\ole32.dll
0x00007ffa58b70000 - 0x00007ffa58b8b000 	C:\WINDOWS\SYSTEM32\CRYPTSP.dll
0x00007ffa582e0000 - 0x00007ffa58319000 	C:\WINDOWS\system32\rsaenh.dll
0x00007ffa58990000 - 0x00007ffa589c3000 	C:\WINDOWS\SYSTEM32\USERENV.dll
0x00007ffa59520000 - 0x00007ffa5954a000 	C:\WINDOWS\SYSTEM32\bcrypt.dll
0x00007ffa58b90000 - 0x00007ffa58b9c000 	C:\WINDOWS\SYSTEM32\CRYPTBASE.dll
0x00007ffa57d60000 - 0x00007ffa57d92000 	C:\WINDOWS\SYSTEM32\IPHLPAPI.DLL
0x00007ffa5b7e0000 - 0x00007ffa5b7ea000 	C:\WINDOWS\System32\NSI.dll
0x00007ffa0b620000 - 0x00007ffa0b669000 	C:\Users\HP\AppData\Local\Temp\jna-2312\jna13607272961767804231.dll
0x00007ffa5ba20000 - 0x00007ffa5ba28000 	C:\WINDOWS\System32\PSAPI.DLL
0x00007ffa507d0000 - 0x00007ffa507ed000 	C:\WINDOWS\SYSTEM32\dhcpcsvc6.DLL
0x00007ffa506b0000 - 0x00007ffa506d5000 	C:\WINDOWS\SYSTEM32\dhcpcsvc.DLL

JVMTI agents:
c:\Users\HP\.antigravity\extensions\redhat.java-1.53.0-win32-x64\lombok\lombok-1.18.39-4050.jar path:c:\Users\HP\.antigravity\extensions\redhat.java-1.53.0-win32-x64\jre\21.0.10-win32-x86_64\bin\instrument.dll, loaded, initialized, instrumentlib options:none

dbghelp: loaded successfully - version: 4.0.5 - missing functions: none
symbol engine: initialized successfully - sym options: 0x614 - pdb path: .;c:\Users\HP\.antigravity\extensions\redhat.java-1.53.0-win32-x64\jre\21.0.10-win32-x86_64\bin;C:\WINDOWS\SYSTEM32;C:\WINDOWS\WinSxS\amd64_microsoft.windows.common-controls_6595b64144ccf1df_6.0.26100.8115_none_3e075c82e3354f9c;c:\Users\HP\.antigravity\extensions\redhat.java-1.53.0-win32-x64\jre\21.0.10-win32-x86_64\bin\server;C:\Users\HP\AppData\Roaming\Antigravity\User\globalStorage\redhat.java\1.53.0\config_ss_win\org.eclipse.equinox.launcher\org.eclipse.equinox.launcher.win32.win32.x86_64_1.3.0.v20260203-2149;C:\Users\HP\AppData\Local\Temp\jna-2312

VM Arguments:
jvm_args: --add-modules=ALL-SYSTEM --add-opens=java.base/java.util=ALL-UNNAMED --add-opens=java.base/java.lang=ALL-UNNAMED --add-opens=java.base/sun.nio.fs=ALL-UNNAMED -Declipse.application=org.eclipse.jdt.ls.core.id1 -Dosgi.bundles.defaultStartLevel=4 -Declipse.product=org.eclipse.jdt.ls.core.product -Djava.import.generatesMetadataFilesAtProjectRoot=false -DDetectVMInstallationsJob.disabled=true -Dfile.encoding=utf8 -XX:+UseParallelGC -XX:GCTimeRatio=4 -XX:AdaptiveSizePolicyWeight=90 -Dsun.zip.disableMemoryMapping=true -Xmx2G -Xms100m -Xlog:disable -javaagent:c:\Users\HP\.antigravity\extensions\redhat.java-1.53.0-win32-x64\lombok\lombok-1.18.39-4050.jar 
java_command: c:\Users\HP\.antigravity\extensions\redhat.java-1.53.0-win32-x64\server\plugins\org.eclipse.equinox.launcher_1.7.100.v20251111-0406.jar -configuration c:\Users\HP\AppData\Roaming\Antigravity\User\globalStorage\redhat.java\1.53.0\config_ss_win -data c:\Users\HP\AppData\Roaming\Antigravity\User\workspaceStorage\10cac1632d26cc84e9e60fa305b98b85\redhat.java\ss_ws --pipe=\\.\pipe\lsp-5f8052fad8383a00d329acb8fe6f8330-sock
java_class_path (initial): c:\Users\HP\.antigravity\extensions\redhat.java-1.53.0-win32-x64\server\plugins\org.eclipse.equinox.launcher_1.7.100.v20251111-0406.jar
Launcher Type: SUN_STANDARD

[Global flags]
    uintx AdaptiveSizePolicyWeight                 = 90                                        {product} {command line}
     intx CICompilerCount                          = 12                                        {product} {ergonomic}
    uintx GCTimeRatio                              = 4                                         {product} {command line}
   size_t InitialHeapSize                          = 104857600                                 {product} {command line}
   size_t MaxHeapSize                              = 2147483648                                {product} {command line}
   size_t MaxNewSize                               = 715653120                                 {product} {ergonomic}
   size_t MinHeapDeltaBytes                        = 524288                                    {product} {ergonomic}
   size_t MinHeapSize                              = 104857600                                 {product} {command line}
   size_t NewSize                                  = 34603008                                  {product} {ergonomic}
    uintx NonNMethodCodeHeapSize                   = 7602480                                {pd product} {ergonomic}
    uintx NonProfiledCodeHeapSize                  = 122027880                              {pd product} {ergonomic}
   size_t OldSize                                  = 70254592                                  {product} {ergonomic}
    uintx ProfiledCodeHeapSize                     = 122027880                              {pd product} {ergonomic}
    uintx ReservedCodeCacheSize                    = 251658240                              {pd product} {ergonomic}
     bool SegmentedCodeCache                       = true                                      {product} {ergonomic}
   size_t SoftMaxHeapSize                          = 2147483648                             {manageable} {ergonomic}
     bool UseCompressedOops                        = true                           {product lp64_product} {ergonomic}
     bool UseLargePagesIndividualAllocation        = false                                  {pd product} {ergonomic}
     bool UseParallelGC                            = true                                      {product} {command line}

Logging:
Log output configuration:
 #0: stdout all=off uptime,level,tags foldmultilines=false
 #1: stderr all=off uptime,level,tags foldmultilines=false

Release file:
JAVA_VERSION="21.0.10" 
MODULES="java.base java.compiler java.datatransfer java.xml java.prefs java.desktop java.instrument java.logging java.management java.security.sasl java.naming java.rmi java.management.rmi java.net.http java.scripting java.security.jgss java.transaction.xa java.sql java.sql.rowset java.xml.crypto java.se java.smartcardio jdk.accessibility jdk.internal.jvmstat jdk.attach jdk.charsets jdk.internal.opt jdk.zipfs jdk.compiler jdk.crypto.ec jdk.crypto.cryptoki jdk.crypto.mscapi jdk.dynalink jdk.internal.ed jdk.editpad jdk.hotspot.agent jdk.httpserver jdk.internal.le jdk.internal.vm.ci jdk.internal.vm.compiler jdk.internal.vm.compiler.management jdk.jartool jdk.javadoc jdk.jcmd jdk.management jdk.management.agent jdk.jconsole jdk.jdeps jdk.jdwp.agent jdk.jdi jdk.jfr jdk.jshell jdk.jsobject jdk.jstatd jdk.localedata jdk.management.jfr jdk.naming.dns jdk.naming.rmi jdk.net jdk.nio.mapmode jdk.random jdk.sctp jdk.security.auth jdk.security.jgss jdk.unsupported jdk.unsupported.desktop jdk.xml.dom" 

Environment Variables:
JAVA_HOME=C:\Program Files\Java\jdk-23
PATH=C:\Python314\Scripts\;C:\Python314\;C:\Program Files\Microsoft\jdk-17.0.17.10-hotspot\bin;C:\Program Files\Common Files\Oracle\Java\javapath;C:\Program Files (x86)\Common Files\Oracle\Java\java8path;C:\Program Files (x86)\Common Files\Oracle\Java\javapath;C:\windows\system32;C:\windows;C:\windows\System32\Wbem;C:\windows\System32\WindowsPowerShell\v1.0\;C:\windows\System32\OpenSSH\;C:\Program Files (x86)\NVIDIA Corporation\PhysX\Common;C:\Users\Administrator\AppData\Local\Microsoft\WindowsApps;C:\Program Files\HP\OMEN-Broadcast\Common;C:\WINDOWS\system32;C:\WINDOWS;C:\WINDOWS\System32\Wbem;C:\WINDOWS\System32\WindowsPowerShell\v1.0\;C:\WINDOWS\System32\OpenSSH\;C:\MinGW\bin;C:\Program Files\NVIDIA Corporation\NVIDIA app\NvDLISR;C:\ProgramData\chocolatey\bin;C:\Program Files\dotnet\;C:\Program Files\Docker\Docker\resources\bin;C:\Program Files\Git\cmd;C:\Program Files\Git\mingw64\bin;C:\Program Files\Git\usr\bin;C:\Program Files\GitHub CLI\;C:\Program Files\nodejs\;C:\Users\HP\anaconda3;C:\Users\HP\anaconda3\Library\mingw-w64\bin;C:\Users\HP\anaconda3\Library\usr\bin;C:\Users\HP\anaconda3\Library\bin;C:\Users\HP\anaconda3\Scripts;C:\Users\HP\AppData\Local\Microsoft\WindowsApps;C:\Users\HP\.bun\bin;C:\Users\HP\AppData\Local\Programs\mongosh\;C:\Users\HP\AppData\Local\Programs\Microsoft VS Code\bin;C:\Users\HP\AppData\Local\Microsoft\WinGet\Packages\LiveKit.LiveKitCLI_Microsoft.Winget.Source_8wekyb3d8bbwe;C:\Program Files\MySQL\MySQL Server 8.0\bin;C:\Users\HP\AppData\Roaming\npm;C:\Users\HP\AppData\Local\Programs\Antigravity\bin;C:\Users\HP\maven\apache-maven-3.9.6\bin;C:\Maven\apache-maven-3.9.6\bin;C:\Program Files\Java\jdk-23\bin;C:\Program Files (x86)\Nmap
USERNAME=HP
OS=Windows_NT
PROCESSOR_IDENTIFIER=Intel64 Family 6 Model 186 Stepping 2, GenuineIntel
TMP=C:\Users\HP\AppData\Local\Temp
TEMP=C:\Users\HP\AppData\Local\Temp




Periodic native trim disabled

---------------  S Y S T E M  ---------------

OS:
 Windows 11 , 64 bit Build 26100 (10.0.26100.8115)
OS uptime: 0 days 1:54 hours
Hyper-V role detected

CPU: total 16 (initial active 16) (8 cores per cpu, 2 threads per core) family 6 model 186 stepping 2 microcode 0x4128, cx8, cmov, fxsr, ht, mmx, 3dnowpref, sse, sse2, sse3, ssse3, sse4.1, sse4.2, popcnt, lzcnt, tsc, tscinvbit, avx, avx2, aes, erms, clmul, bmi1, bmi2, adx, sha, fma, vzeroupper, clflush, clflushopt, clwb, hv, serialize, rdtscp, rdpid, fsrm, f16c, cet_ibt, cet_ss
Processor Information for the first 16 processors :
  Max Mhz: 2400, Current Mhz: 2400, Mhz Limit: 2400

Memory: 4k page, system-wide physical 32461M (3436M free)
TotalPageFile size 34509M (AvailPageFile size 5M)
current process WorkingSet (physical memory assigned to process): 223M, peak: 225M
current process commit charge ("private bytes"): 344M, peak: 366M

vm_info: OpenJDK 64-Bit Server VM (21.0.10+7-LTS) for windows-amd64 JRE (21.0.10+7-LTS), built on 2026-01-20T00:00:00Z by "admin" with MS VC++ 17.12 (VS2022)

END.
